[0.063s] DEBUG:colcon:Command line arguments: ['/usr/bin/colcon', 'build']
[0.063s] DEBUG:colcon:Parsed command line arguments: Namespace(log_base=None, log_level=None, verb_name='build', build_base='build', install_base='install', merge_install=False, symlink_install=False, test_result_base=None, continue_on_error=False, executor='parallel', parallel_workers=12, event_handlers=None, ignore_user_meta=False, metas=['./colcon.meta'], base_paths=['.'], packages_ignore=None, packages_ignore_regex=None, paths=None, packages_up_to=None, packages_up_to_regex=None, packages_above=None, packages_above_and_dependencies=None, packages_above_depth=None, packages_select_by_dep=None, packages_skip_by_dep=None, packages_skip_up_to=None, packages_select_build_failed=False, packages_skip_build_finished=False, packages_select_test_failures=False, packages_skip_test_passed=False, packages_select=None, packages_skip=None, packages_select_regex=None, packages_skip_regex=None, packages_start=None, packages_end=None, allow_overriding=[], cmake_args=None, cmake_target=None, cmake_target_skip_unavailable=False, cmake_clean_cache=False, cmake_clean_first=False, cmake_force_configure=False, ament_cmake_args=None, catkin_cmake_args=None, catkin_skip_building_tests=False, verb_parser=<colcon_defaults.argument_parser.defaults.DefaultArgumentsDecorator object at 0x79e91b70ae90>, verb_extension=<colcon_core.verb.build.BuildVerb object at 0x79e91b878340>, main=<bound method BuildVerb.main of <colcon_core.verb.build.BuildVerb object at 0x79e91b878340>>)
[0.152s] Level 1:colcon.colcon_core.package_discovery:discover_packages(colcon_meta) check parameters
[0.152s] Level 1:colcon.colcon_core.package_discovery:discover_packages(recursive) check parameters
[0.152s] Level 1:colcon.colcon_core.package_discovery:discover_packages(ignore) check parameters
[0.152s] Level 1:colcon.colcon_core.package_discovery:discover_packages(path) check parameters
[0.152s] Level 1:colcon.colcon_core.package_discovery:discover_packages(colcon_meta) discover
[0.152s] Level 1:colcon.colcon_core.package_discovery:discover_packages(recursive) discover
[0.152s] INFO:colcon.colcon_core.package_discovery:Crawling recursively for packages in '/home/albusgive2/rlfw/rlfw_deploy'
[0.152s] Level 1:colcon.colcon_core.package_identification:_identify(.) by extensions ['ignore', 'ignore_ament_install']
[0.152s] Level 1:colcon.colcon_core.package_identification:_identify(.) by extension 'ignore'
[0.152s] Level 1:colcon.colcon_core.package_identification:_identify(.) by extension 'ignore_ament_install'
[0.152s] Level 1:colcon.colcon_core.package_identification:_identify(.) by extensions ['colcon_pkg']
[0.152s] Level 1:colcon.colcon_core.package_identification:_identify(.) by extension 'colcon_pkg'
[0.152s] Level 1:colcon.colcon_core.package_identification:_identify(.) by extensions ['colcon_meta']
[0.152s] Level 1:colcon.colcon_core.package_identification:_identify(.) by extension 'colcon_meta'
[0.152s] Level 1:colcon.colcon_core.package_identification:_identify(.) by extensions ['ros']
[0.152s] Level 1:colcon.colcon_core.package_identification:_identify(.) by extension 'ros'
[0.159s] Level 1:colcon.colcon_core.package_identification:_identify(.) by extensions ['cmake', 'python']
[0.159s] Level 1:colcon.colcon_core.package_identification:_identify(.) by extension 'cmake'
[0.159s] Level 1:colcon.colcon_core.package_identification:_identify(.) by extension 'python'
[0.159s] Level 1:colcon.colcon_core.package_identification:_identify(.) by extensions ['python_setup_py']
[0.159s] Level 1:colcon.colcon_core.package_identification:_identify(.) by extension 'python_setup_py'
[0.159s] Level 1:colcon.colcon_core.package_identification:_identify(build) by extensions ['ignore', 'ignore_ament_install']
[0.159s] Level 1:colcon.colcon_core.package_identification:_identify(build) by extension 'ignore'
[0.159s] Level 1:colcon.colcon_core.package_identification:_identify(build) ignored
[0.159s] Level 1:colcon.colcon_core.package_identification:_identify(install) by extensions ['ignore', 'ignore_ament_install']
[0.160s] Level 1:colcon.colcon_core.package_identification:_identify(install) by extension 'ignore'
[0.160s] Level 1:colcon.colcon_core.package_identification:_identify(install) ignored
[0.160s] Level 1:colcon.colcon_core.package_identification:_identify(log) by extensions ['ignore', 'ignore_ament_install']
[0.160s] Level 1:colcon.colcon_core.package_identification:_identify(log) by extension 'ignore'
[0.160s] Level 1:colcon.colcon_core.package_identification:_identify(log) ignored
[0.160s] Level 1:colcon.colcon_core.package_identification:_identify(src) by extensions ['ignore', 'ignore_ament_install']
[0.160s] Level 1:colcon.colcon_core.package_identification:_identify(src) by extension 'ignore'
[0.160s] Level 1:colcon.colcon_core.package_identification:_identify(src) by extension 'ignore_ament_install'
[0.160s] Level 1:colcon.colcon_core.package_identification:_identify(src) by extensions ['colcon_pkg']
[0.160s] Level 1:colcon.colcon_core.package_identification:_identify(src) by extension 'colcon_pkg'
[0.160s] Level 1:colcon.colcon_core.package_identification:_identify(src) by extensions ['colcon_meta']
[0.160s] Level 1:colcon.colcon_core.package_identification:_identify(src) by extension 'colcon_meta'
[0.160s] Level 1:colcon.colcon_core.package_identification:_identify(src) by extensions ['ros']
[0.160s] Level 1:colcon.colcon_core.package_identification:_identify(src) by extension 'ros'
[0.160s] Level 1:colcon.colcon_core.package_identification:_identify(src) by extensions ['cmake', 'python']
[0.160s] Level 1:colcon.colcon_core.package_identification:_identify(src) by extension 'cmake'
[0.160s] Level 1:colcon.colcon_core.package_identification:_identify(src) by extension 'python'
[0.160s] Level 1:colcon.colcon_core.package_identification:_identify(src) by extensions ['python_setup_py']
[0.160s] Level 1:colcon.colcon_core.package_identification:_identify(src) by extension 'python_setup_py'
[0.160s] Level 1:colcon.colcon_core.package_identification:_identify(src/CommunicationCenter) by extensions ['ignore', 'ignore_ament_install']
[0.160s] Level 1:colcon.colcon_core.package_identification:_identify(src/CommunicationCenter) by extension 'ignore'
[0.160s] Level 1:colcon.colcon_core.package_identification:_identify(src/CommunicationCenter) by extension 'ignore_ament_install'
[0.160s] Level 1:colcon.colcon_core.package_identification:_identify(src/CommunicationCenter) by extensions ['colcon_pkg']
[0.160s] Level 1:colcon.colcon_core.package_identification:_identify(src/CommunicationCenter) by extension 'colcon_pkg'
[0.160s] Level 1:colcon.colcon_core.package_identification:_identify(src/CommunicationCenter) by extensions ['colcon_meta']
[0.160s] Level 1:colcon.colcon_core.package_identification:_identify(src/CommunicationCenter) by extension 'colcon_meta'
[0.160s] Level 1:colcon.colcon_core.package_identification:_identify(src/CommunicationCenter) by extensions ['ros']
[0.160s] Level 1:colcon.colcon_core.package_identification:_identify(src/CommunicationCenter) by extension 'ros'
[0.162s] DEBUG:colcon.colcon_core.package_identification:Package 'src/CommunicationCenter' with type 'ros.ament_cmake' and name 'CommunicationCenter'
[0.162s] Level 1:colcon.colcon_core.package_identification:_identify(src/mujoco_mapping) by extensions ['ignore', 'ignore_ament_install']
[0.162s] Level 1:colcon.colcon_core.package_identification:_identify(src/mujoco_mapping) by extension 'ignore'
[0.162s] Level 1:colcon.colcon_core.package_identification:_identify(src/mujoco_mapping) by extension 'ignore_ament_install'
[0.162s] Level 1:colcon.colcon_core.package_identification:_identify(src/mujoco_mapping) by extensions ['colcon_pkg']
[0.162s] Level 1:colcon.colcon_core.package_identification:_identify(src/mujoco_mapping) by extension 'colcon_pkg'
[0.162s] Level 1:colcon.colcon_core.package_identification:_identify(src/mujoco_mapping) by extensions ['colcon_meta']
[0.162s] Level 1:colcon.colcon_core.package_identification:_identify(src/mujoco_mapping) by extension 'colcon_meta'
[0.162s] Level 1:colcon.colcon_core.package_identification:_identify(src/mujoco_mapping) by extensions ['ros']
[0.162s] Level 1:colcon.colcon_core.package_identification:_identify(src/mujoco_mapping) by extension 'ros'
[0.163s] DEBUG:colcon.colcon_core.package_identification:Package 'src/mujoco_mapping' with type 'ros.ament_cmake' and name 'mujoco_mapping'
[0.163s] Level 1:colcon.colcon_core.package_identification:_identify(src/nz-imu) by extensions ['ignore', 'ignore_ament_install']
[0.163s] Level 1:colcon.colcon_core.package_identification:_identify(src/nz-imu) by extension 'ignore'
[0.163s] Level 1:colcon.colcon_core.package_identification:_identify(src/nz-imu) by extension 'ignore_ament_install'
[0.163s] Level 1:colcon.colcon_core.package_identification:_identify(src/nz-imu) by extensions ['colcon_pkg']
[0.163s] Level 1:colcon.colcon_core.package_identification:_identify(src/nz-imu) by extension 'colcon_pkg'
[0.163s] Level 1:colcon.colcon_core.package_identification:_identify(src/nz-imu) by extensions ['colcon_meta']
[0.163s] Level 1:colcon.colcon_core.package_identification:_identify(src/nz-imu) by extension 'colcon_meta'
[0.163s] Level 1:colcon.colcon_core.package_identification:_identify(src/nz-imu) by extensions ['ros']
[0.163s] Level 1:colcon.colcon_core.package_identification:_identify(src/nz-imu) by extension 'ros'
[0.163s] DEBUG:colcon.colcon_core.package_identification:Package 'src/nz-imu' with type 'ros.ament_cmake' and name 'nz-imu'
[0.163s] Level 1:colcon.colcon_core.package_discovery:discover_packages(recursive) using defaults
[0.163s] Level 1:colcon.colcon_core.package_discovery:discover_packages(ignore) discover
[0.163s] Level 1:colcon.colcon_core.package_discovery:discover_packages(ignore) using defaults
[0.163s] Level 1:colcon.colcon_core.package_discovery:discover_packages(path) discover
[0.163s] Level 1:colcon.colcon_core.package_discovery:discover_packages(path) using defaults
[0.178s] Level 1:colcon.colcon_core.package_discovery:discover_packages(prefix_path) check parameters
[0.178s] Level 1:colcon.colcon_core.package_discovery:discover_packages(prefix_path) discover
[0.178s] WARNING:colcon.colcon_ros.prefix_path.ament:The path '/home/albusgive2/rlfw/rlfw_deploy/install/nz-imu' in the environment variable AMENT_PREFIX_PATH doesn't exist
[0.178s] WARNING:colcon.colcon_ros.prefix_path.ament:The path '/home/albusgive2/rlfw/rlfw_deploy/install/mujoco_mapping' in the environment variable AMENT_PREFIX_PATH doesn't exist
[0.178s] WARNING:colcon.colcon_ros.prefix_path.ament:The path '/home/albusgive2/rlfw/rlfw_deploy/install/CommunicationCenter' in the environment variable AMENT_PREFIX_PATH doesn't exist
[0.179s] WARNING:colcon.colcon_ros.prefix_path.catkin:The path '/home/albusgive2/rlfw/rlfw_deploy/install/nz-imu' in the environment variable CMAKE_PREFIX_PATH doesn't exist
[0.179s] WARNING:colcon.colcon_ros.prefix_path.catkin:The path '/home/albusgive2/rlfw/rlfw_deploy/install/mujoco_mapping' in the environment variable CMAKE_PREFIX_PATH doesn't exist
[0.179s] WARNING:colcon.colcon_ros.prefix_path.catkin:The path '/home/albusgive2/rlfw/rlfw_deploy/install/CommunicationCenter' in the environment variable CMAKE_PREFIX_PATH doesn't exist
[0.179s] DEBUG:colcon.colcon_installed_package_information.package_discovery:Found 0 installed packages in /home/albusgive2/rlfw/rlfw_deploy/install
[0.179s] DEBUG:colcon.colcon_installed_package_information.package_discovery:Found 1 installed packages in /home/albusgive2/rlfw/rlfw_interface/install
[0.180s] DEBUG:colcon.colcon_installed_package_information.package_discovery:Found 271 installed packages in /opt/ros/humble
[0.181s] Level 1:colcon.colcon_core.package_discovery:discover_packages(prefix_path) using defaults
[0.209s] Level 5:colcon.colcon_core.verb:set package 'CommunicationCenter' build argument 'cmake_args' from command line to 'None'
[0.209s] Level 5:colcon.colcon_core.verb:set package 'CommunicationCenter' build argument 'cmake_target' from command line to 'None'
[0.209s] Level 5:colcon.colcon_core.verb:set package 'CommunicationCenter' build argument 'cmake_target_skip_unavailable' from command line to 'False'
[0.209s] Level 5:colcon.colcon_core.verb:set package 'CommunicationCenter' build argument 'cmake_clean_cache' from command line to 'False'
[0.209s] Level 5:colcon.colcon_core.verb:set package 'CommunicationCenter' build argument 'cmake_clean_first' from command line to 'False'
[0.209s] Level 5:colcon.colcon_core.verb:set package 'CommunicationCenter' build argument 'cmake_force_configure' from command line to 'False'
[0.209s] Level 5:colcon.colcon_core.verb:set package 'CommunicationCenter' build argument 'ament_cmake_args' from command line to 'None'
[0.209s] Level 5:colcon.colcon_core.verb:set package 'CommunicationCenter' build argument 'catkin_cmake_args' from command line to 'None'
[0.209s] Level 5:colcon.colcon_core.verb:set package 'CommunicationCenter' build argument 'catkin_skip_building_tests' from command line to 'False'
[0.210s] DEBUG:colcon.colcon_core.verb:Building package 'CommunicationCenter' with the following arguments: {'ament_cmake_args': None, 'build_base': '/home/albusgive2/rlfw/rlfw_deploy/build/CommunicationCenter', 'catkin_cmake_args': None, 'catkin_skip_building_tests': False, 'cmake_args': None, 'cmake_clean_cache': False, 'cmake_clean_first': False, 'cmake_force_configure': False, 'cmake_target': None, 'cmake_target_skip_unavailable': False, 'install_base': '/home/albusgive2/rlfw/rlfw_deploy/install/CommunicationCenter', 'merge_install': False, 'path': '/home/albusgive2/rlfw/rlfw_deploy/src/CommunicationCenter', 'symlink_install': False, 'test_result_base': None}
[0.210s] Level 5:colcon.colcon_core.verb:set package 'mujoco_mapping' build argument 'cmake_args' from command line to 'None'
[0.210s] Level 5:colcon.colcon_core.verb:set package 'mujoco_mapping' build argument 'cmake_target' from command line to 'None'
[0.210s] Level 5:colcon.colcon_core.verb:set package 'mujoco_mapping' build argument 'cmake_target_skip_unavailable' from command line to 'False'
[0.210s] Level 5:colcon.colcon_core.verb:set package 'mujoco_mapping' build argument 'cmake_clean_cache' from command line to 'False'
[0.210s] Level 5:colcon.colcon_core.verb:set package 'mujoco_mapping' build argument 'cmake_clean_first' from command line to 'False'
[0.210s] Level 5:colcon.colcon_core.verb:set package 'mujoco_mapping' build argument 'cmake_force_configure' from command line to 'False'
[0.210s] Level 5:colcon.colcon_core.verb:set package 'mujoco_mapping' build argument 'ament_cmake_args' from command line to 'None'
[0.210s] Level 5:colcon.colcon_core.verb:set package 'mujoco_mapping' build argument 'catkin_cmake_args' from command line to 'None'
[0.210s] Level 5:colcon.colcon_core.verb:set package 'mujoco_mapping' build argument 'catkin_skip_building_tests' from command line to 'False'
[0.210s] DEBUG:colcon.colcon_core.verb:Building package 'mujoco_mapping' with the following arguments: {'ament_cmake_args': None, 'build_base': '/home/albusgive2/rlfw/rlfw_deploy/build/mujoco_mapping', 'catkin_cmake_args': None, 'catkin_skip_building_tests': False, 'cmake_args': None, 'cmake_clean_cache': False, 'cmake_clean_first': False, 'cmake_force_configure': False, 'cmake_target': None, 'cmake_target_skip_unavailable': False, 'install_base': '/home/albusgive2/rlfw/rlfw_deploy/install/mujoco_mapping', 'merge_install': False, 'path': '/home/albusgive2/rlfw/rlfw_deploy/src/mujoco_mapping', 'symlink_install': False, 'test_result_base': None}
[0.210s] Level 5:colcon.colcon_core.verb:set package 'nz-imu' build argument 'cmake_args' from command line to 'None'
[0.210s] Level 5:colcon.colcon_core.verb:set package 'nz-imu' build argument 'cmake_target' from command line to 'None'
[0.210s] Level 5:colcon.colcon_core.verb:set package 'nz-imu' build argument 'cmake_target_skip_unavailable' from command line to 'False'
[0.210s] Level 5:colcon.colcon_core.verb:set package 'nz-imu' build argument 'cmake_clean_cache' from command line to 'False'
[0.210s] Level 5:colcon.colcon_core.verb:set package 'nz-imu' build argument 'cmake_clean_first' from command line to 'False'
[0.210s] Level 5:colcon.colcon_core.verb:set package 'nz-imu' build argument 'cmake_force_configure' from command line to 'False'
[0.210s] Level 5:colcon.colcon_core.verb:set package 'nz-imu' build argument 'ament_cmake_args' from command line to 'None'
[0.210s] Level 5:colcon.colcon_core.verb:set package 'nz-imu' build argument 'catkin_cmake_args' from command line to 'None'
[0.210s] Level 5:colcon.colcon_core.verb:set package 'nz-imu' build argument 'catkin_skip_building_tests' from command line to 'False'
[0.210s] DEBUG:colcon.colcon_core.verb:Building package 'nz-imu' with the following arguments: {'ament_cmake_args': None, 'build_base': '/home/albusgive2/rlfw/rlfw_deploy/build/nz-imu', 'catkin_cmake_args': None, 'catkin_skip_building_tests': False, 'cmake_args': None, 'cmake_clean_cache': False, 'cmake_clean_first': False, 'cmake_force_configure': False, 'cmake_target': None, 'cmake_target_skip_unavailable': False, 'install_base': '/home/albusgive2/rlfw/rlfw_deploy/install/nz-imu', 'merge_install': False, 'path': '/home/albusgive2/rlfw/rlfw_deploy/src/nz-imu', 'symlink_install': False, 'test_result_base': None}
[0.210s] INFO:colcon.colcon_core.executor:Executing jobs using 'parallel' executor
[0.211s] DEBUG:colcon.colcon_parallel_executor.executor.parallel:run_until_complete
[0.211s] INFO:colcon.colcon_ros.task.ament_cmake.build:Building ROS package in '/home/albusgive2/rlfw/rlfw_deploy/src/CommunicationCenter' with build type 'ament_cmake'
[0.211s] INFO:colcon.colcon_cmake.task.cmake.build:Building CMake package in '/home/albusgive2/rlfw/rlfw_deploy/src/CommunicationCenter'
[0.212s] INFO:colcon.colcon_core.plugin_system:Skipping extension 'colcon_core.shell.bat': Not used on non-Windows systems
[0.212s] INFO:colcon.colcon_core.shell:Skip shell extension 'powershell' for command environment: Not usable outside of PowerShell
[0.212s] DEBUG:colcon.colcon_core.shell:Skip shell extension 'dsv' for command environment
[0.214s] INFO:colcon.colcon_ros.task.ament_cmake.build:Building ROS package in '/home/albusgive2/rlfw/rlfw_deploy/src/mujoco_mapping' with build type 'ament_cmake'
[0.214s] INFO:colcon.colcon_cmake.task.cmake.build:Building CMake package in '/home/albusgive2/rlfw/rlfw_deploy/src/mujoco_mapping'
[0.215s] INFO:colcon.colcon_core.shell:Skip shell extension 'powershell' for command environment: Not usable outside of PowerShell
[0.215s] DEBUG:colcon.colcon_core.shell:Skip shell extension 'dsv' for command environment
[0.216s] INFO:colcon.colcon_ros.task.ament_cmake.build:Building ROS package in '/home/albusgive2/rlfw/rlfw_deploy/src/nz-imu' with build type 'ament_cmake'
[0.216s] INFO:colcon.colcon_cmake.task.cmake.build:Building CMake package in '/home/albusgive2/rlfw/rlfw_deploy/src/nz-imu'
[0.217s] INFO:colcon.colcon_core.shell:Skip shell extension 'powershell' for command environment: Not usable outside of PowerShell
[0.217s] DEBUG:colcon.colcon_core.shell:Skip shell extension 'dsv' for command environment
[0.221s] DEBUG:colcon.colcon_core.event_handler.log_command:Invoking command in '/home/albusgive2/rlfw/rlfw_deploy/build/CommunicationCenter': CMAKE_PREFIX_PATH=${CMAKE_PREFIX_PATH}:/opt/ros/humble /usr/bin/cmake /home/albusgive2/rlfw/rlfw_deploy/src/CommunicationCenter -DCMAKE_INSTALL_PREFIX=/home/albusgive2/rlfw/rlfw_deploy/install/CommunicationCenter
[0.223s] DEBUG:colcon.colcon_core.event_handler.log_command:Invoking command in '/home/albusgive2/rlfw/rlfw_deploy/build/mujoco_mapping': CMAKE_PREFIX_PATH=${CMAKE_PREFIX_PATH}:/opt/ros/humble /usr/bin/cmake /home/albusgive2/rlfw/rlfw_deploy/src/mujoco_mapping -DCMAKE_INSTALL_PREFIX=/home/albusgive2/rlfw/rlfw_deploy/install/mujoco_mapping
[0.226s] DEBUG:colcon.colcon_core.event_handler.log_command:Invoking command in '/home/albusgive2/rlfw/rlfw_deploy/build/nz-imu': CMAKE_PREFIX_PATH=${CMAKE_PREFIX_PATH}:/opt/ros/humble /usr/bin/cmake /home/albusgive2/rlfw/rlfw_deploy/src/nz-imu -DCMAKE_INSTALL_PREFIX=/home/albusgive2/rlfw/rlfw_deploy/install/nz-imu
[0.998s] DEBUG:colcon.colcon_core.event_handler.log_command:Invoked command in '/home/albusgive2/rlfw/rlfw_deploy/build/nz-imu' returned '0': CMAKE_PREFIX_PATH=${CMAKE_PREFIX_PATH}:/opt/ros/humble /usr/bin/cmake /home/albusgive2/rlfw/rlfw_deploy/src/nz-imu -DCMAKE_INSTALL_PREFIX=/home/albusgive2/rlfw/rlfw_deploy/install/nz-imu
[1.000s] DEBUG:colcon.colcon_core.event_handler.log_command:Invoking command in '/home/albusgive2/rlfw/rlfw_deploy/build/nz-imu': CMAKE_PREFIX_PATH=${CMAKE_PREFIX_PATH}:/opt/ros/humble /usr/bin/cmake --build /home/albusgive2/rlfw/rlfw_deploy/build/nz-imu -- -j12 -l12
[1.008s] DEBUG:colcon.colcon_core.event_handler.log_command:Invoked command in '/home/albusgive2/rlfw/rlfw_deploy/build/mujoco_mapping' returned '0': CMAKE_PREFIX_PATH=${CMAKE_PREFIX_PATH}:/opt/ros/humble /usr/bin/cmake /home/albusgive2/rlfw/rlfw_deploy/src/mujoco_mapping -DCMAKE_INSTALL_PREFIX=/home/albusgive2/rlfw/rlfw_deploy/install/mujoco_mapping
[1.009s] DEBUG:colcon.colcon_core.event_handler.log_command:Invoking command in '/home/albusgive2/rlfw/rlfw_deploy/build/mujoco_mapping': CMAKE_PREFIX_PATH=${CMAKE_PREFIX_PATH}:/opt/ros/humble /usr/bin/cmake --build /home/albusgive2/rlfw/rlfw_deploy/build/mujoco_mapping -- -j12 -l12
[1.229s] DEBUG:colcon.colcon_core.event_handler.log_command:Invoked command in '/home/albusgive2/rlfw/rlfw_deploy/build/CommunicationCenter' returned '0': CMAKE_PREFIX_PATH=${CMAKE_PREFIX_PATH}:/opt/ros/humble /usr/bin/cmake /home/albusgive2/rlfw/rlfw_deploy/src/CommunicationCenter -DCMAKE_INSTALL_PREFIX=/home/albusgive2/rlfw/rlfw_deploy/install/CommunicationCenter
[1.230s] DEBUG:colcon.colcon_core.event_handler.log_command:Invoking command in '/home/albusgive2/rlfw/rlfw_deploy/build/CommunicationCenter': CMAKE_PREFIX_PATH=${CMAKE_PREFIX_PATH}:/opt/ros/humble /usr/bin/cmake --build /home/albusgive2/rlfw/rlfw_deploy/build/CommunicationCenter -- -j12 -l12
[4.482s] DEBUG:colcon.colcon_core.event_handler.log_command:Invoked command in '/home/albusgive2/rlfw/rlfw_deploy/build/nz-imu' returned '0': CMAKE_PREFIX_PATH=${CMAKE_PREFIX_PATH}:/opt/ros/humble /usr/bin/cmake --build /home/albusgive2/rlfw/rlfw_deploy/build/nz-imu -- -j12 -l12
[4.488s] DEBUG:colcon.colcon_core.event_handler.log_command:Invoking command in '/home/albusgive2/rlfw/rlfw_deploy/build/nz-imu': CMAKE_PREFIX_PATH=${CMAKE_PREFIX_PATH}:/opt/ros/humble /usr/bin/cmake --install /home/albusgive2/rlfw/rlfw_deploy/build/nz-imu
[4.495s] Level 1:colcon.colcon_core.environment:create_environment_scripts_only(nz-imu)
[4.496s] DEBUG:colcon.colcon_core.event_handler.log_command:Invoked command in '/home/albusgive2/rlfw/rlfw_deploy/build/nz-imu' returned '0': CMAKE_PREFIX_PATH=${CMAKE_PREFIX_PATH}:/opt/ros/humble /usr/bin/cmake --install /home/albusgive2/rlfw/rlfw_deploy/build/nz-imu
[4.497s] Level 1:colcon.colcon_core.environment:checking '/home/albusgive2/rlfw/rlfw_deploy/install/nz-imu' for CMake module files
[4.498s] Level 1:colcon.colcon_core.environment:checking '/home/albusgive2/rlfw/rlfw_deploy/install/nz-imu' for CMake config files
[4.498s] Level 1:colcon.colcon_core.shell:create_environment_hook('nz-imu', 'cmake_prefix_path')
[4.498s] INFO:colcon.colcon_core.shell:Creating environment hook '/home/albusgive2/rlfw/rlfw_deploy/install/nz-imu/share/nz-imu/hook/cmake_prefix_path.ps1'
[4.499s] INFO:colcon.colcon_core.shell:Creating environment descriptor '/home/albusgive2/rlfw/rlfw_deploy/install/nz-imu/share/nz-imu/hook/cmake_prefix_path.dsv'
[4.499s] INFO:colcon.colcon_core.shell:Creating environment hook '/home/albusgive2/rlfw/rlfw_deploy/install/nz-imu/share/nz-imu/hook/cmake_prefix_path.sh'
[4.500s] Level 1:colcon.colcon_core.environment:checking '/home/albusgive2/rlfw/rlfw_deploy/install/nz-imu/lib'
[4.500s] Level 1:colcon.colcon_core.environment:checking '/home/albusgive2/rlfw/rlfw_deploy/install/nz-imu/bin'
[4.500s] Level 1:colcon.colcon_core.environment:checking '/home/albusgive2/rlfw/rlfw_deploy/install/nz-imu/lib/pkgconfig/nz-imu.pc'
[4.500s] Level 1:colcon.colcon_core.environment:checking '/home/albusgive2/rlfw/rlfw_deploy/install/nz-imu/lib/python3.10/site-packages'
[4.500s] Level 1:colcon.colcon_core.environment:checking '/home/albusgive2/rlfw/rlfw_deploy/install/nz-imu/bin'
[4.501s] INFO:colcon.colcon_core.shell:Creating package script '/home/albusgive2/rlfw/rlfw_deploy/install/nz-imu/share/nz-imu/package.ps1'
[4.501s] INFO:colcon.colcon_core.shell:Creating package descriptor '/home/albusgive2/rlfw/rlfw_deploy/install/nz-imu/share/nz-imu/package.dsv'
[4.502s] INFO:colcon.colcon_core.shell:Creating package script '/home/albusgive2/rlfw/rlfw_deploy/install/nz-imu/share/nz-imu/package.sh'
[4.502s] INFO:colcon.colcon_core.shell:Creating package script '/home/albusgive2/rlfw/rlfw_deploy/install/nz-imu/share/nz-imu/package.bash'
[4.503s] INFO:colcon.colcon_core.shell:Creating package script '/home/albusgive2/rlfw/rlfw_deploy/install/nz-imu/share/nz-imu/package.zsh'
[4.504s] Level 1:colcon.colcon_core.environment:create_file_with_runtime_dependencies(/home/albusgive2/rlfw/rlfw_deploy/install/nz-imu/share/colcon-core/packages/nz-imu)
[4.504s] Level 1:colcon.colcon_core.environment:create_environment_scripts_only(nz-imu)
[4.504s] Level 1:colcon.colcon_core.environment:checking '/home/albusgive2/rlfw/rlfw_deploy/install/nz-imu' for CMake module files
[4.505s] Level 1:colcon.colcon_core.environment:checking '/home/albusgive2/rlfw/rlfw_deploy/install/nz-imu' for CMake config files
[4.505s] Level 1:colcon.colcon_core.shell:create_environment_hook('nz-imu', 'cmake_prefix_path')
[4.505s] INFO:colcon.colcon_core.shell:Creating environment hook '/home/albusgive2/rlfw/rlfw_deploy/install/nz-imu/share/nz-imu/hook/cmake_prefix_path.ps1'
[4.505s] INFO:colcon.colcon_core.shell:Creating environment descriptor '/home/albusgive2/rlfw/rlfw_deploy/install/nz-imu/share/nz-imu/hook/cmake_prefix_path.dsv'
[4.506s] INFO:colcon.colcon_core.shell:Creating environment hook '/home/albusgive2/rlfw/rlfw_deploy/install/nz-imu/share/nz-imu/hook/cmake_prefix_path.sh'
[4.506s] Level 1:colcon.colcon_core.environment:checking '/home/albusgive2/rlfw/rlfw_deploy/install/nz-imu/lib'
[4.506s] Level 1:colcon.colcon_core.environment:checking '/home/albusgive2/rlfw/rlfw_deploy/install/nz-imu/bin'
[4.506s] Level 1:colcon.colcon_core.environment:checking '/home/albusgive2/rlfw/rlfw_deploy/install/nz-imu/lib/pkgconfig/nz-imu.pc'
[4.506s] Level 1:colcon.colcon_core.environment:checking '/home/albusgive2/rlfw/rlfw_deploy/install/nz-imu/lib/python3.10/site-packages'
[4.506s] Level 1:colcon.colcon_core.environment:checking '/home/albusgive2/rlfw/rlfw_deploy/install/nz-imu/bin'
[4.507s] INFO:colcon.colcon_core.shell:Creating package script '/home/albusgive2/rlfw/rlfw_deploy/install/nz-imu/share/nz-imu/package.ps1'
[4.507s] INFO:colcon.colcon_core.shell:Creating package descriptor '/home/albusgive2/rlfw/rlfw_deploy/install/nz-imu/share/nz-imu/package.dsv'
[4.507s] INFO:colcon.colcon_core.shell:Creating package script '/home/albusgive2/rlfw/rlfw_deploy/install/nz-imu/share/nz-imu/package.sh'
[4.508s] INFO:colcon.colcon_core.shell:Creating package script '/home/albusgive2/rlfw/rlfw_deploy/install/nz-imu/share/nz-imu/package.bash'
[4.508s] INFO:colcon.colcon_core.shell:Creating package script '/home/albusgive2/rlfw/rlfw_deploy/install/nz-imu/share/nz-imu/package.zsh'
[4.508s] Level 1:colcon.colcon_core.environment:create_file_with_runtime_dependencies(/home/albusgive2/rlfw/rlfw_deploy/install/nz-imu/share/colcon-core/packages/nz-imu)
[7.555s] DEBUG:colcon.colcon_core.event_handler.log_command:Invoked command in '/home/albusgive2/rlfw/rlfw_deploy/build/mujoco_mapping' returned '0': CMAKE_PREFIX_PATH=${CMAKE_PREFIX_PATH}:/opt/ros/humble /usr/bin/cmake --build /home/albusgive2/rlfw/rlfw_deploy/build/mujoco_mapping -- -j12 -l12
[7.556s] DEBUG:colcon.colcon_core.event_handler.log_command:Invoking command in '/home/albusgive2/rlfw/rlfw_deploy/build/mujoco_mapping': CMAKE_PREFIX_PATH=${CMAKE_PREFIX_PATH}:/opt/ros/humble /usr/bin/cmake --install /home/albusgive2/rlfw/rlfw_deploy/build/mujoco_mapping
[7.563s] Level 1:colcon.colcon_core.environment:create_environment_scripts_only(mujoco_mapping)
[7.564s] Level 1:colcon.colcon_core.environment:checking '/home/albusgive2/rlfw/rlfw_deploy/install/mujoco_mapping' for CMake module files
[7.564s] DEBUG:colcon.colcon_core.event_handler.log_command:Invoked command in '/home/albusgive2/rlfw/rlfw_deploy/build/mujoco_mapping' returned '0': CMAKE_PREFIX_PATH=${CMAKE_PREFIX_PATH}:/opt/ros/humble /usr/bin/cmake --install /home/albusgive2/rlfw/rlfw_deploy/build/mujoco_mapping
[7.564s] Level 1:colcon.colcon_core.environment:checking '/home/albusgive2/rlfw/rlfw_deploy/install/mujoco_mapping' for CMake config files
[7.564s] Level 1:colcon.colcon_core.shell:create_environment_hook('mujoco_mapping', 'cmake_prefix_path')
[7.564s] INFO:colcon.colcon_core.shell:Creating environment hook '/home/albusgive2/rlfw/rlfw_deploy/install/mujoco_mapping/share/mujoco_mapping/hook/cmake_prefix_path.ps1'
[7.565s] INFO:colcon.colcon_core.shell:Creating environment descriptor '/home/albusgive2/rlfw/rlfw_deploy/install/mujoco_mapping/share/mujoco_mapping/hook/cmake_prefix_path.dsv'
[7.565s] INFO:colcon.colcon_core.shell:Creating environment hook '/home/albusgive2/rlfw/rlfw_deploy/install/mujoco_mapping/share/mujoco_mapping/hook/cmake_prefix_path.sh'
[7.565s] Level 1:colcon.colcon_core.environment:checking '/home/albusgive2/rlfw/rlfw_deploy/install/mujoco_mapping/lib'
[7.565s] Level 1:colcon.colcon_core.environment:checking '/home/albusgive2/rlfw/rlfw_deploy/install/mujoco_mapping/bin'
[7.565s] Level 1:colcon.colcon_core.environment:checking '/home/albusgive2/rlfw/rlfw_deploy/install/mujoco_mapping/lib/pkgconfig/mujoco_mapping.pc'
[7.565s] Level 1:colcon.colcon_core.environment:checking '/home/albusgive2/rlfw/rlfw_deploy/install/mujoco_mapping/lib/python3.10/site-packages'
[7.566s] Level 1:colcon.colcon_core.environment:checking '/home/albusgive2/rlfw/rlfw_deploy/install/mujoco_mapping/bin'
[7.566s] INFO:colcon.colcon_core.shell:Creating package script '/home/albusgive2/rlfw/rlfw_deploy/install/mujoco_mapping/share/mujoco_mapping/package.ps1'
[7.566s] INFO:colcon.colcon_core.shell:Creating package descriptor '/home/albusgive2/rlfw/rlfw_deploy/install/mujoco_mapping/share/mujoco_mapping/package.dsv'
[7.566s] INFO:colcon.colcon_core.shell:Creating package script '/home/albusgive2/rlfw/rlfw_deploy/install/mujoco_mapping/share/mujoco_mapping/package.sh'
[7.566s] INFO:colcon.colcon_core.shell:Creating package script '/home/albusgive2/rlfw/rlfw_deploy/install/mujoco_mapping/share/mujoco_mapping/package.bash'
[7.567s] INFO:colcon.colcon_core.shell:Creating package script '/home/albusgive2/rlfw/rlfw_deploy/install/mujoco_mapping/share/mujoco_mapping/package.zsh'
[7.567s] Level 1:colcon.colcon_core.environment:create_file_with_runtime_dependencies(/home/albusgive2/rlfw/rlfw_deploy/install/mujoco_mapping/share/colcon-core/packages/mujoco_mapping)
[7.567s] Level 1:colcon.colcon_core.environment:create_environment_scripts_only(mujoco_mapping)
[7.567s] Level 1:colcon.colcon_core.environment:checking '/home/albusgive2/rlfw/rlfw_deploy/install/mujoco_mapping' for CMake module files
[7.567s] Level 1:colcon.colcon_core.environment:checking '/home/albusgive2/rlfw/rlfw_deploy/install/mujoco_mapping' for CMake config files
[7.568s] Level 1:colcon.colcon_core.shell:create_environment_hook('mujoco_mapping', 'cmake_prefix_path')
[7.568s] INFO:colcon.colcon_core.shell:Creating environment hook '/home/albusgive2/rlfw/rlfw_deploy/install/mujoco_mapping/share/mujoco_mapping/hook/cmake_prefix_path.ps1'
[7.568s] INFO:colcon.colcon_core.shell:Creating environment descriptor '/home/albusgive2/rlfw/rlfw_deploy/install/mujoco_mapping/share/mujoco_mapping/hook/cmake_prefix_path.dsv'
[7.568s] INFO:colcon.colcon_core.shell:Creating environment hook '/home/albusgive2/rlfw/rlfw_deploy/install/mujoco_mapping/share/mujoco_mapping/hook/cmake_prefix_path.sh'
[7.568s] Level 1:colcon.colcon_core.environment:checking '/home/albusgive2/rlfw/rlfw_deploy/install/mujoco_mapping/lib'
[7.568s] Level 1:colcon.colcon_core.environment:checking '/home/albusgive2/rlfw/rlfw_deploy/install/mujoco_mapping/bin'
[7.568s] Level 1:colcon.colcon_core.environment:checking '/home/albusgive2/rlfw/rlfw_deploy/install/mujoco_mapping/lib/pkgconfig/mujoco_mapping.pc'
[7.569s] Level 1:colcon.colcon_core.environment:checking '/home/albusgive2/rlfw/rlfw_deploy/install/mujoco_mapping/lib/python3.10/site-packages'
[7.569s] Level 1:colcon.colcon_core.environment:checking '/home/albusgive2/rlfw/rlfw_deploy/install/mujoco_mapping/bin'
[7.569s] INFO:colcon.colcon_core.shell:Creating package script '/home/albusgive2/rlfw/rlfw_deploy/install/mujoco_mapping/share/mujoco_mapping/package.ps1'
[7.569s] INFO:colcon.colcon_core.shell:Creating package descriptor '/home/albusgive2/rlfw/rlfw_deploy/install/mujoco_mapping/share/mujoco_mapping/package.dsv'
[7.569s] INFO:colcon.colcon_core.shell:Creating package script '/home/albusgive2/rlfw/rlfw_deploy/install/mujoco_mapping/share/mujoco_mapping/package.sh'
[7.570s] INFO:colcon.colcon_core.shell:Creating package script '/home/albusgive2/rlfw/rlfw_deploy/install/mujoco_mapping/share/mujoco_mapping/package.bash'
[7.570s] INFO:colcon.colcon_core.shell:Creating package script '/home/albusgive2/rlfw/rlfw_deploy/install/mujoco_mapping/share/mujoco_mapping/package.zsh'
[7.570s] Level 1:colcon.colcon_core.environment:create_file_with_runtime_dependencies(/home/albusgive2/rlfw/rlfw_deploy/install/mujoco_mapping/share/colcon-core/packages/mujoco_mapping)
[14.930s] DEBUG:colcon.colcon_core.event_handler.log_command:Invoked command in '/home/albusgive2/rlfw/rlfw_deploy/build/CommunicationCenter' returned '0': CMAKE_PREFIX_PATH=${CMAKE_PREFIX_PATH}:/opt/ros/humble /usr/bin/cmake --build /home/albusgive2/rlfw/rlfw_deploy/build/CommunicationCenter -- -j12 -l12
[14.931s] DEBUG:colcon.colcon_core.event_handler.log_command:Invoking command in '/home/albusgive2/rlfw/rlfw_deploy/build/CommunicationCenter': CMAKE_PREFIX_PATH=${CMAKE_PREFIX_PATH}:/opt/ros/humble /usr/bin/cmake --install /home/albusgive2/rlfw/rlfw_deploy/build/CommunicationCenter
[14.944s] Level 1:colcon.colcon_core.environment:create_environment_scripts_only(CommunicationCenter)
[14.944s] Level 1:colcon.colcon_core.environment:checking '/home/albusgive2/rlfw/rlfw_deploy/install/CommunicationCenter' for CMake module files
[14.944s] DEBUG:colcon.colcon_core.event_handler.log_command:Invoked command in '/home/albusgive2/rlfw/rlfw_deploy/build/CommunicationCenter' returned '0': CMAKE_PREFIX_PATH=${CMAKE_PREFIX_PATH}:/opt/ros/humble /usr/bin/cmake --install /home/albusgive2/rlfw/rlfw_deploy/build/CommunicationCenter
[14.944s] Level 1:colcon.colcon_core.environment:checking '/home/albusgive2/rlfw/rlfw_deploy/install/CommunicationCenter' for CMake config files
[14.945s] Level 1:colcon.colcon_core.shell:create_environment_hook('CommunicationCenter', 'cmake_prefix_path')
[14.945s] INFO:colcon.colcon_core.shell:Creating environment hook '/home/albusgive2/rlfw/rlfw_deploy/install/CommunicationCenter/share/CommunicationCenter/hook/cmake_prefix_path.ps1'
[14.945s] INFO:colcon.colcon_core.shell:Creating environment descriptor '/home/albusgive2/rlfw/rlfw_deploy/install/CommunicationCenter/share/CommunicationCenter/hook/cmake_prefix_path.dsv'
[14.945s] INFO:colcon.colcon_core.shell:Creating environment hook '/home/albusgive2/rlfw/rlfw_deploy/install/CommunicationCenter/share/CommunicationCenter/hook/cmake_prefix_path.sh'
[14.945s] Level 1:colcon.colcon_core.environment:checking '/home/albusgive2/rlfw/rlfw_deploy/install/CommunicationCenter/lib'
[14.946s] Level 1:colcon.colcon_core.environment:checking '/home/albusgive2/rlfw/rlfw_deploy/install/CommunicationCenter/bin'
[14.946s] Level 1:colcon.colcon_core.environment:checking '/home/albusgive2/rlfw/rlfw_deploy/install/CommunicationCenter/lib/pkgconfig/CommunicationCenter.pc'
[14.946s] Level 1:colcon.colcon_core.environment:checking '/home/albusgive2/rlfw/rlfw_deploy/install/CommunicationCenter/lib/python3.10/site-packages'
[14.946s] Level 1:colcon.colcon_core.environment:checking '/home/albusgive2/rlfw/rlfw_deploy/install/CommunicationCenter/bin'
[14.946s] INFO:colcon.colcon_core.shell:Creating package script '/home/albusgive2/rlfw/rlfw_deploy/install/CommunicationCenter/share/CommunicationCenter/package.ps1'
[14.946s] INFO:colcon.colcon_core.shell:Creating package descriptor '/home/albusgive2/rlfw/rlfw_deploy/install/CommunicationCenter/share/CommunicationCenter/package.dsv'
[14.946s] INFO:colcon.colcon_core.shell:Creating package script '/home/albusgive2/rlfw/rlfw_deploy/install/CommunicationCenter/share/CommunicationCenter/package.sh'
[14.947s] INFO:colcon.colcon_core.shell:Creating package script '/home/albusgive2/rlfw/rlfw_deploy/install/CommunicationCenter/share/CommunicationCenter/package.bash'
[14.947s] INFO:colcon.colcon_core.shell:Creating package script '/home/albusgive2/rlfw/rlfw_deploy/install/CommunicationCenter/share/CommunicationCenter/package.zsh'
[14.947s] Level 1:colcon.colcon_core.environment:create_file_with_runtime_dependencies(/home/albusgive2/rlfw/rlfw_deploy/install/CommunicationCenter/share/colcon-core/packages/CommunicationCenter)
[14.947s] Level 1:colcon.colcon_core.environment:create_environment_scripts_only(CommunicationCenter)
[14.947s] Level 1:colcon.colcon_core.environment:checking '/home/albusgive2/rlfw/rlfw_deploy/install/CommunicationCenter' for CMake module files
[14.948s] Level 1:colcon.colcon_core.environment:checking '/home/albusgive2/rlfw/rlfw_deploy/install/CommunicationCenter' for CMake config files
[14.948s] Level 1:colcon.colcon_core.shell:create_environment_hook('CommunicationCenter', 'cmake_prefix_path')
[14.948s] INFO:colcon.colcon_core.shell:Creating environment hook '/home/albusgive2/rlfw/rlfw_deploy/install/CommunicationCenter/share/CommunicationCenter/hook/cmake_prefix_path.ps1'
[14.948s] INFO:colcon.colcon_core.shell:Creating environment descriptor '/home/albusgive2/rlfw/rlfw_deploy/install/CommunicationCenter/share/CommunicationCenter/hook/cmake_prefix_path.dsv'
[14.948s] INFO:colcon.colcon_core.shell:Creating environment hook '/home/albusgive2/rlfw/rlfw_deploy/install/CommunicationCenter/share/CommunicationCenter/hook/cmake_prefix_path.sh'
[14.949s] Level 1:colcon.colcon_core.environment:checking '/home/albusgive2/rlfw/rlfw_deploy/install/CommunicationCenter/lib'
[14.949s] Level 1:colcon.colcon_core.environment:checking '/home/albusgive2/rlfw/rlfw_deploy/install/CommunicationCenter/bin'
[14.949s] Level 1:colcon.colcon_core.environment:checking '/home/albusgive2/rlfw/rlfw_deploy/install/CommunicationCenter/lib/pkgconfig/CommunicationCenter.pc'
[14.949s] Level 1:colcon.colcon_core.environment:checking '/home/albusgive2/rlfw/rlfw_deploy/install/CommunicationCenter/lib/python3.10/site-packages'
[14.949s] Level 1:colcon.colcon_core.environment:checking '/home/albusgive2/rlfw/rlfw_deploy/install/CommunicationCenter/bin'
[14.949s] INFO:colcon.colcon_core.shell:Creating package script '/home/albusgive2/rlfw/rlfw_deploy/install/CommunicationCenter/share/CommunicationCenter/package.ps1'
[14.950s] INFO:colcon.colcon_core.shell:Creating package descriptor '/home/albusgive2/rlfw/rlfw_deploy/install/CommunicationCenter/share/CommunicationCenter/package.dsv'
[14.950s] INFO:colcon.colcon_core.shell:Creating package script '/home/albusgive2/rlfw/rlfw_deploy/install/CommunicationCenter/share/CommunicationCenter/package.sh'
[14.950s] INFO:colcon.colcon_core.shell:Creating package script '/home/albusgive2/rlfw/rlfw_deploy/install/CommunicationCenter/share/CommunicationCenter/package.bash'
[14.951s] INFO:colcon.colcon_core.shell:Creating package script '/home/albusgive2/rlfw/rlfw_deploy/install/CommunicationCenter/share/CommunicationCenter/package.zsh'
[14.951s] Level 1:colcon.colcon_core.environment:create_file_with_runtime_dependencies(/home/albusgive2/rlfw/rlfw_deploy/install/CommunicationCenter/share/colcon-core/packages/CommunicationCenter)
[14.951s] DEBUG:colcon.colcon_parallel_executor.executor.parallel:closing loop
[14.951s] DEBUG:colcon.colcon_parallel_executor.executor.parallel:loop closed
[14.951s] DEBUG:colcon.colcon_parallel_executor.executor.parallel:run_until_complete finished with '0'
[14.951s] DEBUG:colcon.colcon_core.event_reactor:joining thread
[14.957s] INFO:colcon.colcon_core.plugin_system:Skipping extension 'colcon_notification.desktop_notification.terminal_notifier': Not used on non-Darwin systems
[14.957s] INFO:colcon.colcon_core.plugin_system:Skipping extension 'colcon_notification.desktop_notification.win32': Not used on non-Windows systems
[14.957s] INFO:colcon.colcon_notification.desktop_notification:Sending desktop notification using 'notify2'
[14.966s] DEBUG:colcon.colcon_core.event_reactor:joined thread
[14.967s] INFO:colcon.colcon_core.shell:Creating prefix script '/home/albusgive2/rlfw/rlfw_deploy/install/local_setup.ps1'
[14.967s] INFO:colcon.colcon_core.shell:Creating prefix util module '/home/albusgive2/rlfw/rlfw_deploy/install/_local_setup_util_ps1.py'
[14.968s] INFO:colcon.colcon_core.shell:Creating prefix chain script '/home/albusgive2/rlfw/rlfw_deploy/install/setup.ps1'
[14.969s] INFO:colcon.colcon_core.shell:Creating prefix script '/home/albusgive2/rlfw/rlfw_deploy/install/local_setup.sh'
[14.969s] INFO:colcon.colcon_core.shell:Creating prefix util module '/home/albusgive2/rlfw/rlfw_deploy/install/_local_setup_util_sh.py'
[14.970s] INFO:colcon.colcon_core.shell:Creating prefix chain script '/home/albusgive2/rlfw/rlfw_deploy/install/setup.sh'
[14.971s] INFO:colcon.colcon_core.shell:Creating prefix script '/home/albusgive2/rlfw/rlfw_deploy/install/local_setup.bash'
[14.971s] INFO:colcon.colcon_core.shell:Creating prefix chain script '/home/albusgive2/rlfw/rlfw_deploy/install/setup.bash'
[14.971s] INFO:colcon.colcon_core.shell:Creating prefix script '/home/albusgive2/rlfw/rlfw_deploy/install/local_setup.zsh'
[14.972s] INFO:colcon.colcon_core.shell:Creating prefix chain script '/home/albusgive2/rlfw/rlfw_deploy/install/setup.zsh'
