[0.070s] DEBUG:colcon:Command line arguments: ['/usr/bin/colcon', 'build']
[0.070s] DEBUG:colcon:Parsed command line arguments: Namespace(log_base=None, log_level=None, verb_name='build', build_base='build', install_base='install', merge_install=False, symlink_install=False, test_result_base=None, continue_on_error=False, executor='parallel', parallel_workers=12, event_handlers=None, ignore_user_meta=False, metas=['./colcon.meta'], base_paths=['.'], packages_ignore=None, packages_ignore_regex=None, paths=None, packages_up_to=None, packages_up_to_regex=None, packages_above=None, packages_above_and_dependencies=None, packages_above_depth=None, packages_select_by_dep=None, packages_skip_by_dep=None, packages_skip_up_to=None, packages_select_build_failed=False, packages_skip_build_finished=False, packages_select_test_failures=False, packages_skip_test_passed=False, packages_select=None, packages_skip=None, packages_select_regex=None, packages_skip_regex=None, packages_start=None, packages_end=None, allow_overriding=[], cmake_args=None, cmake_target=None, cmake_target_skip_unavailable=False, cmake_clean_cache=False, cmake_clean_first=False, cmake_force_configure=False, ament_cmake_args=None, catkin_cmake_args=None, catkin_skip_building_tests=False, verb_parser=<colcon_defaults.argument_parser.defaults.DefaultArgumentsDecorator object at 0x7d2508606e60>, verb_extension=<colcon_core.verb.build.BuildVerb object at 0x7d2508774310>, main=<bound method BuildVerb.main of <colcon_core.verb.build.BuildVerb object at 0x7d2508774310>>)
[0.177s] Level 1:colcon.colcon_core.package_discovery:discover_packages(colcon_meta) check parameters
[0.177s] Level 1:colcon.colcon_core.package_discovery:discover_packages(recursive) check parameters
[0.177s] Level 1:colcon.colcon_core.package_discovery:discover_packages(ignore) check parameters
[0.177s] Level 1:colcon.colcon_core.package_discovery:discover_packages(path) check parameters
[0.177s] Level 1:colcon.colcon_core.package_discovery:discover_packages(colcon_meta) discover
[0.177s] Level 1:colcon.colcon_core.package_discovery:discover_packages(recursive) discover
[0.177s] INFO:colcon.colcon_core.package_discovery:Crawling recursively for packages in '/home/albusgive2/rlfw/rlfw_deploy'
[0.177s] Level 1:colcon.colcon_core.package_identification:_identify(.) by extensions ['ignore', 'ignore_ament_install']
[0.177s] Level 1:colcon.colcon_core.package_identification:_identify(.) by extension 'ignore'
[0.177s] Level 1:colcon.colcon_core.package_identification:_identify(.) by extension 'ignore_ament_install'
[0.177s] Level 1:colcon.colcon_core.package_identification:_identify(.) by extensions ['colcon_pkg']
[0.177s] Level 1:colcon.colcon_core.package_identification:_identify(.) by extension 'colcon_pkg'
[0.177s] Level 1:colcon.colcon_core.package_identification:_identify(.) by extensions ['colcon_meta']
[0.177s] Level 1:colcon.colcon_core.package_identification:_identify(.) by extension 'colcon_meta'
[0.177s] Level 1:colcon.colcon_core.package_identification:_identify(.) by extensions ['ros']
[0.177s] Level 1:colcon.colcon_core.package_identification:_identify(.) by extension 'ros'
[0.185s] Level 1:colcon.colcon_core.package_identification:_identify(.) by extensions ['cmake', 'python']
[0.185s] Level 1:colcon.colcon_core.package_identification:_identify(.) by extension 'cmake'
[0.185s] Level 1:colcon.colcon_core.package_identification:_identify(.) by extension 'python'
[0.185s] Level 1:colcon.colcon_core.package_identification:_identify(.) by extensions ['python_setup_py']
[0.185s] Level 1:colcon.colcon_core.package_identification:_identify(.) by extension 'python_setup_py'
[0.186s] Level 1:colcon.colcon_core.package_identification:_identify(build) by extensions ['ignore', 'ignore_ament_install']
[0.186s] Level 1:colcon.colcon_core.package_identification:_identify(build) by extension 'ignore'
[0.186s] Level 1:colcon.colcon_core.package_identification:_identify(build) ignored
[0.186s] Level 1:colcon.colcon_core.package_identification:_identify(install) by extensions ['ignore', 'ignore_ament_install']
[0.186s] Level 1:colcon.colcon_core.package_identification:_identify(install) by extension 'ignore'
[0.186s] Level 1:colcon.colcon_core.package_identification:_identify(install) ignored
[0.186s] Level 1:colcon.colcon_core.package_identification:_identify(log) by extensions ['ignore', 'ignore_ament_install']
[0.186s] Level 1:colcon.colcon_core.package_identification:_identify(log) by extension 'ignore'
[0.186s] Level 1:colcon.colcon_core.package_identification:_identify(log) ignored
[0.186s] Level 1:colcon.colcon_core.package_identification:_identify(src) by extensions ['ignore', 'ignore_ament_install']
[0.186s] Level 1:colcon.colcon_core.package_identification:_identify(src) by extension 'ignore'
[0.186s] Level 1:colcon.colcon_core.package_identification:_identify(src) by extension 'ignore_ament_install'
[0.186s] Level 1:colcon.colcon_core.package_identification:_identify(src) by extensions ['colcon_pkg']
[0.186s] Level 1:colcon.colcon_core.package_identification:_identify(src) by extension 'colcon_pkg'
[0.186s] Level 1:colcon.colcon_core.package_identification:_identify(src) by extensions ['colcon_meta']
[0.186s] Level 1:colcon.colcon_core.package_identification:_identify(src) by extension 'colcon_meta'
[0.186s] Level 1:colcon.colcon_core.package_identification:_identify(src) by extensions ['ros']
[0.186s] Level 1:colcon.colcon_core.package_identification:_identify(src) by extension 'ros'
[0.186s] Level 1:colcon.colcon_core.package_identification:_identify(src) by extensions ['cmake', 'python']
[0.186s] Level 1:colcon.colcon_core.package_identification:_identify(src) by extension 'cmake'
[0.186s] Level 1:colcon.colcon_core.package_identification:_identify(src) by extension 'python'
[0.186s] Level 1:colcon.colcon_core.package_identification:_identify(src) by extensions ['python_setup_py']
[0.186s] Level 1:colcon.colcon_core.package_identification:_identify(src) by extension 'python_setup_py'
[0.186s] Level 1:colcon.colcon_core.package_identification:_identify(src/CommunicationCenter) by extensions ['ignore', 'ignore_ament_install']
[0.186s] Level 1:colcon.colcon_core.package_identification:_identify(src/CommunicationCenter) by extension 'ignore'
[0.187s] Level 1:colcon.colcon_core.package_identification:_identify(src/CommunicationCenter) by extension 'ignore_ament_install'
[0.187s] Level 1:colcon.colcon_core.package_identification:_identify(src/CommunicationCenter) by extensions ['colcon_pkg']
[0.187s] Level 1:colcon.colcon_core.package_identification:_identify(src/CommunicationCenter) by extension 'colcon_pkg'
[0.187s] Level 1:colcon.colcon_core.package_identification:_identify(src/CommunicationCenter) by extensions ['colcon_meta']
[0.187s] Level 1:colcon.colcon_core.package_identification:_identify(src/CommunicationCenter) by extension 'colcon_meta'
[0.187s] Level 1:colcon.colcon_core.package_identification:_identify(src/CommunicationCenter) by extensions ['ros']
[0.187s] Level 1:colcon.colcon_core.package_identification:_identify(src/CommunicationCenter) by extension 'ros'
[0.188s] DEBUG:colcon.colcon_core.package_identification:Package 'src/CommunicationCenter' with type 'ros.ament_cmake' and name 'CommunicationCenter'
[0.189s] Level 1:colcon.colcon_core.package_identification:_identify(src/agent) by extensions ['ignore', 'ignore_ament_install']
[0.189s] Level 1:colcon.colcon_core.package_identification:_identify(src/agent) by extension 'ignore'
[0.189s] Level 1:colcon.colcon_core.package_identification:_identify(src/agent) by extension 'ignore_ament_install'
[0.189s] Level 1:colcon.colcon_core.package_identification:_identify(src/agent) by extensions ['colcon_pkg']
[0.189s] Level 1:colcon.colcon_core.package_identification:_identify(src/agent) by extension 'colcon_pkg'
[0.189s] Level 1:colcon.colcon_core.package_identification:_identify(src/agent) by extensions ['colcon_meta']
[0.189s] Level 1:colcon.colcon_core.package_identification:_identify(src/agent) by extension 'colcon_meta'
[0.189s] Level 1:colcon.colcon_core.package_identification:_identify(src/agent) by extensions ['ros']
[0.189s] Level 1:colcon.colcon_core.package_identification:_identify(src/agent) by extension 'ros'
[0.189s] DEBUG:colcon.colcon_core.package_identification:Package 'src/agent' with type 'ros.ament_cmake' and name 'agent'
[0.189s] Level 1:colcon.colcon_core.package_identification:_identify(src/mujoco_mapping) by extensions ['ignore', 'ignore_ament_install']
[0.189s] Level 1:colcon.colcon_core.package_identification:_identify(src/mujoco_mapping) by extension 'ignore'
[0.190s] Level 1:colcon.colcon_core.package_identification:_identify(src/mujoco_mapping) by extension 'ignore_ament_install'
[0.190s] Level 1:colcon.colcon_core.package_identification:_identify(src/mujoco_mapping) by extensions ['colcon_pkg']
[0.190s] Level 1:colcon.colcon_core.package_identification:_identify(src/mujoco_mapping) by extension 'colcon_pkg'
[0.190s] Level 1:colcon.colcon_core.package_identification:_identify(src/mujoco_mapping) by extensions ['colcon_meta']
[0.190s] Level 1:colcon.colcon_core.package_identification:_identify(src/mujoco_mapping) by extension 'colcon_meta'
[0.190s] Level 1:colcon.colcon_core.package_identification:_identify(src/mujoco_mapping) by extensions ['ros']
[0.190s] Level 1:colcon.colcon_core.package_identification:_identify(src/mujoco_mapping) by extension 'ros'
[0.190s] DEBUG:colcon.colcon_core.package_identification:Package 'src/mujoco_mapping' with type 'ros.ament_cmake' and name 'mujoco_mapping'
[0.190s] Level 1:colcon.colcon_core.package_identification:_identify(src/nz-imu) by extensions ['ignore', 'ignore_ament_install']
[0.190s] Level 1:colcon.colcon_core.package_identification:_identify(src/nz-imu) by extension 'ignore'
[0.190s] Level 1:colcon.colcon_core.package_identification:_identify(src/nz-imu) by extension 'ignore_ament_install'
[0.190s] Level 1:colcon.colcon_core.package_identification:_identify(src/nz-imu) by extensions ['colcon_pkg']
[0.190s] Level 1:colcon.colcon_core.package_identification:_identify(src/nz-imu) by extension 'colcon_pkg'
[0.190s] Level 1:colcon.colcon_core.package_identification:_identify(src/nz-imu) by extensions ['colcon_meta']
[0.190s] Level 1:colcon.colcon_core.package_identification:_identify(src/nz-imu) by extension 'colcon_meta'
[0.190s] Level 1:colcon.colcon_core.package_identification:_identify(src/nz-imu) by extensions ['ros']
[0.190s] Level 1:colcon.colcon_core.package_identification:_identify(src/nz-imu) by extension 'ros'
[0.190s] DEBUG:colcon.colcon_core.package_identification:Package 'src/nz-imu' with type 'ros.ament_cmake' and name 'nz-imu'
[0.191s] Level 1:colcon.colcon_core.package_discovery:discover_packages(recursive) using defaults
[0.191s] Level 1:colcon.colcon_core.package_discovery:discover_packages(ignore) discover
[0.191s] Level 1:colcon.colcon_core.package_discovery:discover_packages(ignore) using defaults
[0.191s] Level 1:colcon.colcon_core.package_discovery:discover_packages(path) discover
[0.191s] Level 1:colcon.colcon_core.package_discovery:discover_packages(path) using defaults
[0.205s] Level 1:colcon.colcon_core.package_discovery:discover_packages(prefix_path) check parameters
[0.205s] Level 1:colcon.colcon_core.package_discovery:discover_packages(prefix_path) discover
[0.206s] DEBUG:colcon.colcon_installed_package_information.package_discovery:Found 4 installed packages in /home/albusgive2/rlfw/rlfw_deploy/install
[0.207s] DEBUG:colcon.colcon_installed_package_information.package_discovery:Found 1 installed packages in /home/albusgive2/rlfw/rlfw_interface/install
[0.207s] DEBUG:colcon.colcon_installed_package_information.package_discovery:Found 271 installed packages in /opt/ros/humble
[0.209s] Level 1:colcon.colcon_core.package_discovery:discover_packages(prefix_path) using defaults
[0.237s] Level 5:colcon.colcon_core.verb:set package 'CommunicationCenter' build argument 'cmake_args' from command line to 'None'
[0.238s] Level 5:colcon.colcon_core.verb:set package 'CommunicationCenter' build argument 'cmake_target' from command line to 'None'
[0.238s] Level 5:colcon.colcon_core.verb:set package 'CommunicationCenter' build argument 'cmake_target_skip_unavailable' from command line to 'False'
[0.238s] Level 5:colcon.colcon_core.verb:set package 'CommunicationCenter' build argument 'cmake_clean_cache' from command line to 'False'
[0.238s] Level 5:colcon.colcon_core.verb:set package 'CommunicationCenter' build argument 'cmake_clean_first' from command line to 'False'
[0.238s] Level 5:colcon.colcon_core.verb:set package 'CommunicationCenter' build argument 'cmake_force_configure' from command line to 'False'
[0.238s] Level 5:colcon.colcon_core.verb:set package 'CommunicationCenter' build argument 'ament_cmake_args' from command line to 'None'
[0.238s] Level 5:colcon.colcon_core.verb:set package 'CommunicationCenter' build argument 'catkin_cmake_args' from command line to 'None'
[0.238s] Level 5:colcon.colcon_core.verb:set package 'CommunicationCenter' build argument 'catkin_skip_building_tests' from command line to 'False'
[0.238s] DEBUG:colcon.colcon_core.verb:Building package 'CommunicationCenter' with the following arguments: {'ament_cmake_args': None, 'build_base': '/home/albusgive2/rlfw/rlfw_deploy/build/CommunicationCenter', 'catkin_cmake_args': None, 'catkin_skip_building_tests': False, 'cmake_args': None, 'cmake_clean_cache': False, 'cmake_clean_first': False, 'cmake_force_configure': False, 'cmake_target': None, 'cmake_target_skip_unavailable': False, 'install_base': '/home/albusgive2/rlfw/rlfw_deploy/install/CommunicationCenter', 'merge_install': False, 'path': '/home/albusgive2/rlfw/rlfw_deploy/src/CommunicationCenter', 'symlink_install': False, 'test_result_base': None}
[0.238s] Level 5:colcon.colcon_core.verb:set package 'agent' build argument 'cmake_args' from command line to 'None'
[0.238s] Level 5:colcon.colcon_core.verb:set package 'agent' build argument 'cmake_target' from command line to 'None'
[0.238s] Level 5:colcon.colcon_core.verb:set package 'agent' build argument 'cmake_target_skip_unavailable' from command line to 'False'
[0.238s] Level 5:colcon.colcon_core.verb:set package 'agent' build argument 'cmake_clean_cache' from command line to 'False'
[0.238s] Level 5:colcon.colcon_core.verb:set package 'agent' build argument 'cmake_clean_first' from command line to 'False'
[0.238s] Level 5:colcon.colcon_core.verb:set package 'agent' build argument 'cmake_force_configure' from command line to 'False'
[0.238s] Level 5:colcon.colcon_core.verb:set package 'agent' build argument 'ament_cmake_args' from command line to 'None'
[0.238s] Level 5:colcon.colcon_core.verb:set package 'agent' build argument 'catkin_cmake_args' from command line to 'None'
[0.238s] Level 5:colcon.colcon_core.verb:set package 'agent' build argument 'catkin_skip_building_tests' from command line to 'False'
[0.238s] DEBUG:colcon.colcon_core.verb:Building package 'agent' with the following arguments: {'ament_cmake_args': None, 'build_base': '/home/albusgive2/rlfw/rlfw_deploy/build/agent', 'catkin_cmake_args': None, 'catkin_skip_building_tests': False, 'cmake_args': None, 'cmake_clean_cache': False, 'cmake_clean_first': False, 'cmake_force_configure': False, 'cmake_target': None, 'cmake_target_skip_unavailable': False, 'install_base': '/home/albusgive2/rlfw/rlfw_deploy/install/agent', 'merge_install': False, 'path': '/home/albusgive2/rlfw/rlfw_deploy/src/agent', 'symlink_install': False, 'test_result_base': None}
[0.238s] Level 5:colcon.colcon_core.verb:set package 'mujoco_mapping' build argument 'cmake_args' from command line to 'None'
[0.238s] Level 5:colcon.colcon_core.verb:set package 'mujoco_mapping' build argument 'cmake_target' from command line to 'None'
[0.238s] Level 5:colcon.colcon_core.verb:set package 'mujoco_mapping' build argument 'cmake_target_skip_unavailable' from command line to 'False'
[0.238s] Level 5:colcon.colcon_core.verb:set package 'mujoco_mapping' build argument 'cmake_clean_cache' from command line to 'False'
[0.238s] Level 5:colcon.colcon_core.verb:set package 'mujoco_mapping' build argument 'cmake_clean_first' from command line to 'False'
[0.238s] Level 5:colcon.colcon_core.verb:set package 'mujoco_mapping' build argument 'cmake_force_configure' from command line to 'False'
[0.238s] Level 5:colcon.colcon_core.verb:set package 'mujoco_mapping' build argument 'ament_cmake_args' from command line to 'None'
[0.238s] Level 5:colcon.colcon_core.verb:set package 'mujoco_mapping' build argument 'catkin_cmake_args' from command line to 'None'
[0.238s] Level 5:colcon.colcon_core.verb:set package 'mujoco_mapping' build argument 'catkin_skip_building_tests' from command line to 'False'
[0.238s] DEBUG:colcon.colcon_core.verb:Building package 'mujoco_mapping' with the following arguments: {'ament_cmake_args': None, 'build_base': '/home/albusgive2/rlfw/rlfw_deploy/build/mujoco_mapping', 'catkin_cmake_args': None, 'catkin_skip_building_tests': False, 'cmake_args': None, 'cmake_clean_cache': False, 'cmake_clean_first': False, 'cmake_force_configure': False, 'cmake_target': None, 'cmake_target_skip_unavailable': False, 'install_base': '/home/albusgive2/rlfw/rlfw_deploy/install/mujoco_mapping', 'merge_install': False, 'path': '/home/albusgive2/rlfw/rlfw_deploy/src/mujoco_mapping', 'symlink_install': False, 'test_result_base': None}
[0.239s] Level 5:colcon.colcon_core.verb:set package 'nz-imu' build argument 'cmake_args' from command line to 'None'
[0.239s] Level 5:colcon.colcon_core.verb:set package 'nz-imu' build argument 'cmake_target' from command line to 'None'
[0.239s] Level 5:colcon.colcon_core.verb:set package 'nz-imu' build argument 'cmake_target_skip_unavailable' from command line to 'False'
[0.239s] Level 5:colcon.colcon_core.verb:set package 'nz-imu' build argument 'cmake_clean_cache' from command line to 'False'
[0.239s] Level 5:colcon.colcon_core.verb:set package 'nz-imu' build argument 'cmake_clean_first' from command line to 'False'
[0.239s] Level 5:colcon.colcon_core.verb:set package 'nz-imu' build argument 'cmake_force_configure' from command line to 'False'
[0.239s] Level 5:colcon.colcon_core.verb:set package 'nz-imu' build argument 'ament_cmake_args' from command line to 'None'
[0.239s] Level 5:colcon.colcon_core.verb:set package 'nz-imu' build argument 'catkin_cmake_args' from command line to 'None'
[0.239s] Level 5:colcon.colcon_core.verb:set package 'nz-imu' build argument 'catkin_skip_building_tests' from command line to 'False'
[0.239s] DEBUG:colcon.colcon_core.verb:Building package 'nz-imu' with the following arguments: {'ament_cmake_args': None, 'build_base': '/home/albusgive2/rlfw/rlfw_deploy/build/nz-imu', 'catkin_cmake_args': None, 'catkin_skip_building_tests': False, 'cmake_args': None, 'cmake_clean_cache': False, 'cmake_clean_first': False, 'cmake_force_configure': False, 'cmake_target': None, 'cmake_target_skip_unavailable': False, 'install_base': '/home/albusgive2/rlfw/rlfw_deploy/install/nz-imu', 'merge_install': False, 'path': '/home/albusgive2/rlfw/rlfw_deploy/src/nz-imu', 'symlink_install': False, 'test_result_base': None}
[0.239s] INFO:colcon.colcon_core.executor:Executing jobs using 'parallel' executor
[0.240s] DEBUG:colcon.colcon_parallel_executor.executor.parallel:run_until_complete
[0.240s] INFO:colcon.colcon_ros.task.ament_cmake.build:Building ROS package in '/home/albusgive2/rlfw/rlfw_deploy/src/CommunicationCenter' with build type 'ament_cmake'
[0.240s] INFO:colcon.colcon_cmake.task.cmake.build:Building CMake package in '/home/albusgive2/rlfw/rlfw_deploy/src/CommunicationCenter'
[0.241s] INFO:colcon.colcon_core.plugin_system:Skipping extension 'colcon_core.shell.bat': Not used on non-Windows systems
[0.241s] INFO:colcon.colcon_core.shell:Skip shell extension 'powershell' for command environment: Not usable outside of PowerShell
[0.241s] DEBUG:colcon.colcon_core.shell:Skip shell extension 'dsv' for command environment
[0.243s] INFO:colcon.colcon_ros.task.ament_cmake.build:Building ROS package in '/home/albusgive2/rlfw/rlfw_deploy/src/agent' with build type 'ament_cmake'
[0.244s] INFO:colcon.colcon_cmake.task.cmake.build:Building CMake package in '/home/albusgive2/rlfw/rlfw_deploy/src/agent'
[0.244s] INFO:colcon.colcon_core.shell:Skip shell extension 'powershell' for command environment: Not usable outside of PowerShell
[0.244s] DEBUG:colcon.colcon_core.shell:Skip shell extension 'dsv' for command environment
[0.246s] INFO:colcon.colcon_ros.task.ament_cmake.build:Building ROS package in '/home/albusgive2/rlfw/rlfw_deploy/src/mujoco_mapping' with build type 'ament_cmake'
[0.246s] INFO:colcon.colcon_cmake.task.cmake.build:Building CMake package in '/home/albusgive2/rlfw/rlfw_deploy/src/mujoco_mapping'
[0.247s] INFO:colcon.colcon_core.shell:Skip shell extension 'powershell' for command environment: Not usable outside of PowerShell
[0.247s] DEBUG:colcon.colcon_core.shell:Skip shell extension 'dsv' for command environment
[0.250s] INFO:colcon.colcon_ros.task.ament_cmake.build:Building ROS package in '/home/albusgive2/rlfw/rlfw_deploy/src/nz-imu' with build type 'ament_cmake'
[0.250s] INFO:colcon.colcon_cmake.task.cmake.build:Building CMake package in '/home/albusgive2/rlfw/rlfw_deploy/src/nz-imu'
[0.250s] INFO:colcon.colcon_core.shell:Skip shell extension 'powershell' for command environment: Not usable outside of PowerShell
[0.250s] DEBUG:colcon.colcon_core.shell:Skip shell extension 'dsv' for command environment
[0.258s] DEBUG:colcon.colcon_core.event_handler.log_command:Invoking command in '/home/albusgive2/rlfw/rlfw_deploy/build/CommunicationCenter': CMAKE_PREFIX_PATH=${CMAKE_PREFIX_PATH}:/opt/ros/humble /usr/bin/cmake --build /home/albusgive2/rlfw/rlfw_deploy/build/CommunicationCenter -- -j12 -l12
[0.261s] DEBUG:colcon.colcon_core.event_handler.log_command:Invoking command in '/home/albusgive2/rlfw/rlfw_deploy/build/agent': CMAKE_PREFIX_PATH=${CMAKE_PREFIX_PATH}:/opt/ros/humble /usr/bin/cmake --build /home/albusgive2/rlfw/rlfw_deploy/build/agent -- -j12 -l12
[0.263s] DEBUG:colcon.colcon_core.event_handler.log_command:Invoking command in '/home/albusgive2/rlfw/rlfw_deploy/build/mujoco_mapping': CMAKE_PREFIX_PATH=${CMAKE_PREFIX_PATH}:/opt/ros/humble /usr/bin/cmake --build /home/albusgive2/rlfw/rlfw_deploy/build/mujoco_mapping -- -j12 -l12
[0.267s] DEBUG:colcon.colcon_core.event_handler.log_command:Invoking command in '/home/albusgive2/rlfw/rlfw_deploy/build/nz-imu': CMAKE_PREFIX_PATH=${CMAKE_PREFIX_PATH}:/opt/ros/humble /usr/bin/cmake --build /home/albusgive2/rlfw/rlfw_deploy/build/nz-imu -- -j12 -l12
[0.311s] DEBUG:colcon.colcon_core.event_handler.log_command:Invoked command in '/home/albusgive2/rlfw/rlfw_deploy/build/mujoco_mapping' returned '0': CMAKE_PREFIX_PATH=${CMAKE_PREFIX_PATH}:/opt/ros/humble /usr/bin/cmake --build /home/albusgive2/rlfw/rlfw_deploy/build/mujoco_mapping -- -j12 -l12
[0.319s] DEBUG:colcon.colcon_core.event_handler.log_command:Invoking command in '/home/albusgive2/rlfw/rlfw_deploy/build/mujoco_mapping': CMAKE_PREFIX_PATH=${CMAKE_PREFIX_PATH}:/opt/ros/humble /usr/bin/cmake --install /home/albusgive2/rlfw/rlfw_deploy/build/mujoco_mapping
[0.320s] DEBUG:colcon.colcon_core.event_handler.log_command:Invoked command in '/home/albusgive2/rlfw/rlfw_deploy/build/nz-imu' returned '0': CMAKE_PREFIX_PATH=${CMAKE_PREFIX_PATH}:/opt/ros/humble /usr/bin/cmake --build /home/albusgive2/rlfw/rlfw_deploy/build/nz-imu -- -j12 -l12
[0.322s] DEBUG:colcon.colcon_core.event_handler.log_command:Invoking command in '/home/albusgive2/rlfw/rlfw_deploy/build/nz-imu': CMAKE_PREFIX_PATH=${CMAKE_PREFIX_PATH}:/opt/ros/humble /usr/bin/cmake --install /home/albusgive2/rlfw/rlfw_deploy/build/nz-imu
[0.325s] Level 1:colcon.colcon_core.environment:create_environment_scripts_only(mujoco_mapping)
[0.326s] DEBUG:colcon.colcon_core.event_handler.log_command:Invoked command in '/home/albusgive2/rlfw/rlfw_deploy/build/mujoco_mapping' returned '0': CMAKE_PREFIX_PATH=${CMAKE_PREFIX_PATH}:/opt/ros/humble /usr/bin/cmake --install /home/albusgive2/rlfw/rlfw_deploy/build/mujoco_mapping
[0.329s] Level 1:colcon.colcon_core.environment:checking '/home/albusgive2/rlfw/rlfw_deploy/install/mujoco_mapping' for CMake module files
[0.329s] Level 1:colcon.colcon_core.environment:checking '/home/albusgive2/rlfw/rlfw_deploy/install/mujoco_mapping' for CMake config files
[0.329s] Level 1:colcon.colcon_core.shell:create_environment_hook('mujoco_mapping', 'cmake_prefix_path')
[0.330s] INFO:colcon.colcon_core.shell:Creating environment hook '/home/albusgive2/rlfw/rlfw_deploy/install/mujoco_mapping/share/mujoco_mapping/hook/cmake_prefix_path.ps1'
[0.330s] INFO:colcon.colcon_core.shell:Creating environment descriptor '/home/albusgive2/rlfw/rlfw_deploy/install/mujoco_mapping/share/mujoco_mapping/hook/cmake_prefix_path.dsv'
[0.331s] INFO:colcon.colcon_core.shell:Creating environment hook '/home/albusgive2/rlfw/rlfw_deploy/install/mujoco_mapping/share/mujoco_mapping/hook/cmake_prefix_path.sh'
[0.332s] Level 1:colcon.colcon_core.environment:checking '/home/albusgive2/rlfw/rlfw_deploy/install/mujoco_mapping/lib'
[0.332s] Level 1:colcon.colcon_core.environment:checking '/home/albusgive2/rlfw/rlfw_deploy/install/mujoco_mapping/bin'
[0.332s] Level 1:colcon.colcon_core.environment:checking '/home/albusgive2/rlfw/rlfw_deploy/install/mujoco_mapping/lib/pkgconfig/mujoco_mapping.pc'
[0.332s] Level 1:colcon.colcon_core.environment:checking '/home/albusgive2/rlfw/rlfw_deploy/install/mujoco_mapping/lib/python3.10/site-packages'
[0.332s] Level 1:colcon.colcon_core.environment:checking '/home/albusgive2/rlfw/rlfw_deploy/install/mujoco_mapping/bin'
[0.333s] INFO:colcon.colcon_core.shell:Creating package script '/home/albusgive2/rlfw/rlfw_deploy/install/mujoco_mapping/share/mujoco_mapping/package.ps1'
[0.334s] INFO:colcon.colcon_core.shell:Creating package descriptor '/home/albusgive2/rlfw/rlfw_deploy/install/mujoco_mapping/share/mujoco_mapping/package.dsv'
[0.334s] INFO:colcon.colcon_core.shell:Creating package script '/home/albusgive2/rlfw/rlfw_deploy/install/mujoco_mapping/share/mujoco_mapping/package.sh'
[0.336s] INFO:colcon.colcon_core.shell:Creating package script '/home/albusgive2/rlfw/rlfw_deploy/install/mujoco_mapping/share/mujoco_mapping/package.bash'
[0.336s] INFO:colcon.colcon_core.shell:Creating package script '/home/albusgive2/rlfw/rlfw_deploy/install/mujoco_mapping/share/mujoco_mapping/package.zsh'
[0.337s] Level 1:colcon.colcon_core.environment:create_file_with_runtime_dependencies(/home/albusgive2/rlfw/rlfw_deploy/install/mujoco_mapping/share/colcon-core/packages/mujoco_mapping)
[0.337s] Level 1:colcon.colcon_core.environment:create_environment_scripts_only(mujoco_mapping)
[0.338s] Level 1:colcon.colcon_core.environment:checking '/home/albusgive2/rlfw/rlfw_deploy/install/mujoco_mapping' for CMake module files
[0.338s] Level 1:colcon.colcon_core.environment:checking '/home/albusgive2/rlfw/rlfw_deploy/install/mujoco_mapping' for CMake config files
[0.338s] Level 1:colcon.colcon_core.shell:create_environment_hook('mujoco_mapping', 'cmake_prefix_path')
[0.339s] INFO:colcon.colcon_core.shell:Creating environment hook '/home/albusgive2/rlfw/rlfw_deploy/install/mujoco_mapping/share/mujoco_mapping/hook/cmake_prefix_path.ps1'
[0.339s] INFO:colcon.colcon_core.shell:Creating environment descriptor '/home/albusgive2/rlfw/rlfw_deploy/install/mujoco_mapping/share/mujoco_mapping/hook/cmake_prefix_path.dsv'
[0.339s] INFO:colcon.colcon_core.shell:Creating environment hook '/home/albusgive2/rlfw/rlfw_deploy/install/mujoco_mapping/share/mujoco_mapping/hook/cmake_prefix_path.sh'
[0.340s] Level 1:colcon.colcon_core.environment:checking '/home/albusgive2/rlfw/rlfw_deploy/install/mujoco_mapping/lib'
[0.340s] Level 1:colcon.colcon_core.environment:checking '/home/albusgive2/rlfw/rlfw_deploy/install/mujoco_mapping/bin'
[0.340s] Level 1:colcon.colcon_core.environment:checking '/home/albusgive2/rlfw/rlfw_deploy/install/mujoco_mapping/lib/pkgconfig/mujoco_mapping.pc'
[0.340s] Level 1:colcon.colcon_core.environment:checking '/home/albusgive2/rlfw/rlfw_deploy/install/mujoco_mapping/lib/python3.10/site-packages'
[0.341s] Level 1:colcon.colcon_core.environment:checking '/home/albusgive2/rlfw/rlfw_deploy/install/mujoco_mapping/bin'
[0.341s] INFO:colcon.colcon_core.shell:Creating package script '/home/albusgive2/rlfw/rlfw_deploy/install/mujoco_mapping/share/mujoco_mapping/package.ps1'
[0.341s] INFO:colcon.colcon_core.shell:Creating package descriptor '/home/albusgive2/rlfw/rlfw_deploy/install/mujoco_mapping/share/mujoco_mapping/package.dsv'
[0.342s] INFO:colcon.colcon_core.shell:Creating package script '/home/albusgive2/rlfw/rlfw_deploy/install/mujoco_mapping/share/mujoco_mapping/package.sh'
[0.342s] INFO:colcon.colcon_core.shell:Creating package script '/home/albusgive2/rlfw/rlfw_deploy/install/mujoco_mapping/share/mujoco_mapping/package.bash'
[0.342s] INFO:colcon.colcon_core.shell:Creating package script '/home/albusgive2/rlfw/rlfw_deploy/install/mujoco_mapping/share/mujoco_mapping/package.zsh'
[0.342s] Level 1:colcon.colcon_core.environment:create_file_with_runtime_dependencies(/home/albusgive2/rlfw/rlfw_deploy/install/mujoco_mapping/share/colcon-core/packages/mujoco_mapping)
[0.343s] Level 1:colcon.colcon_core.environment:create_environment_scripts_only(nz-imu)
[0.344s] Level 1:colcon.colcon_core.environment:checking '/home/albusgive2/rlfw/rlfw_deploy/install/nz-imu' for CMake module files
[0.344s] Level 1:colcon.colcon_core.environment:checking '/home/albusgive2/rlfw/rlfw_deploy/install/nz-imu' for CMake config files
[0.344s] Level 1:colcon.colcon_core.shell:create_environment_hook('nz-imu', 'cmake_prefix_path')
[0.344s] INFO:colcon.colcon_core.shell:Creating environment hook '/home/albusgive2/rlfw/rlfw_deploy/install/nz-imu/share/nz-imu/hook/cmake_prefix_path.ps1'
[0.345s] INFO:colcon.colcon_core.shell:Creating environment descriptor '/home/albusgive2/rlfw/rlfw_deploy/install/nz-imu/share/nz-imu/hook/cmake_prefix_path.dsv'
[0.345s] DEBUG:colcon.colcon_core.event_handler.log_command:Invoked command in '/home/albusgive2/rlfw/rlfw_deploy/build/nz-imu' returned '0': CMAKE_PREFIX_PATH=${CMAKE_PREFIX_PATH}:/opt/ros/humble /usr/bin/cmake --install /home/albusgive2/rlfw/rlfw_deploy/build/nz-imu
[0.345s] INFO:colcon.colcon_core.shell:Creating environment hook '/home/albusgive2/rlfw/rlfw_deploy/install/nz-imu/share/nz-imu/hook/cmake_prefix_path.sh'
[0.347s] Level 1:colcon.colcon_core.environment:checking '/home/albusgive2/rlfw/rlfw_deploy/install/nz-imu/lib'
[0.347s] Level 1:colcon.colcon_core.environment:checking '/home/albusgive2/rlfw/rlfw_deploy/install/nz-imu/bin'
[0.347s] Level 1:colcon.colcon_core.environment:checking '/home/albusgive2/rlfw/rlfw_deploy/install/nz-imu/lib/pkgconfig/nz-imu.pc'
[0.347s] Level 1:colcon.colcon_core.environment:checking '/home/albusgive2/rlfw/rlfw_deploy/install/nz-imu/lib/python3.10/site-packages'
[0.348s] Level 1:colcon.colcon_core.environment:checking '/home/albusgive2/rlfw/rlfw_deploy/install/nz-imu/bin'
[0.348s] INFO:colcon.colcon_core.shell:Creating package script '/home/albusgive2/rlfw/rlfw_deploy/install/nz-imu/share/nz-imu/package.ps1'
[0.348s] INFO:colcon.colcon_core.shell:Creating package descriptor '/home/albusgive2/rlfw/rlfw_deploy/install/nz-imu/share/nz-imu/package.dsv'
[0.349s] INFO:colcon.colcon_core.shell:Creating package script '/home/albusgive2/rlfw/rlfw_deploy/install/nz-imu/share/nz-imu/package.sh'
[0.349s] INFO:colcon.colcon_core.shell:Creating package script '/home/albusgive2/rlfw/rlfw_deploy/install/nz-imu/share/nz-imu/package.bash'
[0.349s] INFO:colcon.colcon_core.shell:Creating package script '/home/albusgive2/rlfw/rlfw_deploy/install/nz-imu/share/nz-imu/package.zsh'
[0.350s] Level 1:colcon.colcon_core.environment:create_file_with_runtime_dependencies(/home/albusgive2/rlfw/rlfw_deploy/install/nz-imu/share/colcon-core/packages/nz-imu)
[0.350s] Level 1:colcon.colcon_core.environment:create_environment_scripts_only(nz-imu)
[0.350s] Level 1:colcon.colcon_core.environment:checking '/home/albusgive2/rlfw/rlfw_deploy/install/nz-imu' for CMake module files
[0.351s] Level 1:colcon.colcon_core.environment:checking '/home/albusgive2/rlfw/rlfw_deploy/install/nz-imu' for CMake config files
[0.351s] Level 1:colcon.colcon_core.shell:create_environment_hook('nz-imu', 'cmake_prefix_path')
[0.351s] INFO:colcon.colcon_core.shell:Creating environment hook '/home/albusgive2/rlfw/rlfw_deploy/install/nz-imu/share/nz-imu/hook/cmake_prefix_path.ps1'
[0.352s] INFO:colcon.colcon_core.shell:Creating environment descriptor '/home/albusgive2/rlfw/rlfw_deploy/install/nz-imu/share/nz-imu/hook/cmake_prefix_path.dsv'
[0.352s] INFO:colcon.colcon_core.shell:Creating environment hook '/home/albusgive2/rlfw/rlfw_deploy/install/nz-imu/share/nz-imu/hook/cmake_prefix_path.sh'
[0.353s] Level 1:colcon.colcon_core.environment:checking '/home/albusgive2/rlfw/rlfw_deploy/install/nz-imu/lib'
[0.353s] Level 1:colcon.colcon_core.environment:checking '/home/albusgive2/rlfw/rlfw_deploy/install/nz-imu/bin'
[0.353s] Level 1:colcon.colcon_core.environment:checking '/home/albusgive2/rlfw/rlfw_deploy/install/nz-imu/lib/pkgconfig/nz-imu.pc'
[0.353s] Level 1:colcon.colcon_core.environment:checking '/home/albusgive2/rlfw/rlfw_deploy/install/nz-imu/lib/python3.10/site-packages'
[0.353s] Level 1:colcon.colcon_core.environment:checking '/home/albusgive2/rlfw/rlfw_deploy/install/nz-imu/bin'
[0.353s] INFO:colcon.colcon_core.shell:Creating package script '/home/albusgive2/rlfw/rlfw_deploy/install/nz-imu/share/nz-imu/package.ps1'
[0.354s] INFO:colcon.colcon_core.shell:Creating package descriptor '/home/albusgive2/rlfw/rlfw_deploy/install/nz-imu/share/nz-imu/package.dsv'
[0.355s] INFO:colcon.colcon_core.shell:Creating package script '/home/albusgive2/rlfw/rlfw_deploy/install/nz-imu/share/nz-imu/package.sh'
[0.355s] INFO:colcon.colcon_core.shell:Creating package script '/home/albusgive2/rlfw/rlfw_deploy/install/nz-imu/share/nz-imu/package.bash'
[0.355s] INFO:colcon.colcon_core.shell:Creating package script '/home/albusgive2/rlfw/rlfw_deploy/install/nz-imu/share/nz-imu/package.zsh'
[0.356s] Level 1:colcon.colcon_core.environment:create_file_with_runtime_dependencies(/home/albusgive2/rlfw/rlfw_deploy/install/nz-imu/share/colcon-core/packages/nz-imu)
[0.359s] DEBUG:colcon.colcon_core.event_handler.log_command:Invoked command in '/home/albusgive2/rlfw/rlfw_deploy/build/agent' returned '0': CMAKE_PREFIX_PATH=${CMAKE_PREFIX_PATH}:/opt/ros/humble /usr/bin/cmake --build /home/albusgive2/rlfw/rlfw_deploy/build/agent -- -j12 -l12
[0.360s] DEBUG:colcon.colcon_core.event_handler.log_command:Invoking command in '/home/albusgive2/rlfw/rlfw_deploy/build/agent': CMAKE_PREFIX_PATH=${CMAKE_PREFIX_PATH}:/opt/ros/humble /usr/bin/cmake --install /home/albusgive2/rlfw/rlfw_deploy/build/agent
[0.368s] Level 1:colcon.colcon_core.environment:create_environment_scripts_only(agent)
[0.368s] Level 1:colcon.colcon_core.environment:checking '/home/albusgive2/rlfw/rlfw_deploy/install/agent' for CMake module files
[0.369s] DEBUG:colcon.colcon_core.event_handler.log_command:Invoked command in '/home/albusgive2/rlfw/rlfw_deploy/build/agent' returned '0': CMAKE_PREFIX_PATH=${CMAKE_PREFIX_PATH}:/opt/ros/humble /usr/bin/cmake --install /home/albusgive2/rlfw/rlfw_deploy/build/agent
[0.369s] Level 1:colcon.colcon_core.environment:checking '/home/albusgive2/rlfw/rlfw_deploy/install/agent' for CMake config files
[0.369s] Level 1:colcon.colcon_core.shell:create_environment_hook('agent', 'cmake_prefix_path')
[0.369s] INFO:colcon.colcon_core.shell:Creating environment hook '/home/albusgive2/rlfw/rlfw_deploy/install/agent/share/agent/hook/cmake_prefix_path.ps1'
[0.369s] INFO:colcon.colcon_core.shell:Creating environment descriptor '/home/albusgive2/rlfw/rlfw_deploy/install/agent/share/agent/hook/cmake_prefix_path.dsv'
[0.370s] INFO:colcon.colcon_core.shell:Creating environment hook '/home/albusgive2/rlfw/rlfw_deploy/install/agent/share/agent/hook/cmake_prefix_path.sh'
[0.370s] Level 1:colcon.colcon_core.environment:checking '/home/albusgive2/rlfw/rlfw_deploy/install/agent/lib'
[0.370s] Level 1:colcon.colcon_core.environment:checking '/home/albusgive2/rlfw/rlfw_deploy/install/agent/bin'
[0.370s] Level 1:colcon.colcon_core.environment:checking '/home/albusgive2/rlfw/rlfw_deploy/install/agent/lib/pkgconfig/agent.pc'
[0.370s] Level 1:colcon.colcon_core.environment:checking '/home/albusgive2/rlfw/rlfw_deploy/install/agent/lib/python3.10/site-packages'
[0.370s] Level 1:colcon.colcon_core.environment:checking '/home/albusgive2/rlfw/rlfw_deploy/install/agent/bin'
[0.370s] INFO:colcon.colcon_core.shell:Creating package script '/home/albusgive2/rlfw/rlfw_deploy/install/agent/share/agent/package.ps1'
[0.371s] INFO:colcon.colcon_core.shell:Creating package descriptor '/home/albusgive2/rlfw/rlfw_deploy/install/agent/share/agent/package.dsv'
[0.371s] INFO:colcon.colcon_core.shell:Creating package script '/home/albusgive2/rlfw/rlfw_deploy/install/agent/share/agent/package.sh'
[0.371s] INFO:colcon.colcon_core.shell:Creating package script '/home/albusgive2/rlfw/rlfw_deploy/install/agent/share/agent/package.bash'
[0.371s] INFO:colcon.colcon_core.shell:Creating package script '/home/albusgive2/rlfw/rlfw_deploy/install/agent/share/agent/package.zsh'
[0.372s] Level 1:colcon.colcon_core.environment:create_file_with_runtime_dependencies(/home/albusgive2/rlfw/rlfw_deploy/install/agent/share/colcon-core/packages/agent)
[0.372s] Level 1:colcon.colcon_core.environment:create_environment_scripts_only(agent)
[0.372s] Level 1:colcon.colcon_core.environment:checking '/home/albusgive2/rlfw/rlfw_deploy/install/agent' for CMake module files
[0.372s] Level 1:colcon.colcon_core.environment:checking '/home/albusgive2/rlfw/rlfw_deploy/install/agent' for CMake config files
[0.372s] Level 1:colcon.colcon_core.shell:create_environment_hook('agent', 'cmake_prefix_path')
[0.373s] INFO:colcon.colcon_core.shell:Creating environment hook '/home/albusgive2/rlfw/rlfw_deploy/install/agent/share/agent/hook/cmake_prefix_path.ps1'
[0.373s] INFO:colcon.colcon_core.shell:Creating environment descriptor '/home/albusgive2/rlfw/rlfw_deploy/install/agent/share/agent/hook/cmake_prefix_path.dsv'
[0.373s] INFO:colcon.colcon_core.shell:Creating environment hook '/home/albusgive2/rlfw/rlfw_deploy/install/agent/share/agent/hook/cmake_prefix_path.sh'
[0.373s] Level 1:colcon.colcon_core.environment:checking '/home/albusgive2/rlfw/rlfw_deploy/install/agent/lib'
[0.373s] Level 1:colcon.colcon_core.environment:checking '/home/albusgive2/rlfw/rlfw_deploy/install/agent/bin'
[0.373s] Level 1:colcon.colcon_core.environment:checking '/home/albusgive2/rlfw/rlfw_deploy/install/agent/lib/pkgconfig/agent.pc'
[0.374s] Level 1:colcon.colcon_core.environment:checking '/home/albusgive2/rlfw/rlfw_deploy/install/agent/lib/python3.10/site-packages'
[0.374s] Level 1:colcon.colcon_core.environment:checking '/home/albusgive2/rlfw/rlfw_deploy/install/agent/bin'
[0.374s] INFO:colcon.colcon_core.shell:Creating package script '/home/albusgive2/rlfw/rlfw_deploy/install/agent/share/agent/package.ps1'
[0.375s] INFO:colcon.colcon_core.shell:Creating package descriptor '/home/albusgive2/rlfw/rlfw_deploy/install/agent/share/agent/package.dsv'
[0.375s] INFO:colcon.colcon_core.shell:Creating package script '/home/albusgive2/rlfw/rlfw_deploy/install/agent/share/agent/package.sh'
[0.375s] INFO:colcon.colcon_core.shell:Creating package script '/home/albusgive2/rlfw/rlfw_deploy/install/agent/share/agent/package.bash'
[0.376s] INFO:colcon.colcon_core.shell:Creating package script '/home/albusgive2/rlfw/rlfw_deploy/install/agent/share/agent/package.zsh'
[0.376s] Level 1:colcon.colcon_core.environment:create_file_with_runtime_dependencies(/home/albusgive2/rlfw/rlfw_deploy/install/agent/share/colcon-core/packages/agent)
[13.586s] DEBUG:colcon.colcon_core.event_handler.log_command:Invoked command in '/home/albusgive2/rlfw/rlfw_deploy/build/CommunicationCenter' returned '0': CMAKE_PREFIX_PATH=${CMAKE_PREFIX_PATH}:/opt/ros/humble /usr/bin/cmake --build /home/albusgive2/rlfw/rlfw_deploy/build/CommunicationCenter -- -j12 -l12
[13.587s] DEBUG:colcon.colcon_core.event_handler.log_command:Invoking command in '/home/albusgive2/rlfw/rlfw_deploy/build/CommunicationCenter': CMAKE_PREFIX_PATH=${CMAKE_PREFIX_PATH}:/opt/ros/humble /usr/bin/cmake --install /home/albusgive2/rlfw/rlfw_deploy/build/CommunicationCenter
[13.599s] Level 1:colcon.colcon_core.environment:create_environment_scripts_only(CommunicationCenter)
[13.599s] Level 1:colcon.colcon_core.environment:checking '/home/albusgive2/rlfw/rlfw_deploy/install/CommunicationCenter' for CMake module files
[13.599s] DEBUG:colcon.colcon_core.event_handler.log_command:Invoked command in '/home/albusgive2/rlfw/rlfw_deploy/build/CommunicationCenter' returned '0': CMAKE_PREFIX_PATH=${CMAKE_PREFIX_PATH}:/opt/ros/humble /usr/bin/cmake --install /home/albusgive2/rlfw/rlfw_deploy/build/CommunicationCenter
[13.600s] Level 1:colcon.colcon_core.environment:checking '/home/albusgive2/rlfw/rlfw_deploy/install/CommunicationCenter' for CMake config files
[13.600s] Level 1:colcon.colcon_core.shell:create_environment_hook('CommunicationCenter', 'cmake_prefix_path')
[13.600s] INFO:colcon.colcon_core.shell:Creating environment hook '/home/albusgive2/rlfw/rlfw_deploy/install/CommunicationCenter/share/CommunicationCenter/hook/cmake_prefix_path.ps1'
[13.600s] INFO:colcon.colcon_core.shell:Creating environment descriptor '/home/albusgive2/rlfw/rlfw_deploy/install/CommunicationCenter/share/CommunicationCenter/hook/cmake_prefix_path.dsv'
[13.600s] INFO:colcon.colcon_core.shell:Creating environment hook '/home/albusgive2/rlfw/rlfw_deploy/install/CommunicationCenter/share/CommunicationCenter/hook/cmake_prefix_path.sh'
[13.601s] Level 1:colcon.colcon_core.environment:checking '/home/albusgive2/rlfw/rlfw_deploy/install/CommunicationCenter/lib'
[13.601s] Level 1:colcon.colcon_core.environment:checking '/home/albusgive2/rlfw/rlfw_deploy/install/CommunicationCenter/bin'
[13.601s] Level 1:colcon.colcon_core.environment:checking '/home/albusgive2/rlfw/rlfw_deploy/install/CommunicationCenter/lib/pkgconfig/CommunicationCenter.pc'
[13.601s] Level 1:colcon.colcon_core.environment:checking '/home/albusgive2/rlfw/rlfw_deploy/install/CommunicationCenter/lib/python3.10/site-packages'
[13.601s] Level 1:colcon.colcon_core.environment:checking '/home/albusgive2/rlfw/rlfw_deploy/install/CommunicationCenter/bin'
[13.601s] INFO:colcon.colcon_core.shell:Creating package script '/home/albusgive2/rlfw/rlfw_deploy/install/CommunicationCenter/share/CommunicationCenter/package.ps1'
[13.602s] INFO:colcon.colcon_core.shell:Creating package descriptor '/home/albusgive2/rlfw/rlfw_deploy/install/CommunicationCenter/share/CommunicationCenter/package.dsv'
[13.602s] INFO:colcon.colcon_core.shell:Creating package script '/home/albusgive2/rlfw/rlfw_deploy/install/CommunicationCenter/share/CommunicationCenter/package.sh'
[13.602s] INFO:colcon.colcon_core.shell:Creating package script '/home/albusgive2/rlfw/rlfw_deploy/install/CommunicationCenter/share/CommunicationCenter/package.bash'
[13.602s] INFO:colcon.colcon_core.shell:Creating package script '/home/albusgive2/rlfw/rlfw_deploy/install/CommunicationCenter/share/CommunicationCenter/package.zsh'
[13.602s] Level 1:colcon.colcon_core.environment:create_file_with_runtime_dependencies(/home/albusgive2/rlfw/rlfw_deploy/install/CommunicationCenter/share/colcon-core/packages/CommunicationCenter)
[13.603s] Level 1:colcon.colcon_core.environment:create_environment_scripts_only(CommunicationCenter)
[13.603s] Level 1:colcon.colcon_core.environment:checking '/home/albusgive2/rlfw/rlfw_deploy/install/CommunicationCenter' for CMake module files
[13.603s] Level 1:colcon.colcon_core.environment:checking '/home/albusgive2/rlfw/rlfw_deploy/install/CommunicationCenter' for CMake config files
[13.603s] Level 1:colcon.colcon_core.shell:create_environment_hook('CommunicationCenter', 'cmake_prefix_path')
[13.603s] INFO:colcon.colcon_core.shell:Creating environment hook '/home/albusgive2/rlfw/rlfw_deploy/install/CommunicationCenter/share/CommunicationCenter/hook/cmake_prefix_path.ps1'
[13.603s] INFO:colcon.colcon_core.shell:Creating environment descriptor '/home/albusgive2/rlfw/rlfw_deploy/install/CommunicationCenter/share/CommunicationCenter/hook/cmake_prefix_path.dsv'
[13.604s] INFO:colcon.colcon_core.shell:Creating environment hook '/home/albusgive2/rlfw/rlfw_deploy/install/CommunicationCenter/share/CommunicationCenter/hook/cmake_prefix_path.sh'
[13.604s] Level 1:colcon.colcon_core.environment:checking '/home/albusgive2/rlfw/rlfw_deploy/install/CommunicationCenter/lib'
[13.604s] Level 1:colcon.colcon_core.environment:checking '/home/albusgive2/rlfw/rlfw_deploy/install/CommunicationCenter/bin'
[13.604s] Level 1:colcon.colcon_core.environment:checking '/home/albusgive2/rlfw/rlfw_deploy/install/CommunicationCenter/lib/pkgconfig/CommunicationCenter.pc'
[13.604s] Level 1:colcon.colcon_core.environment:checking '/home/albusgive2/rlfw/rlfw_deploy/install/CommunicationCenter/lib/python3.10/site-packages'
[13.604s] Level 1:colcon.colcon_core.environment:checking '/home/albusgive2/rlfw/rlfw_deploy/install/CommunicationCenter/bin'
[13.604s] INFO:colcon.colcon_core.shell:Creating package script '/home/albusgive2/rlfw/rlfw_deploy/install/CommunicationCenter/share/CommunicationCenter/package.ps1'
[13.605s] INFO:colcon.colcon_core.shell:Creating package descriptor '/home/albusgive2/rlfw/rlfw_deploy/install/CommunicationCenter/share/CommunicationCenter/package.dsv'
[13.605s] INFO:colcon.colcon_core.shell:Creating package script '/home/albusgive2/rlfw/rlfw_deploy/install/CommunicationCenter/share/CommunicationCenter/package.sh'
[13.605s] INFO:colcon.colcon_core.shell:Creating package script '/home/albusgive2/rlfw/rlfw_deploy/install/CommunicationCenter/share/CommunicationCenter/package.bash'
[13.606s] INFO:colcon.colcon_core.shell:Creating package script '/home/albusgive2/rlfw/rlfw_deploy/install/CommunicationCenter/share/CommunicationCenter/package.zsh'
[13.606s] Level 1:colcon.colcon_core.environment:create_file_with_runtime_dependencies(/home/albusgive2/rlfw/rlfw_deploy/install/CommunicationCenter/share/colcon-core/packages/CommunicationCenter)
[13.606s] DEBUG:colcon.colcon_parallel_executor.executor.parallel:closing loop
[13.606s] DEBUG:colcon.colcon_parallel_executor.executor.parallel:loop closed
[13.606s] DEBUG:colcon.colcon_parallel_executor.executor.parallel:run_until_complete finished with '0'
[13.606s] DEBUG:colcon.colcon_core.event_reactor:joining thread
[13.610s] INFO:colcon.colcon_core.plugin_system:Skipping extension 'colcon_notification.desktop_notification.terminal_notifier': Not used on non-Darwin systems
[13.610s] INFO:colcon.colcon_core.plugin_system:Skipping extension 'colcon_notification.desktop_notification.win32': Not used on non-Windows systems
[13.610s] INFO:colcon.colcon_notification.desktop_notification:Sending desktop notification using 'notify2'
[13.618s] DEBUG:colcon.colcon_core.event_reactor:joined thread
[13.618s] INFO:colcon.colcon_core.shell:Creating prefix script '/home/albusgive2/rlfw/rlfw_deploy/install/local_setup.ps1'
[13.619s] INFO:colcon.colcon_core.shell:Creating prefix util module '/home/albusgive2/rlfw/rlfw_deploy/install/_local_setup_util_ps1.py'
[13.620s] INFO:colcon.colcon_core.shell:Creating prefix chain script '/home/albusgive2/rlfw/rlfw_deploy/install/setup.ps1'
[13.620s] INFO:colcon.colcon_core.shell:Creating prefix script '/home/albusgive2/rlfw/rlfw_deploy/install/local_setup.sh'
[13.621s] INFO:colcon.colcon_core.shell:Creating prefix util module '/home/albusgive2/rlfw/rlfw_deploy/install/_local_setup_util_sh.py'
[13.621s] INFO:colcon.colcon_core.shell:Creating prefix chain script '/home/albusgive2/rlfw/rlfw_deploy/install/setup.sh'
[13.622s] INFO:colcon.colcon_core.shell:Creating prefix script '/home/albusgive2/rlfw/rlfw_deploy/install/local_setup.bash'
[13.622s] INFO:colcon.colcon_core.shell:Creating prefix chain script '/home/albusgive2/rlfw/rlfw_deploy/install/setup.bash'
[13.623s] INFO:colcon.colcon_core.shell:Creating prefix script '/home/albusgive2/rlfw/rlfw_deploy/install/local_setup.zsh'
[13.623s] INFO:colcon.colcon_core.shell:Creating prefix chain script '/home/albusgive2/rlfw/rlfw_deploy/install/setup.zsh'
