[0.076s] DEBUG:colcon:Command line arguments: ['/usr/bin/colcon', 'build']
[0.076s] DEBUG:colcon:Parsed command line arguments: Namespace(log_base=None, log_level=None, verb_name='build', build_base='build', install_base='install', merge_install=False, symlink_install=False, test_result_base=None, continue_on_error=False, executor='parallel', parallel_workers=12, event_handlers=None, ignore_user_meta=False, metas=['./colcon.meta'], base_paths=['.'], packages_ignore=None, packages_ignore_regex=None, paths=None, packages_up_to=None, packages_up_to_regex=None, packages_above=None, packages_above_and_dependencies=None, packages_above_depth=None, packages_select_by_dep=None, packages_skip_by_dep=None, packages_skip_up_to=None, packages_select_build_failed=False, packages_skip_build_finished=False, packages_select_test_failures=False, packages_skip_test_passed=False, packages_select=None, packages_skip=None, packages_select_regex=None, packages_skip_regex=None, packages_start=None, packages_end=None, allow_overriding=[], cmake_args=None, cmake_target=None, cmake_target_skip_unavailable=False, cmake_clean_cache=False, cmake_clean_first=False, cmake_force_configure=False, ament_cmake_args=None, catkin_cmake_args=None, catkin_skip_building_tests=False, verb_parser=<colcon_defaults.argument_parser.defaults.DefaultArgumentsDecorator object at 0x76804e4f2e90>, verb_extension=<colcon_core.verb.build.BuildVerb object at 0x76804e67c340>, main=<bound method BuildVerb.main of <colcon_core.verb.build.BuildVerb object at 0x76804e67c340>>)
[0.169s] Level 1:colcon.colcon_core.package_discovery:discover_packages(colcon_meta) check parameters
[0.169s] Level 1:colcon.colcon_core.package_discovery:discover_packages(recursive) check parameters
[0.169s] Level 1:colcon.colcon_core.package_discovery:discover_packages(ignore) check parameters
[0.169s] Level 1:colcon.colcon_core.package_discovery:discover_packages(path) check parameters
[0.169s] Level 1:colcon.colcon_core.package_discovery:discover_packages(colcon_meta) discover
[0.169s] Level 1:colcon.colcon_core.package_discovery:discover_packages(recursive) discover
[0.169s] INFO:colcon.colcon_core.package_discovery:Crawling recursively for packages in '/home/albusgive2/rlfw/rlfw_deploy'
[0.169s] Level 1:colcon.colcon_core.package_identification:_identify(.) by extensions ['ignore', 'ignore_ament_install']
[0.169s] Level 1:colcon.colcon_core.package_identification:_identify(.) by extension 'ignore'
[0.169s] Level 1:colcon.colcon_core.package_identification:_identify(.) by extension 'ignore_ament_install'
[0.169s] Level 1:colcon.colcon_core.package_identification:_identify(.) by extensions ['colcon_pkg']
[0.169s] Level 1:colcon.colcon_core.package_identification:_identify(.) by extension 'colcon_pkg'
[0.169s] Level 1:colcon.colcon_core.package_identification:_identify(.) by extensions ['colcon_meta']
[0.169s] Level 1:colcon.colcon_core.package_identification:_identify(.) by extension 'colcon_meta'
[0.169s] Level 1:colcon.colcon_core.package_identification:_identify(.) by extensions ['ros']
[0.169s] Level 1:colcon.colcon_core.package_identification:_identify(.) by extension 'ros'
[0.177s] Level 1:colcon.colcon_core.package_identification:_identify(.) by extensions ['cmake', 'python']
[0.177s] Level 1:colcon.colcon_core.package_identification:_identify(.) by extension 'cmake'
[0.177s] Level 1:colcon.colcon_core.package_identification:_identify(.) by extension 'python'
[0.177s] Level 1:colcon.colcon_core.package_identification:_identify(.) by extensions ['python_setup_py']
[0.177s] Level 1:colcon.colcon_core.package_identification:_identify(.) by extension 'python_setup_py'
[0.178s] Level 1:colcon.colcon_core.package_identification:_identify(build) by extensions ['ignore', 'ignore_ament_install']
[0.178s] Level 1:colcon.colcon_core.package_identification:_identify(build) by extension 'ignore'
[0.178s] Level 1:colcon.colcon_core.package_identification:_identify(build) ignored
[0.178s] Level 1:colcon.colcon_core.package_identification:_identify(install) by extensions ['ignore', 'ignore_ament_install']
[0.178s] Level 1:colcon.colcon_core.package_identification:_identify(install) by extension 'ignore'
[0.178s] Level 1:colcon.colcon_core.package_identification:_identify(install) ignored
[0.178s] Level 1:colcon.colcon_core.package_identification:_identify(log) by extensions ['ignore', 'ignore_ament_install']
[0.178s] Level 1:colcon.colcon_core.package_identification:_identify(log) by extension 'ignore'
[0.178s] Level 1:colcon.colcon_core.package_identification:_identify(log) ignored
[0.178s] Level 1:colcon.colcon_core.package_identification:_identify(src) by extensions ['ignore', 'ignore_ament_install']
[0.178s] Level 1:colcon.colcon_core.package_identification:_identify(src) by extension 'ignore'
[0.178s] Level 1:colcon.colcon_core.package_identification:_identify(src) by extension 'ignore_ament_install'
[0.178s] Level 1:colcon.colcon_core.package_identification:_identify(src) by extensions ['colcon_pkg']
[0.178s] Level 1:colcon.colcon_core.package_identification:_identify(src) by extension 'colcon_pkg'
[0.178s] Level 1:colcon.colcon_core.package_identification:_identify(src) by extensions ['colcon_meta']
[0.178s] Level 1:colcon.colcon_core.package_identification:_identify(src) by extension 'colcon_meta'
[0.178s] Level 1:colcon.colcon_core.package_identification:_identify(src) by extensions ['ros']
[0.178s] Level 1:colcon.colcon_core.package_identification:_identify(src) by extension 'ros'
[0.178s] Level 1:colcon.colcon_core.package_identification:_identify(src) by extensions ['cmake', 'python']
[0.178s] Level 1:colcon.colcon_core.package_identification:_identify(src) by extension 'cmake'
[0.178s] Level 1:colcon.colcon_core.package_identification:_identify(src) by extension 'python'
[0.178s] Level 1:colcon.colcon_core.package_identification:_identify(src) by extensions ['python_setup_py']
[0.178s] Level 1:colcon.colcon_core.package_identification:_identify(src) by extension 'python_setup_py'
[0.178s] Level 1:colcon.colcon_core.package_identification:_identify(src/CommunicationCenter) by extensions ['ignore', 'ignore_ament_install']
[0.178s] Level 1:colcon.colcon_core.package_identification:_identify(src/CommunicationCenter) by extension 'ignore'
[0.178s] Level 1:colcon.colcon_core.package_identification:_identify(src/CommunicationCenter) by extension 'ignore_ament_install'
[0.178s] Level 1:colcon.colcon_core.package_identification:_identify(src/CommunicationCenter) by extensions ['colcon_pkg']
[0.178s] Level 1:colcon.colcon_core.package_identification:_identify(src/CommunicationCenter) by extension 'colcon_pkg'
[0.178s] Level 1:colcon.colcon_core.package_identification:_identify(src/CommunicationCenter) by extensions ['colcon_meta']
[0.178s] Level 1:colcon.colcon_core.package_identification:_identify(src/CommunicationCenter) by extension 'colcon_meta'
[0.178s] Level 1:colcon.colcon_core.package_identification:_identify(src/CommunicationCenter) by extensions ['ros']
[0.178s] Level 1:colcon.colcon_core.package_identification:_identify(src/CommunicationCenter) by extension 'ros'
[0.180s] DEBUG:colcon.colcon_core.package_identification:Package 'src/CommunicationCenter' with type 'ros.ament_cmake' and name 'CommunicationCenter'
[0.180s] Level 1:colcon.colcon_core.package_identification:_identify(src/agent) by extensions ['ignore', 'ignore_ament_install']
[0.180s] Level 1:colcon.colcon_core.package_identification:_identify(src/agent) by extension 'ignore'
[0.180s] Level 1:colcon.colcon_core.package_identification:_identify(src/agent) by extension 'ignore_ament_install'
[0.180s] Level 1:colcon.colcon_core.package_identification:_identify(src/agent) by extensions ['colcon_pkg']
[0.180s] Level 1:colcon.colcon_core.package_identification:_identify(src/agent) by extension 'colcon_pkg'
[0.180s] Level 1:colcon.colcon_core.package_identification:_identify(src/agent) by extensions ['colcon_meta']
[0.180s] Level 1:colcon.colcon_core.package_identification:_identify(src/agent) by extension 'colcon_meta'
[0.180s] Level 1:colcon.colcon_core.package_identification:_identify(src/agent) by extensions ['ros']
[0.180s] Level 1:colcon.colcon_core.package_identification:_identify(src/agent) by extension 'ros'
[0.181s] DEBUG:colcon.colcon_core.package_identification:Package 'src/agent' with type 'ros.ament_cmake' and name 'agent'
[0.181s] Level 1:colcon.colcon_core.package_identification:_identify(src/mujoco_mapping) by extensions ['ignore', 'ignore_ament_install']
[0.181s] Level 1:colcon.colcon_core.package_identification:_identify(src/mujoco_mapping) by extension 'ignore'
[0.181s] Level 1:colcon.colcon_core.package_identification:_identify(src/mujoco_mapping) by extension 'ignore_ament_install'
[0.181s] Level 1:colcon.colcon_core.package_identification:_identify(src/mujoco_mapping) by extensions ['colcon_pkg']
[0.181s] Level 1:colcon.colcon_core.package_identification:_identify(src/mujoco_mapping) by extension 'colcon_pkg'
[0.181s] Level 1:colcon.colcon_core.package_identification:_identify(src/mujoco_mapping) by extensions ['colcon_meta']
[0.181s] Level 1:colcon.colcon_core.package_identification:_identify(src/mujoco_mapping) by extension 'colcon_meta'
[0.181s] Level 1:colcon.colcon_core.package_identification:_identify(src/mujoco_mapping) by extensions ['ros']
[0.181s] Level 1:colcon.colcon_core.package_identification:_identify(src/mujoco_mapping) by extension 'ros'
[0.182s] DEBUG:colcon.colcon_core.package_identification:Package 'src/mujoco_mapping' with type 'ros.ament_cmake' and name 'mujoco_mapping'
[0.182s] Level 1:colcon.colcon_core.package_identification:_identify(src/nz-imu) by extensions ['ignore', 'ignore_ament_install']
[0.182s] Level 1:colcon.colcon_core.package_identification:_identify(src/nz-imu) by extension 'ignore'
[0.182s] Level 1:colcon.colcon_core.package_identification:_identify(src/nz-imu) by extension 'ignore_ament_install'
[0.182s] Level 1:colcon.colcon_core.package_identification:_identify(src/nz-imu) by extensions ['colcon_pkg']
[0.182s] Level 1:colcon.colcon_core.package_identification:_identify(src/nz-imu) by extension 'colcon_pkg'
[0.182s] Level 1:colcon.colcon_core.package_identification:_identify(src/nz-imu) by extensions ['colcon_meta']
[0.182s] Level 1:colcon.colcon_core.package_identification:_identify(src/nz-imu) by extension 'colcon_meta'
[0.182s] Level 1:colcon.colcon_core.package_identification:_identify(src/nz-imu) by extensions ['ros']
[0.182s] Level 1:colcon.colcon_core.package_identification:_identify(src/nz-imu) by extension 'ros'
[0.182s] DEBUG:colcon.colcon_core.package_identification:Package 'src/nz-imu' with type 'ros.ament_cmake' and name 'nz-imu'
[0.182s] Level 1:colcon.colcon_core.package_discovery:discover_packages(recursive) using defaults
[0.182s] Level 1:colcon.colcon_core.package_discovery:discover_packages(ignore) discover
[0.182s] Level 1:colcon.colcon_core.package_discovery:discover_packages(ignore) using defaults
[0.182s] Level 1:colcon.colcon_core.package_discovery:discover_packages(path) discover
[0.182s] Level 1:colcon.colcon_core.package_discovery:discover_packages(path) using defaults
[0.195s] Level 1:colcon.colcon_core.package_discovery:discover_packages(prefix_path) check parameters
[0.195s] Level 1:colcon.colcon_core.package_discovery:discover_packages(prefix_path) discover
[0.196s] DEBUG:colcon.colcon_installed_package_information.package_discovery:Found 4 installed packages in /home/albusgive2/rlfw/rlfw_deploy/install
[0.197s] DEBUG:colcon.colcon_installed_package_information.package_discovery:Found 1 installed packages in /home/albusgive2/rlfw/rlfw_interface/install
[0.197s] DEBUG:colcon.colcon_installed_package_information.package_discovery:Found 271 installed packages in /opt/ros/humble
[0.199s] Level 1:colcon.colcon_core.package_discovery:discover_packages(prefix_path) using defaults
[0.228s] Level 5:colcon.colcon_core.verb:set package 'CommunicationCenter' build argument 'cmake_args' from command line to 'None'
[0.228s] Level 5:colcon.colcon_core.verb:set package 'CommunicationCenter' build argument 'cmake_target' from command line to 'None'
[0.228s] Level 5:colcon.colcon_core.verb:set package 'CommunicationCenter' build argument 'cmake_target_skip_unavailable' from command line to 'False'
[0.228s] Level 5:colcon.colcon_core.verb:set package 'CommunicationCenter' build argument 'cmake_clean_cache' from command line to 'False'
[0.228s] Level 5:colcon.colcon_core.verb:set package 'CommunicationCenter' build argument 'cmake_clean_first' from command line to 'False'
[0.228s] Level 5:colcon.colcon_core.verb:set package 'CommunicationCenter' build argument 'cmake_force_configure' from command line to 'False'
[0.228s] Level 5:colcon.colcon_core.verb:set package 'CommunicationCenter' build argument 'ament_cmake_args' from command line to 'None'
[0.228s] Level 5:colcon.colcon_core.verb:set package 'CommunicationCenter' build argument 'catkin_cmake_args' from command line to 'None'
[0.228s] Level 5:colcon.colcon_core.verb:set package 'CommunicationCenter' build argument 'catkin_skip_building_tests' from command line to 'False'
[0.228s] DEBUG:colcon.colcon_core.verb:Building package 'CommunicationCenter' with the following arguments: {'ament_cmake_args': None, 'build_base': '/home/albusgive2/rlfw/rlfw_deploy/build/CommunicationCenter', 'catkin_cmake_args': None, 'catkin_skip_building_tests': False, 'cmake_args': None, 'cmake_clean_cache': False, 'cmake_clean_first': False, 'cmake_force_configure': False, 'cmake_target': None, 'cmake_target_skip_unavailable': False, 'install_base': '/home/albusgive2/rlfw/rlfw_deploy/install/CommunicationCenter', 'merge_install': False, 'path': '/home/albusgive2/rlfw/rlfw_deploy/src/CommunicationCenter', 'symlink_install': False, 'test_result_base': None}
[0.228s] Level 5:colcon.colcon_core.verb:set package 'agent' build argument 'cmake_args' from command line to 'None'
[0.228s] Level 5:colcon.colcon_core.verb:set package 'agent' build argument 'cmake_target' from command line to 'None'
[0.228s] Level 5:colcon.colcon_core.verb:set package 'agent' build argument 'cmake_target_skip_unavailable' from command line to 'False'
[0.228s] Level 5:colcon.colcon_core.verb:set package 'agent' build argument 'cmake_clean_cache' from command line to 'False'
[0.228s] Level 5:colcon.colcon_core.verb:set package 'agent' build argument 'cmake_clean_first' from command line to 'False'
[0.228s] Level 5:colcon.colcon_core.verb:set package 'agent' build argument 'cmake_force_configure' from command line to 'False'
[0.228s] Level 5:colcon.colcon_core.verb:set package 'agent' build argument 'ament_cmake_args' from command line to 'None'
[0.228s] Level 5:colcon.colcon_core.verb:set package 'agent' build argument 'catkin_cmake_args' from command line to 'None'
[0.228s] Level 5:colcon.colcon_core.verb:set package 'agent' build argument 'catkin_skip_building_tests' from command line to 'False'
[0.228s] DEBUG:colcon.colcon_core.verb:Building package 'agent' with the following arguments: {'ament_cmake_args': None, 'build_base': '/home/albusgive2/rlfw/rlfw_deploy/build/agent', 'catkin_cmake_args': None, 'catkin_skip_building_tests': False, 'cmake_args': None, 'cmake_clean_cache': False, 'cmake_clean_first': False, 'cmake_force_configure': False, 'cmake_target': None, 'cmake_target_skip_unavailable': False, 'install_base': '/home/albusgive2/rlfw/rlfw_deploy/install/agent', 'merge_install': False, 'path': '/home/albusgive2/rlfw/rlfw_deploy/src/agent', 'symlink_install': False, 'test_result_base': None}
[0.229s] Level 5:colcon.colcon_core.verb:set package 'mujoco_mapping' build argument 'cmake_args' from command line to 'None'
[0.229s] Level 5:colcon.colcon_core.verb:set package 'mujoco_mapping' build argument 'cmake_target' from command line to 'None'
[0.229s] Level 5:colcon.colcon_core.verb:set package 'mujoco_mapping' build argument 'cmake_target_skip_unavailable' from command line to 'False'
[0.229s] Level 5:colcon.colcon_core.verb:set package 'mujoco_mapping' build argument 'cmake_clean_cache' from command line to 'False'
[0.229s] Level 5:colcon.colcon_core.verb:set package 'mujoco_mapping' build argument 'cmake_clean_first' from command line to 'False'
[0.229s] Level 5:colcon.colcon_core.verb:set package 'mujoco_mapping' build argument 'cmake_force_configure' from command line to 'False'
[0.229s] Level 5:colcon.colcon_core.verb:set package 'mujoco_mapping' build argument 'ament_cmake_args' from command line to 'None'
[0.229s] Level 5:colcon.colcon_core.verb:set package 'mujoco_mapping' build argument 'catkin_cmake_args' from command line to 'None'
[0.229s] Level 5:colcon.colcon_core.verb:set package 'mujoco_mapping' build argument 'catkin_skip_building_tests' from command line to 'False'
[0.229s] DEBUG:colcon.colcon_core.verb:Building package 'mujoco_mapping' with the following arguments: {'ament_cmake_args': None, 'build_base': '/home/albusgive2/rlfw/rlfw_deploy/build/mujoco_mapping', 'catkin_cmake_args': None, 'catkin_skip_building_tests': False, 'cmake_args': None, 'cmake_clean_cache': False, 'cmake_clean_first': False, 'cmake_force_configure': False, 'cmake_target': None, 'cmake_target_skip_unavailable': False, 'install_base': '/home/albusgive2/rlfw/rlfw_deploy/install/mujoco_mapping', 'merge_install': False, 'path': '/home/albusgive2/rlfw/rlfw_deploy/src/mujoco_mapping', 'symlink_install': False, 'test_result_base': None}
[0.229s] Level 5:colcon.colcon_core.verb:set package 'nz-imu' build argument 'cmake_args' from command line to 'None'
[0.229s] Level 5:colcon.colcon_core.verb:set package 'nz-imu' build argument 'cmake_target' from command line to 'None'
[0.229s] Level 5:colcon.colcon_core.verb:set package 'nz-imu' build argument 'cmake_target_skip_unavailable' from command line to 'False'
[0.229s] Level 5:colcon.colcon_core.verb:set package 'nz-imu' build argument 'cmake_clean_cache' from command line to 'False'
[0.229s] Level 5:colcon.colcon_core.verb:set package 'nz-imu' build argument 'cmake_clean_first' from command line to 'False'
[0.229s] Level 5:colcon.colcon_core.verb:set package 'nz-imu' build argument 'cmake_force_configure' from command line to 'False'
[0.229s] Level 5:colcon.colcon_core.verb:set package 'nz-imu' build argument 'ament_cmake_args' from command line to 'None'
[0.229s] Level 5:colcon.colcon_core.verb:set package 'nz-imu' build argument 'catkin_cmake_args' from command line to 'None'
[0.229s] Level 5:colcon.colcon_core.verb:set package 'nz-imu' build argument 'catkin_skip_building_tests' from command line to 'False'
[0.229s] DEBUG:colcon.colcon_core.verb:Building package 'nz-imu' with the following arguments: {'ament_cmake_args': None, 'build_base': '/home/albusgive2/rlfw/rlfw_deploy/build/nz-imu', 'catkin_cmake_args': None, 'catkin_skip_building_tests': False, 'cmake_args': None, 'cmake_clean_cache': False, 'cmake_clean_first': False, 'cmake_force_configure': False, 'cmake_target': None, 'cmake_target_skip_unavailable': False, 'install_base': '/home/albusgive2/rlfw/rlfw_deploy/install/nz-imu', 'merge_install': False, 'path': '/home/albusgive2/rlfw/rlfw_deploy/src/nz-imu', 'symlink_install': False, 'test_result_base': None}
[0.229s] INFO:colcon.colcon_core.executor:Executing jobs using 'parallel' executor
[0.230s] DEBUG:colcon.colcon_parallel_executor.executor.parallel:run_until_complete
[0.230s] INFO:colcon.colcon_ros.task.ament_cmake.build:Building ROS package in '/home/albusgive2/rlfw/rlfw_deploy/src/CommunicationCenter' with build type 'ament_cmake'
[0.230s] INFO:colcon.colcon_cmake.task.cmake.build:Building CMake package in '/home/albusgive2/rlfw/rlfw_deploy/src/CommunicationCenter'
[0.232s] INFO:colcon.colcon_core.plugin_system:Skipping extension 'colcon_core.shell.bat': Not used on non-Windows systems
[0.232s] INFO:colcon.colcon_core.shell:Skip shell extension 'powershell' for command environment: Not usable outside of PowerShell
[0.232s] DEBUG:colcon.colcon_core.shell:Skip shell extension 'dsv' for command environment
[0.235s] INFO:colcon.colcon_ros.task.ament_cmake.build:Building ROS package in '/home/albusgive2/rlfw/rlfw_deploy/src/agent' with build type 'ament_cmake'
[0.235s] INFO:colcon.colcon_cmake.task.cmake.build:Building CMake package in '/home/albusgive2/rlfw/rlfw_deploy/src/agent'
[0.235s] INFO:colcon.colcon_core.shell:Skip shell extension 'powershell' for command environment: Not usable outside of PowerShell
[0.235s] DEBUG:colcon.colcon_core.shell:Skip shell extension 'dsv' for command environment
[0.238s] INFO:colcon.colcon_ros.task.ament_cmake.build:Building ROS package in '/home/albusgive2/rlfw/rlfw_deploy/src/mujoco_mapping' with build type 'ament_cmake'
[0.238s] INFO:colcon.colcon_cmake.task.cmake.build:Building CMake package in '/home/albusgive2/rlfw/rlfw_deploy/src/mujoco_mapping'
[0.238s] INFO:colcon.colcon_core.shell:Skip shell extension 'powershell' for command environment: Not usable outside of PowerShell
[0.239s] DEBUG:colcon.colcon_core.shell:Skip shell extension 'dsv' for command environment
[0.241s] INFO:colcon.colcon_ros.task.ament_cmake.build:Building ROS package in '/home/albusgive2/rlfw/rlfw_deploy/src/nz-imu' with build type 'ament_cmake'
[0.242s] INFO:colcon.colcon_cmake.task.cmake.build:Building CMake package in '/home/albusgive2/rlfw/rlfw_deploy/src/nz-imu'
[0.242s] INFO:colcon.colcon_core.shell:Skip shell extension 'powershell' for command environment: Not usable outside of PowerShell
[0.242s] DEBUG:colcon.colcon_core.shell:Skip shell extension 'dsv' for command environment
[0.249s] DEBUG:colcon.colcon_core.event_handler.log_command:Invoking command in '/home/albusgive2/rlfw/rlfw_deploy/build/CommunicationCenter': CMAKE_PREFIX_PATH=${CMAKE_PREFIX_PATH}:/opt/ros/humble /usr/bin/cmake --build /home/albusgive2/rlfw/rlfw_deploy/build/CommunicationCenter -- -j12 -l12
[0.253s] DEBUG:colcon.colcon_core.event_handler.log_command:Invoking command in '/home/albusgive2/rlfw/rlfw_deploy/build/agent': CMAKE_PREFIX_PATH=${CMAKE_PREFIX_PATH}:/opt/ros/humble /usr/bin/cmake --build /home/albusgive2/rlfw/rlfw_deploy/build/agent -- -j12 -l12
[0.255s] DEBUG:colcon.colcon_core.event_handler.log_command:Invoking command in '/home/albusgive2/rlfw/rlfw_deploy/build/mujoco_mapping': CMAKE_PREFIX_PATH=${CMAKE_PREFIX_PATH}:/opt/ros/humble /usr/bin/cmake --build /home/albusgive2/rlfw/rlfw_deploy/build/mujoco_mapping -- -j12 -l12
[0.259s] DEBUG:colcon.colcon_core.event_handler.log_command:Invoking command in '/home/albusgive2/rlfw/rlfw_deploy/build/nz-imu': CMAKE_PREFIX_PATH=${CMAKE_PREFIX_PATH}:/opt/ros/humble /usr/bin/cmake --build /home/albusgive2/rlfw/rlfw_deploy/build/nz-imu -- -j12 -l12
[0.312s] DEBUG:colcon.colcon_core.event_handler.log_command:Invoked command in '/home/albusgive2/rlfw/rlfw_deploy/build/nz-imu' returned '0': CMAKE_PREFIX_PATH=${CMAKE_PREFIX_PATH}:/opt/ros/humble /usr/bin/cmake --build /home/albusgive2/rlfw/rlfw_deploy/build/nz-imu -- -j12 -l12
[0.322s] DEBUG:colcon.colcon_core.event_handler.log_command:Invoking command in '/home/albusgive2/rlfw/rlfw_deploy/build/nz-imu': CMAKE_PREFIX_PATH=${CMAKE_PREFIX_PATH}:/opt/ros/humble /usr/bin/cmake --install /home/albusgive2/rlfw/rlfw_deploy/build/nz-imu
[0.330s] Level 1:colcon.colcon_core.environment:create_environment_scripts_only(nz-imu)
[0.330s] DEBUG:colcon.colcon_core.event_handler.log_command:Invoked command in '/home/albusgive2/rlfw/rlfw_deploy/build/nz-imu' returned '0': CMAKE_PREFIX_PATH=${CMAKE_PREFIX_PATH}:/opt/ros/humble /usr/bin/cmake --install /home/albusgive2/rlfw/rlfw_deploy/build/nz-imu
[0.332s] Level 1:colcon.colcon_core.environment:checking '/home/albusgive2/rlfw/rlfw_deploy/install/nz-imu' for CMake module files
[0.332s] Level 1:colcon.colcon_core.environment:checking '/home/albusgive2/rlfw/rlfw_deploy/install/nz-imu' for CMake config files
[0.332s] Level 1:colcon.colcon_core.shell:create_environment_hook('nz-imu', 'cmake_prefix_path')
[0.332s] INFO:colcon.colcon_core.shell:Creating environment hook '/home/albusgive2/rlfw/rlfw_deploy/install/nz-imu/share/nz-imu/hook/cmake_prefix_path.ps1'
[0.333s] INFO:colcon.colcon_core.shell:Creating environment descriptor '/home/albusgive2/rlfw/rlfw_deploy/install/nz-imu/share/nz-imu/hook/cmake_prefix_path.dsv'
[0.333s] INFO:colcon.colcon_core.shell:Creating environment hook '/home/albusgive2/rlfw/rlfw_deploy/install/nz-imu/share/nz-imu/hook/cmake_prefix_path.sh'
[0.334s] Level 1:colcon.colcon_core.environment:checking '/home/albusgive2/rlfw/rlfw_deploy/install/nz-imu/lib'
[0.334s] Level 1:colcon.colcon_core.environment:checking '/home/albusgive2/rlfw/rlfw_deploy/install/nz-imu/bin'
[0.334s] Level 1:colcon.colcon_core.environment:checking '/home/albusgive2/rlfw/rlfw_deploy/install/nz-imu/lib/pkgconfig/nz-imu.pc'
[0.334s] Level 1:colcon.colcon_core.environment:checking '/home/albusgive2/rlfw/rlfw_deploy/install/nz-imu/lib/python3.10/site-packages'
[0.335s] Level 1:colcon.colcon_core.environment:checking '/home/albusgive2/rlfw/rlfw_deploy/install/nz-imu/bin'
[0.335s] INFO:colcon.colcon_core.shell:Creating package script '/home/albusgive2/rlfw/rlfw_deploy/install/nz-imu/share/nz-imu/package.ps1'
[0.336s] INFO:colcon.colcon_core.shell:Creating package descriptor '/home/albusgive2/rlfw/rlfw_deploy/install/nz-imu/share/nz-imu/package.dsv'
[0.336s] INFO:colcon.colcon_core.shell:Creating package script '/home/albusgive2/rlfw/rlfw_deploy/install/nz-imu/share/nz-imu/package.sh'
[0.337s] INFO:colcon.colcon_core.shell:Creating package script '/home/albusgive2/rlfw/rlfw_deploy/install/nz-imu/share/nz-imu/package.bash'
[0.337s] INFO:colcon.colcon_core.shell:Creating package script '/home/albusgive2/rlfw/rlfw_deploy/install/nz-imu/share/nz-imu/package.zsh'
[0.338s] Level 1:colcon.colcon_core.environment:create_file_with_runtime_dependencies(/home/albusgive2/rlfw/rlfw_deploy/install/nz-imu/share/colcon-core/packages/nz-imu)
[0.338s] Level 1:colcon.colcon_core.environment:create_environment_scripts_only(nz-imu)
[0.338s] Level 1:colcon.colcon_core.environment:checking '/home/albusgive2/rlfw/rlfw_deploy/install/nz-imu' for CMake module files
[0.338s] Level 1:colcon.colcon_core.environment:checking '/home/albusgive2/rlfw/rlfw_deploy/install/nz-imu' for CMake config files
[0.339s] Level 1:colcon.colcon_core.shell:create_environment_hook('nz-imu', 'cmake_prefix_path')
[0.339s] INFO:colcon.colcon_core.shell:Creating environment hook '/home/albusgive2/rlfw/rlfw_deploy/install/nz-imu/share/nz-imu/hook/cmake_prefix_path.ps1'
[0.339s] INFO:colcon.colcon_core.shell:Creating environment descriptor '/home/albusgive2/rlfw/rlfw_deploy/install/nz-imu/share/nz-imu/hook/cmake_prefix_path.dsv'
[0.339s] INFO:colcon.colcon_core.shell:Creating environment hook '/home/albusgive2/rlfw/rlfw_deploy/install/nz-imu/share/nz-imu/hook/cmake_prefix_path.sh'
[0.340s] Level 1:colcon.colcon_core.environment:checking '/home/albusgive2/rlfw/rlfw_deploy/install/nz-imu/lib'
[0.340s] Level 1:colcon.colcon_core.environment:checking '/home/albusgive2/rlfw/rlfw_deploy/install/nz-imu/bin'
[0.340s] Level 1:colcon.colcon_core.environment:checking '/home/albusgive2/rlfw/rlfw_deploy/install/nz-imu/lib/pkgconfig/nz-imu.pc'
[0.340s] Level 1:colcon.colcon_core.environment:checking '/home/albusgive2/rlfw/rlfw_deploy/install/nz-imu/lib/python3.10/site-packages'
[0.340s] Level 1:colcon.colcon_core.environment:checking '/home/albusgive2/rlfw/rlfw_deploy/install/nz-imu/bin'
[0.340s] INFO:colcon.colcon_core.shell:Creating package script '/home/albusgive2/rlfw/rlfw_deploy/install/nz-imu/share/nz-imu/package.ps1'
[0.341s] INFO:colcon.colcon_core.shell:Creating package descriptor '/home/albusgive2/rlfw/rlfw_deploy/install/nz-imu/share/nz-imu/package.dsv'
[0.341s] INFO:colcon.colcon_core.shell:Creating package script '/home/albusgive2/rlfw/rlfw_deploy/install/nz-imu/share/nz-imu/package.sh'
[0.341s] INFO:colcon.colcon_core.shell:Creating package script '/home/albusgive2/rlfw/rlfw_deploy/install/nz-imu/share/nz-imu/package.bash'
[0.342s] INFO:colcon.colcon_core.shell:Creating package script '/home/albusgive2/rlfw/rlfw_deploy/install/nz-imu/share/nz-imu/package.zsh'
[0.342s] Level 1:colcon.colcon_core.environment:create_file_with_runtime_dependencies(/home/albusgive2/rlfw/rlfw_deploy/install/nz-imu/share/colcon-core/packages/nz-imu)
[0.370s] DEBUG:colcon.colcon_core.event_handler.log_command:Invoked command in '/home/albusgive2/rlfw/rlfw_deploy/build/agent' returned '0': CMAKE_PREFIX_PATH=${CMAKE_PREFIX_PATH}:/opt/ros/humble /usr/bin/cmake --build /home/albusgive2/rlfw/rlfw_deploy/build/agent -- -j12 -l12
[0.370s] DEBUG:colcon.colcon_core.event_handler.log_command:Invoking command in '/home/albusgive2/rlfw/rlfw_deploy/build/agent': CMAKE_PREFIX_PATH=${CMAKE_PREFIX_PATH}:/opt/ros/humble /usr/bin/cmake --install /home/albusgive2/rlfw/rlfw_deploy/build/agent
[0.378s] Level 1:colcon.colcon_core.environment:create_environment_scripts_only(agent)
[0.378s] Level 1:colcon.colcon_core.environment:checking '/home/albusgive2/rlfw/rlfw_deploy/install/agent' for CMake module files
[0.379s] DEBUG:colcon.colcon_core.event_handler.log_command:Invoked command in '/home/albusgive2/rlfw/rlfw_deploy/build/agent' returned '0': CMAKE_PREFIX_PATH=${CMAKE_PREFIX_PATH}:/opt/ros/humble /usr/bin/cmake --install /home/albusgive2/rlfw/rlfw_deploy/build/agent
[0.379s] Level 1:colcon.colcon_core.environment:checking '/home/albusgive2/rlfw/rlfw_deploy/install/agent' for CMake config files
[0.379s] Level 1:colcon.colcon_core.shell:create_environment_hook('agent', 'cmake_prefix_path')
[0.379s] INFO:colcon.colcon_core.shell:Creating environment hook '/home/albusgive2/rlfw/rlfw_deploy/install/agent/share/agent/hook/cmake_prefix_path.ps1'
[0.380s] INFO:colcon.colcon_core.shell:Creating environment descriptor '/home/albusgive2/rlfw/rlfw_deploy/install/agent/share/agent/hook/cmake_prefix_path.dsv'
[0.380s] INFO:colcon.colcon_core.shell:Creating environment hook '/home/albusgive2/rlfw/rlfw_deploy/install/agent/share/agent/hook/cmake_prefix_path.sh'
[0.380s] Level 1:colcon.colcon_core.environment:checking '/home/albusgive2/rlfw/rlfw_deploy/install/agent/lib'
[0.380s] Level 1:colcon.colcon_core.environment:checking '/home/albusgive2/rlfw/rlfw_deploy/install/agent/bin'
[0.380s] Level 1:colcon.colcon_core.environment:checking '/home/albusgive2/rlfw/rlfw_deploy/install/agent/lib/pkgconfig/agent.pc'
[0.381s] Level 1:colcon.colcon_core.environment:checking '/home/albusgive2/rlfw/rlfw_deploy/install/agent/lib/python3.10/site-packages'
[0.381s] Level 1:colcon.colcon_core.environment:checking '/home/albusgive2/rlfw/rlfw_deploy/install/agent/bin'
[0.381s] INFO:colcon.colcon_core.shell:Creating package script '/home/albusgive2/rlfw/rlfw_deploy/install/agent/share/agent/package.ps1'
[0.381s] INFO:colcon.colcon_core.shell:Creating package descriptor '/home/albusgive2/rlfw/rlfw_deploy/install/agent/share/agent/package.dsv'
[0.382s] INFO:colcon.colcon_core.shell:Creating package script '/home/albusgive2/rlfw/rlfw_deploy/install/agent/share/agent/package.sh'
[0.382s] INFO:colcon.colcon_core.shell:Creating package script '/home/albusgive2/rlfw/rlfw_deploy/install/agent/share/agent/package.bash'
[0.382s] INFO:colcon.colcon_core.shell:Creating package script '/home/albusgive2/rlfw/rlfw_deploy/install/agent/share/agent/package.zsh'
[0.383s] Level 1:colcon.colcon_core.environment:create_file_with_runtime_dependencies(/home/albusgive2/rlfw/rlfw_deploy/install/agent/share/colcon-core/packages/agent)
[0.383s] Level 1:colcon.colcon_core.environment:create_environment_scripts_only(agent)
[0.383s] Level 1:colcon.colcon_core.environment:checking '/home/albusgive2/rlfw/rlfw_deploy/install/agent' for CMake module files
[0.384s] Level 1:colcon.colcon_core.environment:checking '/home/albusgive2/rlfw/rlfw_deploy/install/agent' for CMake config files
[0.384s] Level 1:colcon.colcon_core.shell:create_environment_hook('agent', 'cmake_prefix_path')
[0.384s] INFO:colcon.colcon_core.shell:Creating environment hook '/home/albusgive2/rlfw/rlfw_deploy/install/agent/share/agent/hook/cmake_prefix_path.ps1'
[0.384s] INFO:colcon.colcon_core.shell:Creating environment descriptor '/home/albusgive2/rlfw/rlfw_deploy/install/agent/share/agent/hook/cmake_prefix_path.dsv'
[0.385s] INFO:colcon.colcon_core.shell:Creating environment hook '/home/albusgive2/rlfw/rlfw_deploy/install/agent/share/agent/hook/cmake_prefix_path.sh'
[0.385s] Level 1:colcon.colcon_core.environment:checking '/home/albusgive2/rlfw/rlfw_deploy/install/agent/lib'
[0.385s] Level 1:colcon.colcon_core.environment:checking '/home/albusgive2/rlfw/rlfw_deploy/install/agent/bin'
[0.385s] Level 1:colcon.colcon_core.environment:checking '/home/albusgive2/rlfw/rlfw_deploy/install/agent/lib/pkgconfig/agent.pc'
[0.385s] Level 1:colcon.colcon_core.environment:checking '/home/albusgive2/rlfw/rlfw_deploy/install/agent/lib/python3.10/site-packages'
[0.386s] Level 1:colcon.colcon_core.environment:checking '/home/albusgive2/rlfw/rlfw_deploy/install/agent/bin'
[0.386s] INFO:colcon.colcon_core.shell:Creating package script '/home/albusgive2/rlfw/rlfw_deploy/install/agent/share/agent/package.ps1'
[0.386s] INFO:colcon.colcon_core.shell:Creating package descriptor '/home/albusgive2/rlfw/rlfw_deploy/install/agent/share/agent/package.dsv'
[0.387s] INFO:colcon.colcon_core.shell:Creating package script '/home/albusgive2/rlfw/rlfw_deploy/install/agent/share/agent/package.sh'
[0.387s] INFO:colcon.colcon_core.shell:Creating package script '/home/albusgive2/rlfw/rlfw_deploy/install/agent/share/agent/package.bash'
[0.387s] INFO:colcon.colcon_core.shell:Creating package script '/home/albusgive2/rlfw/rlfw_deploy/install/agent/share/agent/package.zsh'
[0.388s] Level 1:colcon.colcon_core.environment:create_file_with_runtime_dependencies(/home/albusgive2/rlfw/rlfw_deploy/install/agent/share/colcon-core/packages/agent)
[10.357s] DEBUG:colcon.colcon_core.event_handler.log_command:Invoked command in '/home/albusgive2/rlfw/rlfw_deploy/build/mujoco_mapping' returned '0': CMAKE_PREFIX_PATH=${CMAKE_PREFIX_PATH}:/opt/ros/humble /usr/bin/cmake --build /home/albusgive2/rlfw/rlfw_deploy/build/mujoco_mapping -- -j12 -l12
[10.358s] DEBUG:colcon.colcon_core.event_handler.log_command:Invoking command in '/home/albusgive2/rlfw/rlfw_deploy/build/mujoco_mapping': CMAKE_PREFIX_PATH=${CMAKE_PREFIX_PATH}:/opt/ros/humble /usr/bin/cmake --install /home/albusgive2/rlfw/rlfw_deploy/build/mujoco_mapping
[10.370s] Level 1:colcon.colcon_core.environment:create_environment_scripts_only(mujoco_mapping)
[10.370s] Level 1:colcon.colcon_core.environment:checking '/home/albusgive2/rlfw/rlfw_deploy/install/mujoco_mapping' for CMake module files
[10.370s] DEBUG:colcon.colcon_core.event_handler.log_command:Invoked command in '/home/albusgive2/rlfw/rlfw_deploy/build/mujoco_mapping' returned '0': CMAKE_PREFIX_PATH=${CMAKE_PREFIX_PATH}:/opt/ros/humble /usr/bin/cmake --install /home/albusgive2/rlfw/rlfw_deploy/build/mujoco_mapping
[10.371s] Level 1:colcon.colcon_core.environment:checking '/home/albusgive2/rlfw/rlfw_deploy/install/mujoco_mapping' for CMake config files
[10.371s] Level 1:colcon.colcon_core.shell:create_environment_hook('mujoco_mapping', 'cmake_prefix_path')
[10.371s] INFO:colcon.colcon_core.shell:Creating environment hook '/home/albusgive2/rlfw/rlfw_deploy/install/mujoco_mapping/share/mujoco_mapping/hook/cmake_prefix_path.ps1'
[10.371s] INFO:colcon.colcon_core.shell:Creating environment descriptor '/home/albusgive2/rlfw/rlfw_deploy/install/mujoco_mapping/share/mujoco_mapping/hook/cmake_prefix_path.dsv'
[10.372s] INFO:colcon.colcon_core.shell:Creating environment hook '/home/albusgive2/rlfw/rlfw_deploy/install/mujoco_mapping/share/mujoco_mapping/hook/cmake_prefix_path.sh'
[10.372s] Level 1:colcon.colcon_core.environment:checking '/home/albusgive2/rlfw/rlfw_deploy/install/mujoco_mapping/lib'
[10.372s] Level 1:colcon.colcon_core.environment:checking '/home/albusgive2/rlfw/rlfw_deploy/install/mujoco_mapping/bin'
[10.372s] Level 1:colcon.colcon_core.environment:checking '/home/albusgive2/rlfw/rlfw_deploy/install/mujoco_mapping/lib/pkgconfig/mujoco_mapping.pc'
[10.372s] Level 1:colcon.colcon_core.environment:checking '/home/albusgive2/rlfw/rlfw_deploy/install/mujoco_mapping/lib/python3.10/site-packages'
[10.372s] Level 1:colcon.colcon_core.environment:checking '/home/albusgive2/rlfw/rlfw_deploy/install/mujoco_mapping/bin'
[10.373s] INFO:colcon.colcon_core.shell:Creating package script '/home/albusgive2/rlfw/rlfw_deploy/install/mujoco_mapping/share/mujoco_mapping/package.ps1'
[10.373s] INFO:colcon.colcon_core.shell:Creating package descriptor '/home/albusgive2/rlfw/rlfw_deploy/install/mujoco_mapping/share/mujoco_mapping/package.dsv'
[10.373s] INFO:colcon.colcon_core.shell:Creating package script '/home/albusgive2/rlfw/rlfw_deploy/install/mujoco_mapping/share/mujoco_mapping/package.sh'
[10.374s] INFO:colcon.colcon_core.shell:Creating package script '/home/albusgive2/rlfw/rlfw_deploy/install/mujoco_mapping/share/mujoco_mapping/package.bash'
[10.374s] INFO:colcon.colcon_core.shell:Creating package script '/home/albusgive2/rlfw/rlfw_deploy/install/mujoco_mapping/share/mujoco_mapping/package.zsh'
[10.374s] Level 1:colcon.colcon_core.environment:create_file_with_runtime_dependencies(/home/albusgive2/rlfw/rlfw_deploy/install/mujoco_mapping/share/colcon-core/packages/mujoco_mapping)
[10.374s] Level 1:colcon.colcon_core.environment:create_environment_scripts_only(mujoco_mapping)
[10.375s] Level 1:colcon.colcon_core.environment:checking '/home/albusgive2/rlfw/rlfw_deploy/install/mujoco_mapping' for CMake module files
[10.375s] Level 1:colcon.colcon_core.environment:checking '/home/albusgive2/rlfw/rlfw_deploy/install/mujoco_mapping' for CMake config files
[10.375s] Level 1:colcon.colcon_core.shell:create_environment_hook('mujoco_mapping', 'cmake_prefix_path')
[10.375s] INFO:colcon.colcon_core.shell:Creating environment hook '/home/albusgive2/rlfw/rlfw_deploy/install/mujoco_mapping/share/mujoco_mapping/hook/cmake_prefix_path.ps1'
[10.376s] INFO:colcon.colcon_core.shell:Creating environment descriptor '/home/albusgive2/rlfw/rlfw_deploy/install/mujoco_mapping/share/mujoco_mapping/hook/cmake_prefix_path.dsv'
[10.376s] INFO:colcon.colcon_core.shell:Creating environment hook '/home/albusgive2/rlfw/rlfw_deploy/install/mujoco_mapping/share/mujoco_mapping/hook/cmake_prefix_path.sh'
[10.376s] Level 1:colcon.colcon_core.environment:checking '/home/albusgive2/rlfw/rlfw_deploy/install/mujoco_mapping/lib'
[10.377s] Level 1:colcon.colcon_core.environment:checking '/home/albusgive2/rlfw/rlfw_deploy/install/mujoco_mapping/bin'
[10.377s] Level 1:colcon.colcon_core.environment:checking '/home/albusgive2/rlfw/rlfw_deploy/install/mujoco_mapping/lib/pkgconfig/mujoco_mapping.pc'
[10.377s] Level 1:colcon.colcon_core.environment:checking '/home/albusgive2/rlfw/rlfw_deploy/install/mujoco_mapping/lib/python3.10/site-packages'
[10.377s] Level 1:colcon.colcon_core.environment:checking '/home/albusgive2/rlfw/rlfw_deploy/install/mujoco_mapping/bin'
[10.377s] INFO:colcon.colcon_core.shell:Creating package script '/home/albusgive2/rlfw/rlfw_deploy/install/mujoco_mapping/share/mujoco_mapping/package.ps1'
[10.378s] INFO:colcon.colcon_core.shell:Creating package descriptor '/home/albusgive2/rlfw/rlfw_deploy/install/mujoco_mapping/share/mujoco_mapping/package.dsv'
[10.378s] INFO:colcon.colcon_core.shell:Creating package script '/home/albusgive2/rlfw/rlfw_deploy/install/mujoco_mapping/share/mujoco_mapping/package.sh'
[10.378s] INFO:colcon.colcon_core.shell:Creating package script '/home/albusgive2/rlfw/rlfw_deploy/install/mujoco_mapping/share/mujoco_mapping/package.bash'
[10.378s] INFO:colcon.colcon_core.shell:Creating package script '/home/albusgive2/rlfw/rlfw_deploy/install/mujoco_mapping/share/mujoco_mapping/package.zsh'
[10.379s] Level 1:colcon.colcon_core.environment:create_file_with_runtime_dependencies(/home/albusgive2/rlfw/rlfw_deploy/install/mujoco_mapping/share/colcon-core/packages/mujoco_mapping)
[15.259s] DEBUG:colcon.colcon_core.event_handler.log_command:Invoked command in '/home/albusgive2/rlfw/rlfw_deploy/build/CommunicationCenter' returned '0': CMAKE_PREFIX_PATH=${CMAKE_PREFIX_PATH}:/opt/ros/humble /usr/bin/cmake --build /home/albusgive2/rlfw/rlfw_deploy/build/CommunicationCenter -- -j12 -l12
[15.260s] DEBUG:colcon.colcon_core.event_handler.log_command:Invoking command in '/home/albusgive2/rlfw/rlfw_deploy/build/CommunicationCenter': CMAKE_PREFIX_PATH=${CMAKE_PREFIX_PATH}:/opt/ros/humble /usr/bin/cmake --install /home/albusgive2/rlfw/rlfw_deploy/build/CommunicationCenter
[15.272s] Level 1:colcon.colcon_core.environment:create_environment_scripts_only(CommunicationCenter)
[15.272s] Level 1:colcon.colcon_core.environment:checking '/home/albusgive2/rlfw/rlfw_deploy/install/CommunicationCenter' for CMake module files
[15.272s] DEBUG:colcon.colcon_core.event_handler.log_command:Invoked command in '/home/albusgive2/rlfw/rlfw_deploy/build/CommunicationCenter' returned '0': CMAKE_PREFIX_PATH=${CMAKE_PREFIX_PATH}:/opt/ros/humble /usr/bin/cmake --install /home/albusgive2/rlfw/rlfw_deploy/build/CommunicationCenter
[15.273s] Level 1:colcon.colcon_core.environment:checking '/home/albusgive2/rlfw/rlfw_deploy/install/CommunicationCenter' for CMake config files
[15.273s] Level 1:colcon.colcon_core.shell:create_environment_hook('CommunicationCenter', 'cmake_prefix_path')
[15.273s] INFO:colcon.colcon_core.shell:Creating environment hook '/home/albusgive2/rlfw/rlfw_deploy/install/CommunicationCenter/share/CommunicationCenter/hook/cmake_prefix_path.ps1'
[15.273s] INFO:colcon.colcon_core.shell:Creating environment descriptor '/home/albusgive2/rlfw/rlfw_deploy/install/CommunicationCenter/share/CommunicationCenter/hook/cmake_prefix_path.dsv'
[15.274s] INFO:colcon.colcon_core.shell:Creating environment hook '/home/albusgive2/rlfw/rlfw_deploy/install/CommunicationCenter/share/CommunicationCenter/hook/cmake_prefix_path.sh'
[15.274s] Level 1:colcon.colcon_core.environment:checking '/home/albusgive2/rlfw/rlfw_deploy/install/CommunicationCenter/lib'
[15.274s] Level 1:colcon.colcon_core.environment:checking '/home/albusgive2/rlfw/rlfw_deploy/install/CommunicationCenter/bin'
[15.274s] Level 1:colcon.colcon_core.environment:checking '/home/albusgive2/rlfw/rlfw_deploy/install/CommunicationCenter/lib/pkgconfig/CommunicationCenter.pc'
[15.274s] Level 1:colcon.colcon_core.environment:checking '/home/albusgive2/rlfw/rlfw_deploy/install/CommunicationCenter/lib/python3.10/site-packages'
[15.275s] Level 1:colcon.colcon_core.environment:checking '/home/albusgive2/rlfw/rlfw_deploy/install/CommunicationCenter/bin'
[15.275s] INFO:colcon.colcon_core.shell:Creating package script '/home/albusgive2/rlfw/rlfw_deploy/install/CommunicationCenter/share/CommunicationCenter/package.ps1'
[15.275s] INFO:colcon.colcon_core.shell:Creating package descriptor '/home/albusgive2/rlfw/rlfw_deploy/install/CommunicationCenter/share/CommunicationCenter/package.dsv'
[15.275s] INFO:colcon.colcon_core.shell:Creating package script '/home/albusgive2/rlfw/rlfw_deploy/install/CommunicationCenter/share/CommunicationCenter/package.sh'
[15.276s] INFO:colcon.colcon_core.shell:Creating package script '/home/albusgive2/rlfw/rlfw_deploy/install/CommunicationCenter/share/CommunicationCenter/package.bash'
[15.276s] INFO:colcon.colcon_core.shell:Creating package script '/home/albusgive2/rlfw/rlfw_deploy/install/CommunicationCenter/share/CommunicationCenter/package.zsh'
[15.276s] Level 1:colcon.colcon_core.environment:create_file_with_runtime_dependencies(/home/albusgive2/rlfw/rlfw_deploy/install/CommunicationCenter/share/colcon-core/packages/CommunicationCenter)
[15.277s] Level 1:colcon.colcon_core.environment:create_environment_scripts_only(CommunicationCenter)
[15.277s] Level 1:colcon.colcon_core.environment:checking '/home/albusgive2/rlfw/rlfw_deploy/install/CommunicationCenter' for CMake module files
[15.277s] Level 1:colcon.colcon_core.environment:checking '/home/albusgive2/rlfw/rlfw_deploy/install/CommunicationCenter' for CMake config files
[15.277s] Level 1:colcon.colcon_core.shell:create_environment_hook('CommunicationCenter', 'cmake_prefix_path')
[15.277s] INFO:colcon.colcon_core.shell:Creating environment hook '/home/albusgive2/rlfw/rlfw_deploy/install/CommunicationCenter/share/CommunicationCenter/hook/cmake_prefix_path.ps1'
[15.278s] INFO:colcon.colcon_core.shell:Creating environment descriptor '/home/albusgive2/rlfw/rlfw_deploy/install/CommunicationCenter/share/CommunicationCenter/hook/cmake_prefix_path.dsv'
[15.278s] INFO:colcon.colcon_core.shell:Creating environment hook '/home/albusgive2/rlfw/rlfw_deploy/install/CommunicationCenter/share/CommunicationCenter/hook/cmake_prefix_path.sh'
[15.278s] Level 1:colcon.colcon_core.environment:checking '/home/albusgive2/rlfw/rlfw_deploy/install/CommunicationCenter/lib'
[15.278s] Level 1:colcon.colcon_core.environment:checking '/home/albusgive2/rlfw/rlfw_deploy/install/CommunicationCenter/bin'
[15.278s] Level 1:colcon.colcon_core.environment:checking '/home/albusgive2/rlfw/rlfw_deploy/install/CommunicationCenter/lib/pkgconfig/CommunicationCenter.pc'
[15.278s] Level 1:colcon.colcon_core.environment:checking '/home/albusgive2/rlfw/rlfw_deploy/install/CommunicationCenter/lib/python3.10/site-packages'
[15.279s] Level 1:colcon.colcon_core.environment:checking '/home/albusgive2/rlfw/rlfw_deploy/install/CommunicationCenter/bin'
[15.279s] INFO:colcon.colcon_core.shell:Creating package script '/home/albusgive2/rlfw/rlfw_deploy/install/CommunicationCenter/share/CommunicationCenter/package.ps1'
[15.279s] INFO:colcon.colcon_core.shell:Creating package descriptor '/home/albusgive2/rlfw/rlfw_deploy/install/CommunicationCenter/share/CommunicationCenter/package.dsv'
[15.279s] INFO:colcon.colcon_core.shell:Creating package script '/home/albusgive2/rlfw/rlfw_deploy/install/CommunicationCenter/share/CommunicationCenter/package.sh'
[15.280s] INFO:colcon.colcon_core.shell:Creating package script '/home/albusgive2/rlfw/rlfw_deploy/install/CommunicationCenter/share/CommunicationCenter/package.bash'
[15.280s] INFO:colcon.colcon_core.shell:Creating package script '/home/albusgive2/rlfw/rlfw_deploy/install/CommunicationCenter/share/CommunicationCenter/package.zsh'
[15.280s] Level 1:colcon.colcon_core.environment:create_file_with_runtime_dependencies(/home/albusgive2/rlfw/rlfw_deploy/install/CommunicationCenter/share/colcon-core/packages/CommunicationCenter)
[15.280s] DEBUG:colcon.colcon_parallel_executor.executor.parallel:closing loop
[15.281s] DEBUG:colcon.colcon_parallel_executor.executor.parallel:loop closed
[15.281s] DEBUG:colcon.colcon_parallel_executor.executor.parallel:run_until_complete finished with '0'
[15.281s] DEBUG:colcon.colcon_core.event_reactor:joining thread
[15.286s] INFO:colcon.colcon_core.plugin_system:Skipping extension 'colcon_notification.desktop_notification.terminal_notifier': Not used on non-Darwin systems
[15.286s] INFO:colcon.colcon_core.plugin_system:Skipping extension 'colcon_notification.desktop_notification.win32': Not used on non-Windows systems
[15.286s] INFO:colcon.colcon_notification.desktop_notification:Sending desktop notification using 'notify2'
[15.294s] DEBUG:colcon.colcon_core.event_reactor:joined thread
[15.294s] INFO:colcon.colcon_core.shell:Creating prefix script '/home/albusgive2/rlfw/rlfw_deploy/install/local_setup.ps1'
[15.295s] INFO:colcon.colcon_core.shell:Creating prefix util module '/home/albusgive2/rlfw/rlfw_deploy/install/_local_setup_util_ps1.py'
[15.296s] INFO:colcon.colcon_core.shell:Creating prefix chain script '/home/albusgive2/rlfw/rlfw_deploy/install/setup.ps1'
[15.297s] INFO:colcon.colcon_core.shell:Creating prefix script '/home/albusgive2/rlfw/rlfw_deploy/install/local_setup.sh'
[15.297s] INFO:colcon.colcon_core.shell:Creating prefix util module '/home/albusgive2/rlfw/rlfw_deploy/install/_local_setup_util_sh.py'
[15.297s] INFO:colcon.colcon_core.shell:Creating prefix chain script '/home/albusgive2/rlfw/rlfw_deploy/install/setup.sh'
[15.298s] INFO:colcon.colcon_core.shell:Creating prefix script '/home/albusgive2/rlfw/rlfw_deploy/install/local_setup.bash'
[15.298s] INFO:colcon.colcon_core.shell:Creating prefix chain script '/home/albusgive2/rlfw/rlfw_deploy/install/setup.bash'
[15.299s] INFO:colcon.colcon_core.shell:Creating prefix script '/home/albusgive2/rlfw/rlfw_deploy/install/local_setup.zsh'
[15.299s] INFO:colcon.colcon_core.shell:Creating prefix chain script '/home/albusgive2/rlfw/rlfw_deploy/install/setup.zsh'
