[0.006s] Invoking command in '/home/albusgive2/rlfw/rlfw_tool/build/motor_ctrl': CMAKE_PREFIX_PATH=${CMAKE_PREFIX_PATH}:/opt/ros/humble /usr/bin/cmake --build /home/albusgive2/rlfw/rlfw_tool/build/motor_ctrl -- -j12 -l12
[0.040s] [35m[1mConsolidate compiler generated dependencies of target motor_ctrl[0m
[0.060s] [  8%] [32mBuilding CXX object CMakeFiles/motor_ctrl.dir/src/mainwindow.cpp.o[0m
[1.902s] In file included from [01m[K/home/albusgive2/rlfw/rlfw_tool/src/motor_ctrl/include/mainwindow.h:5[m[K,
[1.902s]                  from [01m[K/home/albusgive2/rlfw/rlfw_tool/src/motor_ctrl/src/mainwindow.cpp:1[m[K:
[1.902s] [01m[K/home/albusgive2/rlfw/rlfw_tool/src/motor_ctrl/include/MotorCTRL.h:[m[K In member function ‘[01m[Kvoid MotorCTRL::printRemoteData(rlfw_msgs::msg::Remote_<std::allocator<void> >::SharedPtr)[m[K’:
[1.902s] [01m[K/home/albusgive2/rlfw/rlfw_tool/src/motor_ctrl/include/MotorCTRL.h:55:64:[m[K [01;35m[Kwarning: [m[Kunused parameter ‘[01m[Kmsg[m[K’ [[01;35m[K]8;;https://gcc.gnu.org/onlinedocs/gcc/Warning-Options.html#index-Wunused-parameter-Wunused-parameter]8;;[m[K]
[1.902s]    55 |   void printRemoteData([01;35m[Kconst rlfw_msgs::msg::Remote::SharedPtr msg[m[K) {
[1.902s]       |                        [01;35m[K~~~~~~~~~~~~~~~~~~~~~~~~~~~~~~~~~~~~~~~~^~~[m[K
[9.183s] [ 16%] [32m[1mLinking CXX executable motor_ctrl[0m
[9.790s] [100%] Built target motor_ctrl
[9.797s] Invoked command in '/home/albusgive2/rlfw/rlfw_tool/build/motor_ctrl' returned '0': CMAKE_PREFIX_PATH=${CMAKE_PREFIX_PATH}:/opt/ros/humble /usr/bin/cmake --build /home/albusgive2/rlfw/rlfw_tool/build/motor_ctrl -- -j12 -l12
[9.803s] Invoking command in '/home/albusgive2/rlfw/rlfw_tool/build/motor_ctrl': CMAKE_PREFIX_PATH=${CMAKE_PREFIX_PATH}:/opt/ros/humble /usr/bin/cmake --install /home/albusgive2/rlfw/rlfw_tool/build/motor_ctrl
[9.807s] -- Install configuration: ""
[9.807s] -- Installing: /home/albusgive2/rlfw/rlfw_tool/install/motor_ctrl/lib/motor_ctrl/motor_ctrl
[9.810s] -- Set runtime path of "/home/albusgive2/rlfw/rlfw_tool/install/motor_ctrl/lib/motor_ctrl/motor_ctrl" to ""
[9.810s] -- Up-to-date: /home/albusgive2/rlfw/rlfw_tool/install/motor_ctrl/share/ament_index/resource_index/package_run_dependencies/motor_ctrl
[9.810s] -- Up-to-date: /home/albusgive2/rlfw/rlfw_tool/install/motor_ctrl/share/ament_index/resource_index/parent_prefix_path/motor_ctrl
[9.811s] -- Up-to-date: /home/albusgive2/rlfw/rlfw_tool/install/motor_ctrl/share/motor_ctrl/environment/ament_prefix_path.sh
[9.811s] -- Up-to-date: /home/albusgive2/rlfw/rlfw_tool/install/motor_ctrl/share/motor_ctrl/environment/ament_prefix_path.dsv
[9.811s] -- Up-to-date: /home/albusgive2/rlfw/rlfw_tool/install/motor_ctrl/share/motor_ctrl/environment/path.sh
[9.811s] -- Up-to-date: /home/albusgive2/rlfw/rlfw_tool/install/motor_ctrl/share/motor_ctrl/environment/path.dsv
[9.811s] -- Up-to-date: /home/albusgive2/rlfw/rlfw_tool/install/motor_ctrl/share/motor_ctrl/local_setup.bash
[9.811s] -- Up-to-date: /home/albusgive2/rlfw/rlfw_tool/install/motor_ctrl/share/motor_ctrl/local_setup.sh
[9.811s] -- Up-to-date: /home/albusgive2/rlfw/rlfw_tool/install/motor_ctrl/share/motor_ctrl/local_setup.zsh
[9.811s] -- Up-to-date: /home/albusgive2/rlfw/rlfw_tool/install/motor_ctrl/share/motor_ctrl/local_setup.dsv
[9.811s] -- Installing: /home/albusgive2/rlfw/rlfw_tool/install/motor_ctrl/share/motor_ctrl/package.dsv
[9.811s] -- Up-to-date: /home/albusgive2/rlfw/rlfw_tool/install/motor_ctrl/share/ament_index/resource_index/packages/motor_ctrl
[9.811s] -- Up-to-date: /home/albusgive2/rlfw/rlfw_tool/install/motor_ctrl/share/motor_ctrl/cmake/motor_ctrlConfig.cmake
[9.811s] -- Up-to-date: /home/albusgive2/rlfw/rlfw_tool/install/motor_ctrl/share/motor_ctrl/cmake/motor_ctrlConfig-version.cmake
[9.811s] -- Up-to-date: /home/albusgive2/rlfw/rlfw_tool/install/motor_ctrl/share/motor_ctrl/package.xml
[9.812s] Invoked command in '/home/albusgive2/rlfw/rlfw_tool/build/motor_ctrl' returned '0': CMAKE_PREFIX_PATH=${CMAKE_PREFIX_PATH}:/opt/ros/humble /usr/bin/cmake --install /home/albusgive2/rlfw/rlfw_tool/build/motor_ctrl
