[0.111s] DEBUG:colcon:Command line arguments: ['/usr/bin/colcon', 'build']
[0.111s] DEBUG:colcon:Parsed command line arguments: Namespace(log_base=None, log_level=None, verb_name='build', build_base='build', install_base='install', merge_install=False, symlink_install=False, test_result_base=None, continue_on_error=False, executor='parallel', parallel_workers=12, event_handlers=None, ignore_user_meta=False, metas=['./colcon.meta'], base_paths=['.'], packages_ignore=None, packages_ignore_regex=None, paths=None, packages_up_to=None, packages_up_to_regex=None, packages_above=None, packages_above_and_dependencies=None, packages_above_depth=None, packages_select_by_dep=None, packages_skip_by_dep=None, packages_skip_up_to=None, packages_select_build_failed=False, packages_skip_build_finished=False, packages_select_test_failures=False, packages_skip_test_passed=False, packages_select=None, packages_skip=None, packages_select_regex=None, packages_skip_regex=None, packages_start=None, packages_end=None, allow_overriding=[], cmake_args=None, cmake_target=None, cmake_target_skip_unavailable=False, cmake_clean_cache=False, cmake_clean_first=False, cmake_force_configure=False, ament_cmake_args=None, catkin_cmake_args=None, catkin_skip_building_tests=False, verb_parser=<colcon_defaults.argument_parser.defaults.DefaultArgumentsDecorator object at 0x7583e1bbee60>, verb_extension=<colcon_core.verb.build.BuildVerb object at 0x7583e1d68310>, main=<bound method BuildVerb.main of <colcon_core.verb.build.BuildVerb object at 0x7583e1d68310>>)
[0.247s] Level 1:colcon.colcon_core.package_discovery:discover_packages(colcon_meta) check parameters
[0.247s] Level 1:colcon.colcon_core.package_discovery:discover_packages(recursive) check parameters
[0.247s] Level 1:colcon.colcon_core.package_discovery:discover_packages(ignore) check parameters
[0.247s] Level 1:colcon.colcon_core.package_discovery:discover_packages(path) check parameters
[0.247s] Level 1:colcon.colcon_core.package_discovery:discover_packages(colcon_meta) discover
[0.247s] Level 1:colcon.colcon_core.package_discovery:discover_packages(recursive) discover
[0.247s] INFO:colcon.colcon_core.package_discovery:Crawling recursively for packages in '/home/albusgive2/rlfw/rlfw_deploy'
[0.247s] Level 1:colcon.colcon_core.package_identification:_identify(.) by extensions ['ignore', 'ignore_ament_install']
[0.247s] Level 1:colcon.colcon_core.package_identification:_identify(.) by extension 'ignore'
[0.247s] Level 1:colcon.colcon_core.package_identification:_identify(.) by extension 'ignore_ament_install'
[0.247s] Level 1:colcon.colcon_core.package_identification:_identify(.) by extensions ['colcon_pkg']
[0.247s] Level 1:colcon.colcon_core.package_identification:_identify(.) by extension 'colcon_pkg'
[0.247s] Level 1:colcon.colcon_core.package_identification:_identify(.) by extensions ['colcon_meta']
[0.247s] Level 1:colcon.colcon_core.package_identification:_identify(.) by extension 'colcon_meta'
[0.247s] Level 1:colcon.colcon_core.package_identification:_identify(.) by extensions ['ros']
[0.247s] Level 1:colcon.colcon_core.package_identification:_identify(.) by extension 'ros'
[0.257s] Level 1:colcon.colcon_core.package_identification:_identify(.) by extensions ['cmake', 'python']
[0.257s] Level 1:colcon.colcon_core.package_identification:_identify(.) by extension 'cmake'
[0.257s] Level 1:colcon.colcon_core.package_identification:_identify(.) by extension 'python'
[0.257s] Level 1:colcon.colcon_core.package_identification:_identify(.) by extensions ['python_setup_py']
[0.257s] Level 1:colcon.colcon_core.package_identification:_identify(.) by extension 'python_setup_py'
[0.257s] Level 1:colcon.colcon_core.package_identification:_identify(build) by extensions ['ignore', 'ignore_ament_install']
[0.257s] Level 1:colcon.colcon_core.package_identification:_identify(build) by extension 'ignore'
[0.257s] Level 1:colcon.colcon_core.package_identification:_identify(build) ignored
[0.257s] Level 1:colcon.colcon_core.package_identification:_identify(install) by extensions ['ignore', 'ignore_ament_install']
[0.257s] Level 1:colcon.colcon_core.package_identification:_identify(install) by extension 'ignore'
[0.257s] Level 1:colcon.colcon_core.package_identification:_identify(install) ignored
[0.257s] Level 1:colcon.colcon_core.package_identification:_identify(log) by extensions ['ignore', 'ignore_ament_install']
[0.257s] Level 1:colcon.colcon_core.package_identification:_identify(log) by extension 'ignore'
[0.257s] Level 1:colcon.colcon_core.package_identification:_identify(log) ignored
[0.258s] Level 1:colcon.colcon_core.package_identification:_identify(src) by extensions ['ignore', 'ignore_ament_install']
[0.258s] Level 1:colcon.colcon_core.package_identification:_identify(src) by extension 'ignore'
[0.258s] Level 1:colcon.colcon_core.package_identification:_identify(src) by extension 'ignore_ament_install'
[0.258s] Level 1:colcon.colcon_core.package_identification:_identify(src) by extensions ['colcon_pkg']
[0.258s] Level 1:colcon.colcon_core.package_identification:_identify(src) by extension 'colcon_pkg'
[0.258s] Level 1:colcon.colcon_core.package_identification:_identify(src) by extensions ['colcon_meta']
[0.258s] Level 1:colcon.colcon_core.package_identification:_identify(src) by extension 'colcon_meta'
[0.258s] Level 1:colcon.colcon_core.package_identification:_identify(src) by extensions ['ros']
[0.258s] Level 1:colcon.colcon_core.package_identification:_identify(src) by extension 'ros'
[0.258s] Level 1:colcon.colcon_core.package_identification:_identify(src) by extensions ['cmake', 'python']
[0.258s] Level 1:colcon.colcon_core.package_identification:_identify(src) by extension 'cmake'
[0.258s] Level 1:colcon.colcon_core.package_identification:_identify(src) by extension 'python'
[0.258s] Level 1:colcon.colcon_core.package_identification:_identify(src) by extensions ['python_setup_py']
[0.258s] Level 1:colcon.colcon_core.package_identification:_identify(src) by extension 'python_setup_py'
[0.258s] Level 1:colcon.colcon_core.package_identification:_identify(src/CommunicationCenter) by extensions ['ignore', 'ignore_ament_install']
[0.258s] Level 1:colcon.colcon_core.package_identification:_identify(src/CommunicationCenter) by extension 'ignore'
[0.258s] Level 1:colcon.colcon_core.package_identification:_identify(src/CommunicationCenter) by extension 'ignore_ament_install'
[0.258s] Level 1:colcon.colcon_core.package_identification:_identify(src/CommunicationCenter) by extensions ['colcon_pkg']
[0.258s] Level 1:colcon.colcon_core.package_identification:_identify(src/CommunicationCenter) by extension 'colcon_pkg'
[0.258s] Level 1:colcon.colcon_core.package_identification:_identify(src/CommunicationCenter) by extensions ['colcon_meta']
[0.258s] Level 1:colcon.colcon_core.package_identification:_identify(src/CommunicationCenter) by extension 'colcon_meta'
[0.258s] Level 1:colcon.colcon_core.package_identification:_identify(src/CommunicationCenter) by extensions ['ros']
[0.258s] Level 1:colcon.colcon_core.package_identification:_identify(src/CommunicationCenter) by extension 'ros'
[0.260s] DEBUG:colcon.colcon_core.package_identification:Package 'src/CommunicationCenter' with type 'ros.ament_cmake' and name 'CommunicationCenter'
[0.261s] Level 1:colcon.colcon_core.package_identification:_identify(src/agent) by extensions ['ignore', 'ignore_ament_install']
[0.261s] Level 1:colcon.colcon_core.package_identification:_identify(src/agent) by extension 'ignore'
[0.261s] Level 1:colcon.colcon_core.package_identification:_identify(src/agent) by extension 'ignore_ament_install'
[0.261s] Level 1:colcon.colcon_core.package_identification:_identify(src/agent) by extensions ['colcon_pkg']
[0.261s] Level 1:colcon.colcon_core.package_identification:_identify(src/agent) by extension 'colcon_pkg'
[0.261s] Level 1:colcon.colcon_core.package_identification:_identify(src/agent) by extensions ['colcon_meta']
[0.261s] Level 1:colcon.colcon_core.package_identification:_identify(src/agent) by extension 'colcon_meta'
[0.261s] Level 1:colcon.colcon_core.package_identification:_identify(src/agent) by extensions ['ros']
[0.261s] Level 1:colcon.colcon_core.package_identification:_identify(src/agent) by extension 'ros'
[0.261s] DEBUG:colcon.colcon_core.package_identification:Package 'src/agent' with type 'ros.ament_cmake' and name 'agent'
[0.262s] Level 1:colcon.colcon_core.package_identification:_identify(src/mujoco_mapping) by extensions ['ignore', 'ignore_ament_install']
[0.262s] Level 1:colcon.colcon_core.package_identification:_identify(src/mujoco_mapping) by extension 'ignore'
[0.262s] Level 1:colcon.colcon_core.package_identification:_identify(src/mujoco_mapping) by extension 'ignore_ament_install'
[0.262s] Level 1:colcon.colcon_core.package_identification:_identify(src/mujoco_mapping) by extensions ['colcon_pkg']
[0.262s] Level 1:colcon.colcon_core.package_identification:_identify(src/mujoco_mapping) by extension 'colcon_pkg'
[0.262s] Level 1:colcon.colcon_core.package_identification:_identify(src/mujoco_mapping) by extensions ['colcon_meta']
[0.262s] Level 1:colcon.colcon_core.package_identification:_identify(src/mujoco_mapping) by extension 'colcon_meta'
[0.262s] Level 1:colcon.colcon_core.package_identification:_identify(src/mujoco_mapping) by extensions ['ros']
[0.262s] Level 1:colcon.colcon_core.package_identification:_identify(src/mujoco_mapping) by extension 'ros'
[0.262s] DEBUG:colcon.colcon_core.package_identification:Package 'src/mujoco_mapping' with type 'ros.ament_cmake' and name 'mujoco_mapping'
[0.262s] Level 1:colcon.colcon_core.package_identification:_identify(src/nz-imu) by extensions ['ignore', 'ignore_ament_install']
[0.263s] Level 1:colcon.colcon_core.package_identification:_identify(src/nz-imu) by extension 'ignore'
[0.263s] Level 1:colcon.colcon_core.package_identification:_identify(src/nz-imu) by extension 'ignore_ament_install'
[0.263s] Level 1:colcon.colcon_core.package_identification:_identify(src/nz-imu) by extensions ['colcon_pkg']
[0.263s] Level 1:colcon.colcon_core.package_identification:_identify(src/nz-imu) by extension 'colcon_pkg'
[0.263s] Level 1:colcon.colcon_core.package_identification:_identify(src/nz-imu) by extensions ['colcon_meta']
[0.263s] Level 1:colcon.colcon_core.package_identification:_identify(src/nz-imu) by extension 'colcon_meta'
[0.263s] Level 1:colcon.colcon_core.package_identification:_identify(src/nz-imu) by extensions ['ros']
[0.263s] Level 1:colcon.colcon_core.package_identification:_identify(src/nz-imu) by extension 'ros'
[0.263s] DEBUG:colcon.colcon_core.package_identification:Package 'src/nz-imu' with type 'ros.ament_cmake' and name 'nz-imu'
[0.263s] Level 1:colcon.colcon_core.package_discovery:discover_packages(recursive) using defaults
[0.263s] Level 1:colcon.colcon_core.package_discovery:discover_packages(ignore) discover
[0.263s] Level 1:colcon.colcon_core.package_discovery:discover_packages(ignore) using defaults
[0.263s] Level 1:colcon.colcon_core.package_discovery:discover_packages(path) discover
[0.263s] Level 1:colcon.colcon_core.package_discovery:discover_packages(path) using defaults
[0.282s] Level 1:colcon.colcon_core.package_discovery:discover_packages(prefix_path) check parameters
[0.282s] Level 1:colcon.colcon_core.package_discovery:discover_packages(prefix_path) discover
[0.286s] DEBUG:colcon.colcon_installed_package_information.package_discovery:Found 4 installed packages in /home/albusgive2/rlfw/rlfw_deploy/install
[0.286s] DEBUG:colcon.colcon_installed_package_information.package_discovery:Found 1 installed packages in /home/albusgive2/rlfw/rlfw_interface/install
[0.287s] DEBUG:colcon.colcon_installed_package_information.package_discovery:Found 271 installed packages in /opt/ros/humble
[0.289s] Level 1:colcon.colcon_core.package_discovery:discover_packages(prefix_path) using defaults
[0.336s] Level 5:colcon.colcon_core.verb:set package 'CommunicationCenter' build argument 'cmake_args' from command line to 'None'
[0.336s] Level 5:colcon.colcon_core.verb:set package 'CommunicationCenter' build argument 'cmake_target' from command line to 'None'
[0.336s] Level 5:colcon.colcon_core.verb:set package 'CommunicationCenter' build argument 'cmake_target_skip_unavailable' from command line to 'False'
[0.336s] Level 5:colcon.colcon_core.verb:set package 'CommunicationCenter' build argument 'cmake_clean_cache' from command line to 'False'
[0.336s] Level 5:colcon.colcon_core.verb:set package 'CommunicationCenter' build argument 'cmake_clean_first' from command line to 'False'
[0.336s] Level 5:colcon.colcon_core.verb:set package 'CommunicationCenter' build argument 'cmake_force_configure' from command line to 'False'
[0.336s] Level 5:colcon.colcon_core.verb:set package 'CommunicationCenter' build argument 'ament_cmake_args' from command line to 'None'
[0.336s] Level 5:colcon.colcon_core.verb:set package 'CommunicationCenter' build argument 'catkin_cmake_args' from command line to 'None'
[0.336s] Level 5:colcon.colcon_core.verb:set package 'CommunicationCenter' build argument 'catkin_skip_building_tests' from command line to 'False'
[0.336s] DEBUG:colcon.colcon_core.verb:Building package 'CommunicationCenter' with the following arguments: {'ament_cmake_args': None, 'build_base': '/home/albusgive2/rlfw/rlfw_deploy/build/CommunicationCenter', 'catkin_cmake_args': None, 'catkin_skip_building_tests': False, 'cmake_args': None, 'cmake_clean_cache': False, 'cmake_clean_first': False, 'cmake_force_configure': False, 'cmake_target': None, 'cmake_target_skip_unavailable': False, 'install_base': '/home/albusgive2/rlfw/rlfw_deploy/install/CommunicationCenter', 'merge_install': False, 'path': '/home/albusgive2/rlfw/rlfw_deploy/src/CommunicationCenter', 'symlink_install': False, 'test_result_base': None}
[0.336s] Level 5:colcon.colcon_core.verb:set package 'agent' build argument 'cmake_args' from command line to 'None'
[0.336s] Level 5:colcon.colcon_core.verb:set package 'agent' build argument 'cmake_target' from command line to 'None'
[0.336s] Level 5:colcon.colcon_core.verb:set package 'agent' build argument 'cmake_target_skip_unavailable' from command line to 'False'
[0.336s] Level 5:colcon.colcon_core.verb:set package 'agent' build argument 'cmake_clean_cache' from command line to 'False'
[0.336s] Level 5:colcon.colcon_core.verb:set package 'agent' build argument 'cmake_clean_first' from command line to 'False'
[0.336s] Level 5:colcon.colcon_core.verb:set package 'agent' build argument 'cmake_force_configure' from command line to 'False'
[0.336s] Level 5:colcon.colcon_core.verb:set package 'agent' build argument 'ament_cmake_args' from command line to 'None'
[0.336s] Level 5:colcon.colcon_core.verb:set package 'agent' build argument 'catkin_cmake_args' from command line to 'None'
[0.336s] Level 5:colcon.colcon_core.verb:set package 'agent' build argument 'catkin_skip_building_tests' from command line to 'False'
[0.336s] DEBUG:colcon.colcon_core.verb:Building package 'agent' with the following arguments: {'ament_cmake_args': None, 'build_base': '/home/albusgive2/rlfw/rlfw_deploy/build/agent', 'catkin_cmake_args': None, 'catkin_skip_building_tests': False, 'cmake_args': None, 'cmake_clean_cache': False, 'cmake_clean_first': False, 'cmake_force_configure': False, 'cmake_target': None, 'cmake_target_skip_unavailable': False, 'install_base': '/home/albusgive2/rlfw/rlfw_deploy/install/agent', 'merge_install': False, 'path': '/home/albusgive2/rlfw/rlfw_deploy/src/agent', 'symlink_install': False, 'test_result_base': None}
[0.336s] Level 5:colcon.colcon_core.verb:set package 'mujoco_mapping' build argument 'cmake_args' from command line to 'None'
[0.336s] Level 5:colcon.colcon_core.verb:set package 'mujoco_mapping' build argument 'cmake_target' from command line to 'None'
[0.336s] Level 5:colcon.colcon_core.verb:set package 'mujoco_mapping' build argument 'cmake_target_skip_unavailable' from command line to 'False'
[0.336s] Level 5:colcon.colcon_core.verb:set package 'mujoco_mapping' build argument 'cmake_clean_cache' from command line to 'False'
[0.336s] Level 5:colcon.colcon_core.verb:set package 'mujoco_mapping' build argument 'cmake_clean_first' from command line to 'False'
[0.336s] Level 5:colcon.colcon_core.verb:set package 'mujoco_mapping' build argument 'cmake_force_configure' from command line to 'False'
[0.336s] Level 5:colcon.colcon_core.verb:set package 'mujoco_mapping' build argument 'ament_cmake_args' from command line to 'None'
[0.336s] Level 5:colcon.colcon_core.verb:set package 'mujoco_mapping' build argument 'catkin_cmake_args' from command line to 'None'
[0.336s] Level 5:colcon.colcon_core.verb:set package 'mujoco_mapping' build argument 'catkin_skip_building_tests' from command line to 'False'
[0.336s] DEBUG:colcon.colcon_core.verb:Building package 'mujoco_mapping' with the following arguments: {'ament_cmake_args': None, 'build_base': '/home/albusgive2/rlfw/rlfw_deploy/build/mujoco_mapping', 'catkin_cmake_args': None, 'catkin_skip_building_tests': False, 'cmake_args': None, 'cmake_clean_cache': False, 'cmake_clean_first': False, 'cmake_force_configure': False, 'cmake_target': None, 'cmake_target_skip_unavailable': False, 'install_base': '/home/albusgive2/rlfw/rlfw_deploy/install/mujoco_mapping', 'merge_install': False, 'path': '/home/albusgive2/rlfw/rlfw_deploy/src/mujoco_mapping', 'symlink_install': False, 'test_result_base': None}
[0.337s] Level 5:colcon.colcon_core.verb:set package 'nz-imu' build argument 'cmake_args' from command line to 'None'
[0.337s] Level 5:colcon.colcon_core.verb:set package 'nz-imu' build argument 'cmake_target' from command line to 'None'
[0.337s] Level 5:colcon.colcon_core.verb:set package 'nz-imu' build argument 'cmake_target_skip_unavailable' from command line to 'False'
[0.337s] Level 5:colcon.colcon_core.verb:set package 'nz-imu' build argument 'cmake_clean_cache' from command line to 'False'
[0.337s] Level 5:colcon.colcon_core.verb:set package 'nz-imu' build argument 'cmake_clean_first' from command line to 'False'
[0.337s] Level 5:colcon.colcon_core.verb:set package 'nz-imu' build argument 'cmake_force_configure' from command line to 'False'
[0.337s] Level 5:colcon.colcon_core.verb:set package 'nz-imu' build argument 'ament_cmake_args' from command line to 'None'
[0.337s] Level 5:colcon.colcon_core.verb:set package 'nz-imu' build argument 'catkin_cmake_args' from command line to 'None'
[0.337s] Level 5:colcon.colcon_core.verb:set package 'nz-imu' build argument 'catkin_skip_building_tests' from command line to 'False'
[0.337s] DEBUG:colcon.colcon_core.verb:Building package 'nz-imu' with the following arguments: {'ament_cmake_args': None, 'build_base': '/home/albusgive2/rlfw/rlfw_deploy/build/nz-imu', 'catkin_cmake_args': None, 'catkin_skip_building_tests': False, 'cmake_args': None, 'cmake_clean_cache': False, 'cmake_clean_first': False, 'cmake_force_configure': False, 'cmake_target': None, 'cmake_target_skip_unavailable': False, 'install_base': '/home/albusgive2/rlfw/rlfw_deploy/install/nz-imu', 'merge_install': False, 'path': '/home/albusgive2/rlfw/rlfw_deploy/src/nz-imu', 'symlink_install': False, 'test_result_base': None}
[0.337s] INFO:colcon.colcon_core.executor:Executing jobs using 'parallel' executor
[0.338s] DEBUG:colcon.colcon_parallel_executor.executor.parallel:run_until_complete
[0.338s] INFO:colcon.colcon_ros.task.ament_cmake.build:Building ROS package in '/home/albusgive2/rlfw/rlfw_deploy/src/CommunicationCenter' with build type 'ament_cmake'
[0.338s] INFO:colcon.colcon_cmake.task.cmake.build:Building CMake package in '/home/albusgive2/rlfw/rlfw_deploy/src/CommunicationCenter'
[0.340s] INFO:colcon.colcon_core.plugin_system:Skipping extension 'colcon_core.shell.bat': Not used on non-Windows systems
[0.340s] INFO:colcon.colcon_core.shell:Skip shell extension 'powershell' for command environment: Not usable outside of PowerShell
[0.340s] DEBUG:colcon.colcon_core.shell:Skip shell extension 'dsv' for command environment
[0.343s] INFO:colcon.colcon_ros.task.ament_cmake.build:Building ROS package in '/home/albusgive2/rlfw/rlfw_deploy/src/agent' with build type 'ament_cmake'
[0.343s] INFO:colcon.colcon_cmake.task.cmake.build:Building CMake package in '/home/albusgive2/rlfw/rlfw_deploy/src/agent'
[0.343s] INFO:colcon.colcon_core.shell:Skip shell extension 'powershell' for command environment: Not usable outside of PowerShell
[0.343s] DEBUG:colcon.colcon_core.shell:Skip shell extension 'dsv' for command environment
[0.345s] INFO:colcon.colcon_ros.task.ament_cmake.build:Building ROS package in '/home/albusgive2/rlfw/rlfw_deploy/src/mujoco_mapping' with build type 'ament_cmake'
[0.346s] INFO:colcon.colcon_cmake.task.cmake.build:Building CMake package in '/home/albusgive2/rlfw/rlfw_deploy/src/mujoco_mapping'
[0.346s] INFO:colcon.colcon_core.shell:Skip shell extension 'powershell' for command environment: Not usable outside of PowerShell
[0.346s] DEBUG:colcon.colcon_core.shell:Skip shell extension 'dsv' for command environment
[0.348s] INFO:colcon.colcon_ros.task.ament_cmake.build:Building ROS package in '/home/albusgive2/rlfw/rlfw_deploy/src/nz-imu' with build type 'ament_cmake'
[0.348s] INFO:colcon.colcon_cmake.task.cmake.build:Building CMake package in '/home/albusgive2/rlfw/rlfw_deploy/src/nz-imu'
[0.348s] INFO:colcon.colcon_core.shell:Skip shell extension 'powershell' for command environment: Not usable outside of PowerShell
[0.348s] DEBUG:colcon.colcon_core.shell:Skip shell extension 'dsv' for command environment
[0.354s] DEBUG:colcon.colcon_core.event_handler.log_command:Invoking command in '/home/albusgive2/rlfw/rlfw_deploy/build/CommunicationCenter': CMAKE_PREFIX_PATH=${CMAKE_PREFIX_PATH}:/opt/ros/humble /usr/bin/cmake --build /home/albusgive2/rlfw/rlfw_deploy/build/CommunicationCenter -- -j12 -l12
[0.358s] DEBUG:colcon.colcon_core.event_handler.log_command:Invoking command in '/home/albusgive2/rlfw/rlfw_deploy/build/agent': CMAKE_PREFIX_PATH=${CMAKE_PREFIX_PATH}:/opt/ros/humble /usr/bin/cmake --build /home/albusgive2/rlfw/rlfw_deploy/build/agent -- -j12 -l12
[0.360s] DEBUG:colcon.colcon_core.event_handler.log_command:Invoking command in '/home/albusgive2/rlfw/rlfw_deploy/build/mujoco_mapping': CMAKE_PREFIX_PATH=${CMAKE_PREFIX_PATH}:/opt/ros/humble /usr/bin/cmake --build /home/albusgive2/rlfw/rlfw_deploy/build/mujoco_mapping -- -j12 -l12
[0.363s] DEBUG:colcon.colcon_core.event_handler.log_command:Invoking command in '/home/albusgive2/rlfw/rlfw_deploy/build/nz-imu': CMAKE_PREFIX_PATH=${CMAKE_PREFIX_PATH}:/opt/ros/humble /usr/bin/cmake --build /home/albusgive2/rlfw/rlfw_deploy/build/nz-imu -- -j12 -l12
[0.422s] DEBUG:colcon.colcon_core.event_handler.log_command:Invoked command in '/home/albusgive2/rlfw/rlfw_deploy/build/mujoco_mapping' returned '0': CMAKE_PREFIX_PATH=${CMAKE_PREFIX_PATH}:/opt/ros/humble /usr/bin/cmake --build /home/albusgive2/rlfw/rlfw_deploy/build/mujoco_mapping -- -j12 -l12
[0.429s] DEBUG:colcon.colcon_core.event_handler.log_command:Invoking command in '/home/albusgive2/rlfw/rlfw_deploy/build/mujoco_mapping': CMAKE_PREFIX_PATH=${CMAKE_PREFIX_PATH}:/opt/ros/humble /usr/bin/cmake --install /home/albusgive2/rlfw/rlfw_deploy/build/mujoco_mapping
[0.431s] DEBUG:colcon.colcon_core.event_handler.log_command:Invoked command in '/home/albusgive2/rlfw/rlfw_deploy/build/nz-imu' returned '0': CMAKE_PREFIX_PATH=${CMAKE_PREFIX_PATH}:/opt/ros/humble /usr/bin/cmake --build /home/albusgive2/rlfw/rlfw_deploy/build/nz-imu -- -j12 -l12
[0.432s] DEBUG:colcon.colcon_core.event_handler.log_command:Invoking command in '/home/albusgive2/rlfw/rlfw_deploy/build/nz-imu': CMAKE_PREFIX_PATH=${CMAKE_PREFIX_PATH}:/opt/ros/humble /usr/bin/cmake --install /home/albusgive2/rlfw/rlfw_deploy/build/nz-imu
[0.440s] Level 1:colcon.colcon_core.environment:create_environment_scripts_only(mujoco_mapping)
[0.440s] DEBUG:colcon.colcon_core.event_handler.log_command:Invoked command in '/home/albusgive2/rlfw/rlfw_deploy/build/mujoco_mapping' returned '0': CMAKE_PREFIX_PATH=${CMAKE_PREFIX_PATH}:/opt/ros/humble /usr/bin/cmake --install /home/albusgive2/rlfw/rlfw_deploy/build/mujoco_mapping
[0.444s] Level 1:colcon.colcon_core.environment:checking '/home/albusgive2/rlfw/rlfw_deploy/install/mujoco_mapping' for CMake module files
[0.445s] Level 1:colcon.colcon_core.environment:checking '/home/albusgive2/rlfw/rlfw_deploy/install/mujoco_mapping' for CMake config files
[0.445s] Level 1:colcon.colcon_core.shell:create_environment_hook('mujoco_mapping', 'cmake_prefix_path')
[0.446s] INFO:colcon.colcon_core.shell:Creating environment hook '/home/albusgive2/rlfw/rlfw_deploy/install/mujoco_mapping/share/mujoco_mapping/hook/cmake_prefix_path.ps1'
[0.446s] INFO:colcon.colcon_core.shell:Creating environment descriptor '/home/albusgive2/rlfw/rlfw_deploy/install/mujoco_mapping/share/mujoco_mapping/hook/cmake_prefix_path.dsv'
[0.447s] INFO:colcon.colcon_core.shell:Creating environment hook '/home/albusgive2/rlfw/rlfw_deploy/install/mujoco_mapping/share/mujoco_mapping/hook/cmake_prefix_path.sh'
[0.448s] Level 1:colcon.colcon_core.environment:checking '/home/albusgive2/rlfw/rlfw_deploy/install/mujoco_mapping/lib'
[0.448s] Level 1:colcon.colcon_core.environment:checking '/home/albusgive2/rlfw/rlfw_deploy/install/mujoco_mapping/bin'
[0.448s] Level 1:colcon.colcon_core.environment:checking '/home/albusgive2/rlfw/rlfw_deploy/install/mujoco_mapping/lib/pkgconfig/mujoco_mapping.pc'
[0.448s] Level 1:colcon.colcon_core.environment:checking '/home/albusgive2/rlfw/rlfw_deploy/install/mujoco_mapping/lib/python3.10/site-packages'
[0.448s] Level 1:colcon.colcon_core.environment:checking '/home/albusgive2/rlfw/rlfw_deploy/install/mujoco_mapping/bin'
[0.449s] INFO:colcon.colcon_core.shell:Creating package script '/home/albusgive2/rlfw/rlfw_deploy/install/mujoco_mapping/share/mujoco_mapping/package.ps1'
[0.450s] INFO:colcon.colcon_core.shell:Creating package descriptor '/home/albusgive2/rlfw/rlfw_deploy/install/mujoco_mapping/share/mujoco_mapping/package.dsv'
[0.450s] INFO:colcon.colcon_core.shell:Creating package script '/home/albusgive2/rlfw/rlfw_deploy/install/mujoco_mapping/share/mujoco_mapping/package.sh'
[0.451s] INFO:colcon.colcon_core.shell:Creating package script '/home/albusgive2/rlfw/rlfw_deploy/install/mujoco_mapping/share/mujoco_mapping/package.bash'
[0.452s] INFO:colcon.colcon_core.shell:Creating package script '/home/albusgive2/rlfw/rlfw_deploy/install/mujoco_mapping/share/mujoco_mapping/package.zsh'
[0.452s] Level 1:colcon.colcon_core.environment:create_file_with_runtime_dependencies(/home/albusgive2/rlfw/rlfw_deploy/install/mujoco_mapping/share/colcon-core/packages/mujoco_mapping)
[0.453s] Level 1:colcon.colcon_core.environment:create_environment_scripts_only(mujoco_mapping)
[0.453s] Level 1:colcon.colcon_core.environment:checking '/home/albusgive2/rlfw/rlfw_deploy/install/mujoco_mapping' for CMake module files
[0.453s] Level 1:colcon.colcon_core.environment:checking '/home/albusgive2/rlfw/rlfw_deploy/install/mujoco_mapping' for CMake config files
[0.453s] Level 1:colcon.colcon_core.shell:create_environment_hook('mujoco_mapping', 'cmake_prefix_path')
[0.453s] INFO:colcon.colcon_core.shell:Creating environment hook '/home/albusgive2/rlfw/rlfw_deploy/install/mujoco_mapping/share/mujoco_mapping/hook/cmake_prefix_path.ps1'
[0.454s] INFO:colcon.colcon_core.shell:Creating environment descriptor '/home/albusgive2/rlfw/rlfw_deploy/install/mujoco_mapping/share/mujoco_mapping/hook/cmake_prefix_path.dsv'
[0.454s] INFO:colcon.colcon_core.shell:Creating environment hook '/home/albusgive2/rlfw/rlfw_deploy/install/mujoco_mapping/share/mujoco_mapping/hook/cmake_prefix_path.sh'
[0.454s] Level 1:colcon.colcon_core.environment:checking '/home/albusgive2/rlfw/rlfw_deploy/install/mujoco_mapping/lib'
[0.454s] Level 1:colcon.colcon_core.environment:checking '/home/albusgive2/rlfw/rlfw_deploy/install/mujoco_mapping/bin'
[0.454s] Level 1:colcon.colcon_core.environment:checking '/home/albusgive2/rlfw/rlfw_deploy/install/mujoco_mapping/lib/pkgconfig/mujoco_mapping.pc'
[0.454s] Level 1:colcon.colcon_core.environment:checking '/home/albusgive2/rlfw/rlfw_deploy/install/mujoco_mapping/lib/python3.10/site-packages'
[0.454s] Level 1:colcon.colcon_core.environment:checking '/home/albusgive2/rlfw/rlfw_deploy/install/mujoco_mapping/bin'
[0.455s] INFO:colcon.colcon_core.shell:Creating package script '/home/albusgive2/rlfw/rlfw_deploy/install/mujoco_mapping/share/mujoco_mapping/package.ps1'
[0.455s] INFO:colcon.colcon_core.shell:Creating package descriptor '/home/albusgive2/rlfw/rlfw_deploy/install/mujoco_mapping/share/mujoco_mapping/package.dsv'
[0.455s] INFO:colcon.colcon_core.shell:Creating package script '/home/albusgive2/rlfw/rlfw_deploy/install/mujoco_mapping/share/mujoco_mapping/package.sh'
[0.455s] INFO:colcon.colcon_core.shell:Creating package script '/home/albusgive2/rlfw/rlfw_deploy/install/mujoco_mapping/share/mujoco_mapping/package.bash'
[0.456s] INFO:colcon.colcon_core.shell:Creating package script '/home/albusgive2/rlfw/rlfw_deploy/install/mujoco_mapping/share/mujoco_mapping/package.zsh'
[0.456s] Level 1:colcon.colcon_core.environment:create_file_with_runtime_dependencies(/home/albusgive2/rlfw/rlfw_deploy/install/mujoco_mapping/share/colcon-core/packages/mujoco_mapping)
[0.457s] Level 1:colcon.colcon_core.environment:create_environment_scripts_only(nz-imu)
[0.457s] Level 1:colcon.colcon_core.environment:checking '/home/albusgive2/rlfw/rlfw_deploy/install/nz-imu' for CMake module files
[0.457s] DEBUG:colcon.colcon_core.event_handler.log_command:Invoked command in '/home/albusgive2/rlfw/rlfw_deploy/build/nz-imu' returned '0': CMAKE_PREFIX_PATH=${CMAKE_PREFIX_PATH}:/opt/ros/humble /usr/bin/cmake --install /home/albusgive2/rlfw/rlfw_deploy/build/nz-imu
[0.458s] Level 1:colcon.colcon_core.environment:checking '/home/albusgive2/rlfw/rlfw_deploy/install/nz-imu' for CMake config files
[0.458s] Level 1:colcon.colcon_core.shell:create_environment_hook('nz-imu', 'cmake_prefix_path')
[0.459s] INFO:colcon.colcon_core.shell:Creating environment hook '/home/albusgive2/rlfw/rlfw_deploy/install/nz-imu/share/nz-imu/hook/cmake_prefix_path.ps1'
[0.459s] INFO:colcon.colcon_core.shell:Creating environment descriptor '/home/albusgive2/rlfw/rlfw_deploy/install/nz-imu/share/nz-imu/hook/cmake_prefix_path.dsv'
[0.459s] INFO:colcon.colcon_core.shell:Creating environment hook '/home/albusgive2/rlfw/rlfw_deploy/install/nz-imu/share/nz-imu/hook/cmake_prefix_path.sh'
[0.459s] Level 1:colcon.colcon_core.environment:checking '/home/albusgive2/rlfw/rlfw_deploy/install/nz-imu/lib'
[0.459s] Level 1:colcon.colcon_core.environment:checking '/home/albusgive2/rlfw/rlfw_deploy/install/nz-imu/bin'
[0.459s] Level 1:colcon.colcon_core.environment:checking '/home/albusgive2/rlfw/rlfw_deploy/install/nz-imu/lib/pkgconfig/nz-imu.pc'
[0.460s] Level 1:colcon.colcon_core.environment:checking '/home/albusgive2/rlfw/rlfw_deploy/install/nz-imu/lib/python3.10/site-packages'
[0.460s] Level 1:colcon.colcon_core.environment:checking '/home/albusgive2/rlfw/rlfw_deploy/install/nz-imu/bin'
[0.460s] INFO:colcon.colcon_core.shell:Creating package script '/home/albusgive2/rlfw/rlfw_deploy/install/nz-imu/share/nz-imu/package.ps1'
[0.460s] INFO:colcon.colcon_core.shell:Creating package descriptor '/home/albusgive2/rlfw/rlfw_deploy/install/nz-imu/share/nz-imu/package.dsv'
[0.460s] INFO:colcon.colcon_core.shell:Creating package script '/home/albusgive2/rlfw/rlfw_deploy/install/nz-imu/share/nz-imu/package.sh'
[0.461s] INFO:colcon.colcon_core.shell:Creating package script '/home/albusgive2/rlfw/rlfw_deploy/install/nz-imu/share/nz-imu/package.bash'
[0.461s] INFO:colcon.colcon_core.shell:Creating package script '/home/albusgive2/rlfw/rlfw_deploy/install/nz-imu/share/nz-imu/package.zsh'
[0.461s] Level 1:colcon.colcon_core.environment:create_file_with_runtime_dependencies(/home/albusgive2/rlfw/rlfw_deploy/install/nz-imu/share/colcon-core/packages/nz-imu)
[0.461s] Level 1:colcon.colcon_core.environment:create_environment_scripts_only(nz-imu)
[0.461s] Level 1:colcon.colcon_core.environment:checking '/home/albusgive2/rlfw/rlfw_deploy/install/nz-imu' for CMake module files
[0.462s] Level 1:colcon.colcon_core.environment:checking '/home/albusgive2/rlfw/rlfw_deploy/install/nz-imu' for CMake config files
[0.462s] Level 1:colcon.colcon_core.shell:create_environment_hook('nz-imu', 'cmake_prefix_path')
[0.462s] INFO:colcon.colcon_core.shell:Creating environment hook '/home/albusgive2/rlfw/rlfw_deploy/install/nz-imu/share/nz-imu/hook/cmake_prefix_path.ps1'
[0.462s] INFO:colcon.colcon_core.shell:Creating environment descriptor '/home/albusgive2/rlfw/rlfw_deploy/install/nz-imu/share/nz-imu/hook/cmake_prefix_path.dsv'
[0.462s] INFO:colcon.colcon_core.shell:Creating environment hook '/home/albusgive2/rlfw/rlfw_deploy/install/nz-imu/share/nz-imu/hook/cmake_prefix_path.sh'
[0.463s] Level 1:colcon.colcon_core.environment:checking '/home/albusgive2/rlfw/rlfw_deploy/install/nz-imu/lib'
[0.463s] Level 1:colcon.colcon_core.environment:checking '/home/albusgive2/rlfw/rlfw_deploy/install/nz-imu/bin'
[0.463s] Level 1:colcon.colcon_core.environment:checking '/home/albusgive2/rlfw/rlfw_deploy/install/nz-imu/lib/pkgconfig/nz-imu.pc'
[0.463s] Level 1:colcon.colcon_core.environment:checking '/home/albusgive2/rlfw/rlfw_deploy/install/nz-imu/lib/python3.10/site-packages'
[0.463s] Level 1:colcon.colcon_core.environment:checking '/home/albusgive2/rlfw/rlfw_deploy/install/nz-imu/bin'
[0.463s] INFO:colcon.colcon_core.shell:Creating package script '/home/albusgive2/rlfw/rlfw_deploy/install/nz-imu/share/nz-imu/package.ps1'
[0.463s] INFO:colcon.colcon_core.shell:Creating package descriptor '/home/albusgive2/rlfw/rlfw_deploy/install/nz-imu/share/nz-imu/package.dsv'
[0.464s] INFO:colcon.colcon_core.shell:Creating package script '/home/albusgive2/rlfw/rlfw_deploy/install/nz-imu/share/nz-imu/package.sh'
[0.464s] INFO:colcon.colcon_core.shell:Creating package script '/home/albusgive2/rlfw/rlfw_deploy/install/nz-imu/share/nz-imu/package.bash'
[0.464s] INFO:colcon.colcon_core.shell:Creating package script '/home/albusgive2/rlfw/rlfw_deploy/install/nz-imu/share/nz-imu/package.zsh'
[0.464s] Level 1:colcon.colcon_core.environment:create_file_with_runtime_dependencies(/home/albusgive2/rlfw/rlfw_deploy/install/nz-imu/share/colcon-core/packages/nz-imu)
[0.504s] DEBUG:colcon.colcon_core.event_handler.log_command:Invoked command in '/home/albusgive2/rlfw/rlfw_deploy/build/agent' returned '0': CMAKE_PREFIX_PATH=${CMAKE_PREFIX_PATH}:/opt/ros/humble /usr/bin/cmake --build /home/albusgive2/rlfw/rlfw_deploy/build/agent -- -j12 -l12
[0.505s] DEBUG:colcon.colcon_core.event_handler.log_command:Invoking command in '/home/albusgive2/rlfw/rlfw_deploy/build/agent': CMAKE_PREFIX_PATH=${CMAKE_PREFIX_PATH}:/opt/ros/humble /usr/bin/cmake --install /home/albusgive2/rlfw/rlfw_deploy/build/agent
[0.514s] Level 1:colcon.colcon_core.environment:create_environment_scripts_only(agent)
[0.514s] Level 1:colcon.colcon_core.environment:checking '/home/albusgive2/rlfw/rlfw_deploy/install/agent' for CMake module files
[0.514s] DEBUG:colcon.colcon_core.event_handler.log_command:Invoked command in '/home/albusgive2/rlfw/rlfw_deploy/build/agent' returned '0': CMAKE_PREFIX_PATH=${CMAKE_PREFIX_PATH}:/opt/ros/humble /usr/bin/cmake --install /home/albusgive2/rlfw/rlfw_deploy/build/agent
[0.515s] Level 1:colcon.colcon_core.environment:checking '/home/albusgive2/rlfw/rlfw_deploy/install/agent' for CMake config files
[0.515s] Level 1:colcon.colcon_core.shell:create_environment_hook('agent', 'cmake_prefix_path')
[0.515s] INFO:colcon.colcon_core.shell:Creating environment hook '/home/albusgive2/rlfw/rlfw_deploy/install/agent/share/agent/hook/cmake_prefix_path.ps1'
[0.516s] INFO:colcon.colcon_core.shell:Creating environment descriptor '/home/albusgive2/rlfw/rlfw_deploy/install/agent/share/agent/hook/cmake_prefix_path.dsv'
[0.516s] INFO:colcon.colcon_core.shell:Creating environment hook '/home/albusgive2/rlfw/rlfw_deploy/install/agent/share/agent/hook/cmake_prefix_path.sh'
[0.516s] Level 1:colcon.colcon_core.environment:checking '/home/albusgive2/rlfw/rlfw_deploy/install/agent/lib'
[0.516s] Level 1:colcon.colcon_core.environment:checking '/home/albusgive2/rlfw/rlfw_deploy/install/agent/bin'
[0.516s] Level 1:colcon.colcon_core.environment:checking '/home/albusgive2/rlfw/rlfw_deploy/install/agent/lib/pkgconfig/agent.pc'
[0.517s] Level 1:colcon.colcon_core.environment:checking '/home/albusgive2/rlfw/rlfw_deploy/install/agent/lib/python3.10/site-packages'
[0.517s] Level 1:colcon.colcon_core.environment:checking '/home/albusgive2/rlfw/rlfw_deploy/install/agent/bin'
[0.517s] INFO:colcon.colcon_core.shell:Creating package script '/home/albusgive2/rlfw/rlfw_deploy/install/agent/share/agent/package.ps1'
[0.517s] INFO:colcon.colcon_core.shell:Creating package descriptor '/home/albusgive2/rlfw/rlfw_deploy/install/agent/share/agent/package.dsv'
[0.518s] INFO:colcon.colcon_core.shell:Creating package script '/home/albusgive2/rlfw/rlfw_deploy/install/agent/share/agent/package.sh'
[0.518s] INFO:colcon.colcon_core.shell:Creating package script '/home/albusgive2/rlfw/rlfw_deploy/install/agent/share/agent/package.bash'
[0.518s] INFO:colcon.colcon_core.shell:Creating package script '/home/albusgive2/rlfw/rlfw_deploy/install/agent/share/agent/package.zsh'
[0.519s] Level 1:colcon.colcon_core.environment:create_file_with_runtime_dependencies(/home/albusgive2/rlfw/rlfw_deploy/install/agent/share/colcon-core/packages/agent)
[0.519s] Level 1:colcon.colcon_core.environment:create_environment_scripts_only(agent)
[0.519s] Level 1:colcon.colcon_core.environment:checking '/home/albusgive2/rlfw/rlfw_deploy/install/agent' for CMake module files
[0.520s] Level 1:colcon.colcon_core.environment:checking '/home/albusgive2/rlfw/rlfw_deploy/install/agent' for CMake config files
[0.520s] Level 1:colcon.colcon_core.shell:create_environment_hook('agent', 'cmake_prefix_path')
[0.520s] INFO:colcon.colcon_core.shell:Creating environment hook '/home/albusgive2/rlfw/rlfw_deploy/install/agent/share/agent/hook/cmake_prefix_path.ps1'
[0.520s] INFO:colcon.colcon_core.shell:Creating environment descriptor '/home/albusgive2/rlfw/rlfw_deploy/install/agent/share/agent/hook/cmake_prefix_path.dsv'
[0.520s] INFO:colcon.colcon_core.shell:Creating environment hook '/home/albusgive2/rlfw/rlfw_deploy/install/agent/share/agent/hook/cmake_prefix_path.sh'
[0.521s] Level 1:colcon.colcon_core.environment:checking '/home/albusgive2/rlfw/rlfw_deploy/install/agent/lib'
[0.521s] Level 1:colcon.colcon_core.environment:checking '/home/albusgive2/rlfw/rlfw_deploy/install/agent/bin'
[0.521s] Level 1:colcon.colcon_core.environment:checking '/home/albusgive2/rlfw/rlfw_deploy/install/agent/lib/pkgconfig/agent.pc'
[0.521s] Level 1:colcon.colcon_core.environment:checking '/home/albusgive2/rlfw/rlfw_deploy/install/agent/lib/python3.10/site-packages'
[0.521s] Level 1:colcon.colcon_core.environment:checking '/home/albusgive2/rlfw/rlfw_deploy/install/agent/bin'
[0.522s] INFO:colcon.colcon_core.shell:Creating package script '/home/albusgive2/rlfw/rlfw_deploy/install/agent/share/agent/package.ps1'
[0.522s] INFO:colcon.colcon_core.shell:Creating package descriptor '/home/albusgive2/rlfw/rlfw_deploy/install/agent/share/agent/package.dsv'
[0.523s] INFO:colcon.colcon_core.shell:Creating package script '/home/albusgive2/rlfw/rlfw_deploy/install/agent/share/agent/package.sh'
[0.523s] INFO:colcon.colcon_core.shell:Creating package script '/home/albusgive2/rlfw/rlfw_deploy/install/agent/share/agent/package.bash'
[0.523s] INFO:colcon.colcon_core.shell:Creating package script '/home/albusgive2/rlfw/rlfw_deploy/install/agent/share/agent/package.zsh'
[0.524s] Level 1:colcon.colcon_core.environment:create_file_with_runtime_dependencies(/home/albusgive2/rlfw/rlfw_deploy/install/agent/share/colcon-core/packages/agent)
[6.327s] DEBUG:colcon.colcon_core.event_handler.log_command:Invoked command in '/home/albusgive2/rlfw/rlfw_deploy/build/CommunicationCenter' returned '2': CMAKE_PREFIX_PATH=${CMAKE_PREFIX_PATH}:/opt/ros/humble /usr/bin/cmake --build /home/albusgive2/rlfw/rlfw_deploy/build/CommunicationCenter -- -j12 -l12
[6.328s] Level 1:colcon.colcon_core.environment:create_environment_scripts_only(CommunicationCenter)
[6.328s] Level 1:colcon.colcon_core.environment:checking '/home/albusgive2/rlfw/rlfw_deploy/install/CommunicationCenter' for CMake module files
[6.329s] Level 1:colcon.colcon_core.environment:checking '/home/albusgive2/rlfw/rlfw_deploy/install/CommunicationCenter' for CMake config files
[6.330s] Level 1:colcon.colcon_core.shell:create_environment_hook('CommunicationCenter', 'cmake_prefix_path')
[6.330s] INFO:colcon.colcon_core.shell:Creating environment hook '/home/albusgive2/rlfw/rlfw_deploy/install/CommunicationCenter/share/CommunicationCenter/hook/cmake_prefix_path.ps1'
[6.330s] INFO:colcon.colcon_core.shell:Creating environment descriptor '/home/albusgive2/rlfw/rlfw_deploy/install/CommunicationCenter/share/CommunicationCenter/hook/cmake_prefix_path.dsv'
[6.331s] INFO:colcon.colcon_core.shell:Creating environment hook '/home/albusgive2/rlfw/rlfw_deploy/install/CommunicationCenter/share/CommunicationCenter/hook/cmake_prefix_path.sh'
[6.331s] Level 1:colcon.colcon_core.environment:checking '/home/albusgive2/rlfw/rlfw_deploy/install/CommunicationCenter/lib'
[6.331s] Level 1:colcon.colcon_core.environment:checking '/home/albusgive2/rlfw/rlfw_deploy/install/CommunicationCenter/bin'
[6.331s] Level 1:colcon.colcon_core.environment:checking '/home/albusgive2/rlfw/rlfw_deploy/install/CommunicationCenter/lib/pkgconfig/CommunicationCenter.pc'
[6.332s] Level 1:colcon.colcon_core.environment:checking '/home/albusgive2/rlfw/rlfw_deploy/install/CommunicationCenter/lib/python3.10/site-packages'
[6.332s] Level 1:colcon.colcon_core.environment:checking '/home/albusgive2/rlfw/rlfw_deploy/install/CommunicationCenter/bin'
[6.332s] INFO:colcon.colcon_core.shell:Creating package script '/home/albusgive2/rlfw/rlfw_deploy/install/CommunicationCenter/share/CommunicationCenter/package.ps1'
[6.333s] INFO:colcon.colcon_core.shell:Creating package descriptor '/home/albusgive2/rlfw/rlfw_deploy/install/CommunicationCenter/share/CommunicationCenter/package.dsv'
[6.333s] INFO:colcon.colcon_core.shell:Creating package script '/home/albusgive2/rlfw/rlfw_deploy/install/CommunicationCenter/share/CommunicationCenter/package.sh'
[6.333s] INFO:colcon.colcon_core.shell:Creating package script '/home/albusgive2/rlfw/rlfw_deploy/install/CommunicationCenter/share/CommunicationCenter/package.bash'
[6.334s] INFO:colcon.colcon_core.shell:Creating package script '/home/albusgive2/rlfw/rlfw_deploy/install/CommunicationCenter/share/CommunicationCenter/package.zsh'
[6.334s] Level 1:colcon.colcon_core.environment:create_file_with_runtime_dependencies(/home/albusgive2/rlfw/rlfw_deploy/install/CommunicationCenter/share/colcon-core/packages/CommunicationCenter)
[6.344s] DEBUG:colcon.colcon_parallel_executor.executor.parallel:closing loop
[6.345s] DEBUG:colcon.colcon_parallel_executor.executor.parallel:loop closed
[6.345s] DEBUG:colcon.colcon_parallel_executor.executor.parallel:run_until_complete finished with '2'
[6.345s] DEBUG:colcon.colcon_core.event_reactor:joining thread
[6.351s] INFO:colcon.colcon_core.plugin_system:Skipping extension 'colcon_notification.desktop_notification.terminal_notifier': Not used on non-Darwin systems
[6.351s] INFO:colcon.colcon_core.plugin_system:Skipping extension 'colcon_notification.desktop_notification.win32': Not used on non-Windows systems
[6.351s] INFO:colcon.colcon_notification.desktop_notification:Sending desktop notification using 'notify2'
[6.360s] DEBUG:colcon.colcon_core.event_reactor:joined thread
[6.360s] INFO:colcon.colcon_core.shell:Creating prefix script '/home/albusgive2/rlfw/rlfw_deploy/install/local_setup.ps1'
[6.361s] INFO:colcon.colcon_core.shell:Creating prefix util module '/home/albusgive2/rlfw/rlfw_deploy/install/_local_setup_util_ps1.py'
[6.361s] INFO:colcon.colcon_core.shell:Creating prefix chain script '/home/albusgive2/rlfw/rlfw_deploy/install/setup.ps1'
[6.362s] INFO:colcon.colcon_core.shell:Creating prefix script '/home/albusgive2/rlfw/rlfw_deploy/install/local_setup.sh'
[6.363s] INFO:colcon.colcon_core.shell:Creating prefix util module '/home/albusgive2/rlfw/rlfw_deploy/install/_local_setup_util_sh.py'
[6.363s] INFO:colcon.colcon_core.shell:Creating prefix chain script '/home/albusgive2/rlfw/rlfw_deploy/install/setup.sh'
[6.364s] INFO:colcon.colcon_core.shell:Creating prefix script '/home/albusgive2/rlfw/rlfw_deploy/install/local_setup.bash'
[6.364s] INFO:colcon.colcon_core.shell:Creating prefix chain script '/home/albusgive2/rlfw/rlfw_deploy/install/setup.bash'
[6.365s] INFO:colcon.colcon_core.shell:Creating prefix script '/home/albusgive2/rlfw/rlfw_deploy/install/local_setup.zsh'
[6.366s] INFO:colcon.colcon_core.shell:Creating prefix chain script '/home/albusgive2/rlfw/rlfw_deploy/install/setup.zsh'
