[35m[1mConsolidate compiler generated dependencies of target mujoco_mapping[0m
[ 25%] [32mBuilding CXX object CMakeFiles/mujoco_mapping.dir/src/mujoco_base.cpp.o[0m
[ 50%] [32mBuilding CXX object CMakeFiles/mujoco_mapping.dir/src/main.cpp.o[0m
[ 75%] [32m[1mLinking CXX executable mujoco_mapping[0m
[100%] Built target mujoco_mapping
-- Install configuration: ""
-- Installing: /home/albusgive2/rlfw/rlfw_deploy/install/mujoco_mapping/lib/mujoco_mapping/mujoco_mapping
-- Set runtime path of "/home/albusgive2/rlfw/rlfw_deploy/install/mujoco_mapping/lib/mujoco_mapping/mujoco_mapping" to ""
-- Up-to-date: /home/albusgive2/rlfw/rlfw_deploy/install/mujoco_mapping/share/ament_index/resource_index/package_run_dependencies/mujoco_mapping
-- Up-to-date: /home/albusgive2/rlfw/rlfw_deploy/install/mujoco_mapping/share/ament_index/resource_index/parent_prefix_path/mujoco_mapping
-- Up-to-date: /home/albusgive2/rlfw/rlfw_deploy/install/mujoco_mapping/share/mujoco_mapping/environment/ament_prefix_path.sh
-- Up-to-date: /home/albusgive2/rlfw/rlfw_deploy/install/mujoco_mapping/share/mujoco_mapping/environment/ament_prefix_path.dsv
-- Up-to-date: /home/albusgive2/rlfw/rlfw_deploy/install/mujoco_mapping/share/mujoco_mapping/environment/path.sh
-- Up-to-date: /home/albusgive2/rlfw/rlfw_deploy/install/mujoco_mapping/share/mujoco_mapping/environment/path.dsv
-- Up-to-date: /home/albusgive2/rlfw/rlfw_deploy/install/mujoco_mapping/share/mujoco_mapping/local_setup.bash
-- Up-to-date: /home/albusgive2/rlfw/rlfw_deploy/install/mujoco_mapping/share/mujoco_mapping/local_setup.sh
-- Up-to-date: /home/albusgive2/rlfw/rlfw_deploy/install/mujoco_mapping/share/mujoco_mapping/local_setup.zsh
-- Up-to-date: /home/albusgive2/rlfw/rlfw_deploy/install/mujoco_mapping/share/mujoco_mapping/local_setup.dsv
-- Installing: /home/albusgive2/rlfw/rlfw_deploy/install/mujoco_mapping/share/mujoco_mapping/package.dsv
-- Up-to-date: /home/albusgive2/rlfw/rlfw_deploy/install/mujoco_mapping/share/ament_index/resource_index/packages/mujoco_mapping
-- Up-to-date: /home/albusgive2/rlfw/rlfw_deploy/install/mujoco_mapping/share/mujoco_mapping/cmake/mujoco_mappingConfig.cmake
-- Up-to-date: /home/albusgive2/rlfw/rlfw_deploy/install/mujoco_mapping/share/mujoco_mapping/cmake/mujoco_mappingConfig-version.cmake
-- Up-to-date: /home/albusgive2/rlfw/rlfw_deploy/install/mujoco_mapping/share/mujoco_mapping/package.xml
